../../../../STM32Cube_FW_N6/Drivers/STM32N6xx_HAL_Driver/Inc/stm32n6xx_ll_bus.h:1407:22:LL_AHB4_GRP1_EnableClock	8	static
C:/FD/stm32ai-modelzoo-services/application_code/face_detection/STM32N6/STM32Cube_FW_N6/Drivers/BSP/STM32N6570-DK/stm32n6570_discovery_xspi.c:1782:16:XSPI_NOR_EnterSOPIMode.constprop	32	static
C:/FD/stm32ai-modelzoo-services/application_code/face_detection/STM32N6/STM32Cube_FW_N6/Drivers/BSP/STM32N6570-DK/stm32n6570_discovery_xspi.c:1717:16:XSPI_NOR_EnterDOPIMode.constprop	24	static
C:/FD/stm32ai-modelzoo-services/application_code/face_detection/STM32N6/STM32Cube_FW_N6/Drivers/BSP/STM32N6570-DK/stm32n6570_discovery_xspi.c:338:26:MX_XSPI_NOR_Init	0	static
C:/FD/stm32ai-modelzoo-services/application_code/face_detection/STM32N6/STM32Cube_FW_N6/Drivers/BSP/STM32N6570-DK/stm32n6570_discovery_xspi.c:456:9:BSP_XSPI_NOR_Read	24	static
C:/FD/stm32ai-modelzoo-services/application_code/face_detection/STM32N6/STM32Cube_FW_N6/Drivers/BSP/STM32N6570-DK/stm32n6570_discovery_xspi.c:508:9:BSP_XSPI_NOR_Write	32	static
C:/FD/stm32ai-modelzoo-services/application_code/face_detection/STM32N6/STM32Cube_FW_N6/Drivers/BSP/STM32N6570-DK/stm32n6570_discovery_xspi.c:607:9:BSP_XSPI_NOR_Erase_Block	24	static
C:/FD/stm32ai-modelzoo-services/application_code/face_detection/STM32N6/STM32Cube_FW_N6/Drivers/BSP/STM32N6570-DK/stm32n6570_discovery_xspi.c:650:9:BSP_XSPI_NOR_Erase_Chip	8	static
C:/FD/stm32ai-modelzoo-services/application_code/face_detection/STM32N6/STM32Cube_FW_N6/Drivers/BSP/STM32N6570-DK/stm32n6570_discovery_xspi.c:692:9:BSP_XSPI_NOR_GetStatus	16	static
C:/FD/stm32ai-modelzoo-services/application_code/face_detection/STM32N6/STM32Cube_FW_N6/Drivers/BSP/STM32N6570-DK/stm32n6570_discovery_xspi.c:742:9:BSP_XSPI_NOR_GetInfo	8	static
C:/FD/stm32ai-modelzoo-services/application_code/face_detection/STM32N6/STM32Cube_FW_N6/Drivers/BSP/STM32N6570-DK/stm32n6570_discovery_xspi.c:765:9:BSP_XSPI_NOR_EnableMemoryMappedMode	8	static
C:/FD/stm32ai-modelzoo-services/application_code/face_detection/STM32N6/STM32Cube_FW_N6/Drivers/BSP/STM32N6570-DK/stm32n6570_discovery_xspi.c:817:9:BSP_XSPI_NOR_DisableMemoryMappedMode	8	static
C:/FD/stm32ai-modelzoo-services/application_code/face_detection/STM32N6/STM32Cube_FW_N6/Drivers/BSP/STM32N6570-DK/stm32n6570_discovery_xspi.c:282:9:BSP_XSPI_NOR_DeInit	16	static
C:/FD/stm32ai-modelzoo-services/application_code/face_detection/STM32N6/STM32Cube_FW_N6/Drivers/BSP/STM32N6570-DK/stm32n6570_discovery_xspi.c:853:9:BSP_XSPI_NOR_ReadID	8	static
C:/FD/stm32ai-modelzoo-services/application_code/face_detection/STM32N6/STM32Cube_FW_N6/Drivers/BSP/STM32N6570-DK/stm32n6570_discovery_xspi.c:885:9:BSP_XSPI_NOR_ConfigFlash	40	static
C:/FD/stm32ai-modelzoo-services/application_code/face_detection/STM32N6/STM32Cube_FW_N6/Drivers/BSP/STM32N6570-DK/stm32n6570_discovery_xspi.c:200:9:BSP_XSPI_NOR_Init	96	static,ignoring_inline_asm
C:/FD/stm32ai-modelzoo-services/application_code/face_detection/STM32N6/STM32Cube_FW_N6/Drivers/BSP/STM32N6570-DK/stm32n6570_discovery_xspi.c:967:9:BSP_XSPI_NOR_SuspendErase	8	static
C:/FD/stm32ai-modelzoo-services/application_code/face_detection/STM32N6/STM32Cube_FW_N6/Drivers/BSP/STM32N6570-DK/stm32n6570_discovery_xspi.c:1004:9:BSP_XSPI_NOR_ResumeErase	8	static
C:/FD/stm32ai-modelzoo-services/application_code/face_detection/STM32N6/STM32Cube_FW_N6/Drivers/BSP/STM32N6570-DK/stm32n6570_discovery_xspi.c:1046:9:BSP_XSPI_NOR_EnterDeepPowerDown	8	static
C:/FD/stm32ai-modelzoo-services/application_code/face_detection/STM32N6/STM32Cube_FW_N6/Drivers/BSP/STM32N6570-DK/stm32n6570_discovery_xspi.c:1076:9:BSP_XSPI_NOR_LeaveDeepPowerDown	8	static
C:/FD/stm32ai-modelzoo-services/application_code/face_detection/STM32N6/STM32Cube_FW_N6/Drivers/BSP/STM32N6570-DK/stm32n6570_discovery_xspi.c:1241:26:MX_XSPI_RAM_Init	16	static
C:/FD/stm32ai-modelzoo-services/application_code/face_detection/STM32N6/STM32Cube_FW_N6/Drivers/BSP/STM32N6570-DK/stm32n6570_discovery_xspi.c:1116:9:BSP_XSPI_RAM_Init	80	static
C:/FD/stm32ai-modelzoo-services/application_code/face_detection/STM32N6/STM32Cube_FW_N6/Drivers/BSP/STM32N6570-DK/stm32n6570_discovery_xspi.c:1358:9:BSP_XSPI_RAM_Read	24	static
C:/FD/stm32ai-modelzoo-services/application_code/face_detection/STM32N6/STM32Cube_FW_N6/Drivers/BSP/STM32N6570-DK/stm32n6570_discovery_xspi.c:1387:9:BSP_XSPI_RAM_Write	24	static
C:/FD/stm32ai-modelzoo-services/application_code/face_detection/STM32N6/STM32Cube_FW_N6/Drivers/BSP/STM32N6570-DK/stm32n6570_discovery_xspi.c:1413:9:BSP_XSPI_RAM_EnableMemoryMappedMode	16	static
C:/FD/stm32ai-modelzoo-services/application_code/face_detection/STM32N6/STM32Cube_FW_N6/Drivers/BSP/STM32N6570-DK/stm32n6570_discovery_xspi.c:1440:9:BSP_XSPI_RAM_DisableMemoryMappedMode	8	static
C:/FD/stm32ai-modelzoo-services/application_code/face_detection/STM32N6/STM32Cube_FW_N6/Drivers/BSP/STM32N6570-DK/stm32n6570_discovery_xspi.c:1184:9:BSP_XSPI_RAM_DeInit	16	static
C:/FD/stm32ai-modelzoo-services/application_code/face_detection/STM32N6/STM32Cube_FW_N6/Drivers/BSP/STM32N6570-DK/stm32n6570_discovery_xspi.c:1478:9:BSP_XSPI_RAM_ReadID	8	static
