C:/FD/stm32ai-modelzoo-services/application_code/face_detection/STM32N6/Middlewares/stm32-mw-camera/sensors/ov5640/ov5640.c:2180:16:OV5640_ReadRegWrap	4	static
C:/FD/stm32ai-modelzoo-services/application_code/face_detection/STM32N6/Middlewares/stm32-mw-camera/sensors/ov5640/ov5640.c:2195:16:OV5640_WriteRegWrap	4	static
C:/FD/stm32ai-modelzoo-services/application_code/face_detection/STM32N6/Middlewares/stm32-mw-camera/sensors/ov5640/ov5640.c:2162:16:OV5640_Delay.isra	16	static
C:/FD/stm32ai-modelzoo-services/application_code/face_detection/STM32N6/Middlewares/stm32-mw-camera/sensors/ov5640/ov5640.c:63:9:OV5640_RegisterBusIO	0	static
C:/FD/stm32ai-modelzoo-services/application_code/face_detection/STM32N6/Middlewares/stm32-mw-camera/sensors/ov5640/ov5640.c:448:9:OV5640_DeInit	0	static
C:/FD/stm32ai-modelzoo-services/application_code/face_detection/STM32N6/Middlewares/stm32-mw-camera/sensors/ov5640/ov5640.c:465:9:OV5640_SetPixelFormat	24	static
C:/FD/stm32ai-modelzoo-services/application_code/face_detection/STM32N6/Middlewares/stm32-mw-camera/sensors/ov5640/ov5640.c:672:9:OV5640_GetPixelFormat	0	static
C:/FD/stm32ai-modelzoo-services/application_code/face_detection/STM32N6/Middlewares/stm32-mw-camera/sensors/ov5640/ov5640.c:686:9:OV5640_SetResolution	24	static
C:/FD/stm32ai-modelzoo-services/application_code/face_detection/STM32N6/Middlewares/stm32-mw-camera/sensors/ov5640/ov5640.c:827:9:OV5640_GetResolution	32	static
C:/FD/stm32ai-modelzoo-services/application_code/face_detection/STM32N6/Middlewares/stm32-mw-camera/sensors/ov5640/ov5640.c:910:9:OV5640_SetPolarities	16	static
C:/FD/stm32ai-modelzoo-services/application_code/face_detection/STM32N6/Middlewares/stm32-mw-camera/sensors/ov5640/ov5640.c:943:9:OV5640_GetPolarities	32	static
C:/FD/stm32ai-modelzoo-services/application_code/face_detection/STM32N6/Middlewares/stm32-mw-camera/sensors/ov5640/ov5640.c:973:9:OV5640_ReadID	24	static
C:/FD/stm32ai-modelzoo-services/application_code/face_detection/STM32N6/Middlewares/stm32-mw-camera/sensors/ov5640/ov5640.c:1020:9:OV5640_GetCapabilities	0	static
C:/FD/stm32ai-modelzoo-services/application_code/face_detection/STM32N6/Middlewares/stm32-mw-camera/sensors/ov5640/ov5640.c:1053:9:OV5640_SetLightMode	24	static
C:/FD/stm32ai-modelzoo-services/application_code/face_detection/STM32N6/Middlewares/stm32-mw-camera/sensors/ov5640/ov5640.c:1216:9:OV5640_SetColorEffect	24	static
C:/FD/stm32ai-modelzoo-services/application_code/face_detection/STM32N6/Middlewares/stm32-mw-camera/sensors/ov5640/ov5640.c:1399:9:OV5640_SetBrightness	32	static
C:/FD/stm32ai-modelzoo-services/application_code/face_detection/STM32N6/Middlewares/stm32-mw-camera/sensors/ov5640/ov5640.c:1451:9:OV5640_SetSaturation	32	static
C:/FD/stm32ai-modelzoo-services/application_code/face_detection/STM32N6/Middlewares/stm32-mw-camera/sensors/ov5640/ov5640.c:1497:9:OV5640_SetContrast	32	static
C:/FD/stm32ai-modelzoo-services/application_code/face_detection/STM32N6/Middlewares/stm32-mw-camera/sensors/ov5640/ov5640.c:1540:9:OV5640_SetHueDegree	56	static
C:/FD/stm32ai-modelzoo-services/application_code/face_detection/STM32N6/Middlewares/stm32-mw-camera/sensors/ov5640/ov5640.c:1592:9:OV5640_MirrorFlipConfig	24	static
C:/FD/stm32ai-modelzoo-services/application_code/face_detection/STM32N6/Middlewares/stm32-mw-camera/sensors/ov5640/ov5640.c:1688:9:OV5640_ZoomConfig	24	static
C:/FD/stm32ai-modelzoo-services/application_code/face_detection/STM32N6/Middlewares/stm32-mw-camera/sensors/ov5640/ov5640.c:1752:9:OV5640_NightModeConfig	24	static
C:/FD/stm32ai-modelzoo-services/application_code/face_detection/STM32N6/Middlewares/stm32-mw-camera/sensors/ov5640/ov5640.c:1852:9:OV5640_EmbeddedSynchroConfig	24	static
C:/FD/stm32ai-modelzoo-services/application_code/face_detection/STM32N6/Middlewares/stm32-mw-camera/sensors/ov5640/ov5640.c:1909:9:OV5640_ColorbarModeConfig	24	static
C:/FD/stm32ai-modelzoo-services/application_code/face_detection/STM32N6/Middlewares/stm32-mw-camera/sensors/ov5640/ov5640.c:1952:9:OV5640_SetPCLK	24	static
C:/FD/stm32ai-modelzoo-services/application_code/face_detection/STM32N6/Middlewares/stm32-mw-camera/sensors/ov5640/ov5640.c:2011:5:OV5640_EnableDVPMode	24	static
C:/FD/stm32ai-modelzoo-services/application_code/face_detection/STM32N6/Middlewares/stm32-mw-camera/sensors/ov5640/ov5640.c:2053:9:OV5640_EnableMIPIMode	24	static
C:/FD/stm32ai-modelzoo-services/application_code/face_detection/STM32N6/Middlewares/stm32-mw-camera/sensors/ov5640/ov5640.c:2099:9:OV5640_SetMIPIVirtualChannel	24	static
C:/FD/stm32ai-modelzoo-services/application_code/face_detection/STM32N6/Middlewares/stm32-mw-camera/sensors/ov5640/ov5640.c:104:9:OV5640_Init	40	static
C:/FD/stm32ai-modelzoo-services/application_code/face_detection/STM32N6/Middlewares/stm32-mw-camera/sensors/ov5640/ov5640.c:2126:9:OV5640_Start	16	static
C:/FD/stm32ai-modelzoo-services/application_code/face_detection/STM32N6/Middlewares/stm32-mw-camera/sensors/ov5640/ov5640.c:2139:9:OV5640_Stop	16	static
