C:/FD/stm32ai-modelzoo-services/application_code/face_detection/STM32N6/Middlewares/stm32-mw-camera/sensors/vd1943/vd1943.c:238:13:VD1943_log_impl	16	static
C:/FD/stm32ai-modelzoo-services/application_code/face_detection/STM32N6/Middlewares/stm32-mw-camera/sensors/vd1943/vd1943.c:276:12:VD1943_PollReg8	40	static
C:/FD/stm32ai-modelzoo-services/application_code/face_detection/STM32N6/Middlewares/stm32-mw-camera/sensors/vd1943/vd1943.c:266:13:display_error	24	static
C:/FD/stm32ai-modelzoo-services/application_code/face_detection/STM32N6/Middlewares/stm32-mw-camera/sensors/vd1943/vd1943.c:1023:12:VD1943_ComputeFrameLength	56	static
C:/FD/stm32ai-modelzoo-services/application_code/face_detection/STM32N6/Middlewares/stm32-mw-camera/sensors/vd1943/vd1943.c:523:12:VD1943_GetExpoCommon	40	static
C:/FD/stm32ai-modelzoo-services/application_code/face_detection/STM32N6/Middlewares/stm32-mw-camera/sensors/vd1943/vd1943.c:566:12:VD1943_GetExpo_GS	0	static
C:/FD/stm32ai-modelzoo-services/application_code/face_detection/STM32N6/Middlewares/stm32-mw-camera/sensors/vd1943/vd1943.c:571:12:VD1943_SetExpo_RS	32	static
C:/FD/stm32ai-modelzoo-services/application_code/face_detection/STM32N6/Middlewares/stm32-mw-camera/sensors/vd1943/vd1943.c:590:12:VD1943_SetExpo_RS_HDR	32	static
C:/FD/stm32ai-modelzoo-services/application_code/face_detection/STM32N6/Middlewares/stm32-mw-camera/sensors/vd1943/vd1943.c:499:12:VD1943_SetDigitalGain_IR	32	static
C:/FD/stm32ai-modelzoo-services/application_code/face_detection/STM32N6/Middlewares/stm32-mw-camera/sensors/vd1943/vd1943.c:485:12:VD1943_SetDigitalGain_RGB	32	static
C:/FD/stm32ai-modelzoo-services/application_code/face_detection/STM32N6/Middlewares/stm32-mw-camera/sensors/vd1943/vd1943.c:509:12:VD1943_SetDigitalGain_RGBNIR	16	static
C:/FD/stm32ai-modelzoo-services/application_code/face_detection/STM32N6/Middlewares/stm32-mw-camera/sensors/vd1943/vd1943.c:549:12:VD1943_SetExpoSplit_GS	32	static
C:/FD/stm32ai-modelzoo-services/application_code/face_detection/STM32N6/Middlewares/stm32-mw-camera/sensors/vd1943/vd1943.c:535:12:VD1943_SetExpo_GS	32	static
C:/FD/stm32ai-modelzoo-services/application_code/face_detection/STM32N6/Middlewares/stm32-mw-camera/sensors/vd1943/vd1943.c:310:12:VD1943_ApplyCmdAndWait	32	static
C:/FD/stm32ai-modelzoo-services/application_code/face_detection/STM32N6/Middlewares/stm32-mw-camera/sensors/vd1943/vd1943.c:298:12:VD1943_WaitState	24	static
C:/FD/stm32ai-modelzoo-services/application_code/face_detection/STM32N6/Middlewares/stm32-mw-camera/sensors/vd1943/vd1943.c:585:12:VD1943_GetExpo_RS	0	static
C:/FD/stm32ai-modelzoo-services/application_code/face_detection/STM32N6/Middlewares/stm32-mw-camera/sensors/vd1943/vd1943.c:1112:5:VD1943_GetExposureRange	16	static
C:/FD/stm32ai-modelzoo-services/application_code/face_detection/STM32N6/Middlewares/stm32-mw-camera/sensors/vd1943/vd1943.c:1477:5:VD1943_Init	48	static
C:/FD/stm32ai-modelzoo-services/application_code/face_detection/STM32N6/Middlewares/stm32-mw-camera/sensors/vd1943/vd1943.c:1507:5:VD1943_DeInit	8	static
C:/FD/stm32ai-modelzoo-services/application_code/face_detection/STM32N6/Middlewares/stm32-mw-camera/sensors/vd1943/vd1943.c:1627:5:VD1943_Stop	16	static
C:/FD/stm32ai-modelzoo-services/application_code/face_detection/STM32N6/Middlewares/stm32-mw-camera/sensors/vd1943/vd1943.c:1643:5:VD1943_Hold	32	static
C:/FD/stm32ai-modelzoo-services/application_code/face_detection/STM32N6/Middlewares/stm32-mw-camera/sensors/vd1943/vd1943.c:1654:5:VD1943_SetAnalogGain	32	static
C:/FD/stm32ai-modelzoo-services/application_code/face_detection/STM32N6/Middlewares/stm32-mw-camera/sensors/vd1943/vd1943.c:1667:5:VD1943_GetAnalogGain	40	static
C:/FD/stm32ai-modelzoo-services/application_code/face_detection/STM32N6/Middlewares/stm32-mw-camera/sensors/vd1943/vd1943.c:1679:5:VD1943_SetDigitalGain	16	static
C:/FD/stm32ai-modelzoo-services/application_code/face_detection/STM32N6/Middlewares/stm32-mw-camera/sensors/vd1943/vd1943.c:1696:5:VD1943_GetDigitalGain	0	static
C:/FD/stm32ai-modelzoo-services/application_code/face_detection/STM32N6/Middlewares/stm32-mw-camera/sensors/vd1943/vd1943.c:1701:5:VD1943_SetExpo	8	static
C:/FD/stm32ai-modelzoo-services/application_code/face_detection/STM32N6/Middlewares/stm32-mw-camera/sensors/vd1943/vd1943.c:1709:5:VD1943_GetExpo	8	static
C:/FD/stm32ai-modelzoo-services/application_code/face_detection/STM32N6/Middlewares/stm32-mw-camera/sensors/vd1943/vd1943.c:1717:5:VD1943_GetPixelDepth	0	static
C:/FD/stm32ai-modelzoo-services/application_code/face_detection/STM32N6/Middlewares/stm32-mw-camera/sensors/vd1943/vd1943.c:1603:5:VD1943_Start	56	static
