C:/FD/stm32ai-modelzoo-services/application_code/face_detection/STM32N6/Middlewares/stm32-mw-camera/sensors/vd55g1/vd55g1.c:543:17:VD55G1_GetPixelClock	16	static
C:/FD/stm32ai-modelzoo-services/application_code/face_detection/STM32N6/Middlewares/stm32-mw-camera/sensors/vd55g1/vd55g1.c:239:13:VD55G1_log_impl	16	static
C:/FD/stm32ai-modelzoo-services/application_code/face_detection/STM32N6/Middlewares/stm32-mw-camera/sensors/vd55g1/vd55g1.c:303:12:VD55G1_PollReg8	40	static
C:/FD/stm32ai-modelzoo-services/application_code/face_detection/STM32N6/Middlewares/stm32-mw-camera/sensors/vd55g1/vd55g1.c:337:12:VD55G1_WaitState	24	static
C:/FD/stm32ai-modelzoo-services/application_code/face_detection/STM32N6/Middlewares/stm32-mw-camera/sensors/vd55g1/vd55g1.c:267:13:display_error	24	static
C:/FD/stm32ai-modelzoo-services/application_code/face_detection/STM32N6/Middlewares/stm32-mw-camera/sensors/vd55g1/vd55g1.c:684:12:VD55G1_ComputeFrameLength	56	static
C:/FD/stm32ai-modelzoo-services/application_code/face_detection/STM32N6/Middlewares/stm32-mw-camera/sensors/vd55g1/vd55g1.c:731:12:VD55G1_SetManualExpoGains	32	static
C:/FD/stm32ai-modelzoo-services/application_code/face_detection/STM32N6/Middlewares/stm32-mw-camera/sensors/vd55g1/vd55g1.c:858:12:VD55G1_SetFlicker	32	static
C:/FD/stm32ai-modelzoo-services/application_code/face_detection/STM32N6/Middlewares/stm32-mw-camera/sensors/vd55g1/vd55g1.c:939:12:VD55G1_StopStreaming	32	static
C:/FD/stm32ai-modelzoo-services/application_code/face_detection/STM32N6/Middlewares/stm32-mw-camera/sensors/vd55g1/vd55g1.c:290:12:VD55G1_Copy16	40	static
C:/FD/stm32ai-modelzoo-services/application_code/face_detection/STM32N6/Middlewares/stm32-mw-camera/sensors/vd55g1/vd55g1.c:277:12:VD55G1_Copy8	40	static
C:/FD/stm32ai-modelzoo-services/application_code/face_detection/STM32N6/Middlewares/stm32-mw-camera/sensors/vd55g1/vd55g1.c:583:12:VD55G1_GetLineTimeInUs	40	static
C:/FD/stm32ai-modelzoo-services/application_code/face_detection/STM32N6/Middlewares/stm32-mw-camera/sensors/vd55g1/vd55g1.c:349:12:VD55G1_SetBayerType	40	static
C:/FD/stm32ai-modelzoo-services/application_code/face_detection/STM32N6/Middlewares/stm32-mw-camera/sensors/vd55g1/vd55g1.c:1110:5:VD55G1_Init	48	static
C:/FD/stm32ai-modelzoo-services/application_code/face_detection/STM32N6/Middlewares/stm32-mw-camera/sensors/vd55g1/vd55g1.c:1158:5:VD55G1_DeInit	8	static
C:/FD/stm32ai-modelzoo-services/application_code/face_detection/STM32N6/Middlewares/stm32-mw-camera/sensors/vd55g1/vd55g1.c:1171:5:VD55G1_Start	40	static
C:/FD/stm32ai-modelzoo-services/application_code/face_detection/STM32N6/Middlewares/stm32-mw-camera/sensors/vd55g1/vd55g1.c:1188:5:VD55G1_Stop	8	static
C:/FD/stm32ai-modelzoo-services/application_code/face_detection/STM32N6/Middlewares/stm32-mw-camera/sensors/vd55g1/vd55g1.c:1201:5:VD55G1_StartAutoWakeUp	48	static
C:/FD/stm32ai-modelzoo-services/application_code/face_detection/STM32N6/Middlewares/stm32-mw-camera/sensors/vd55g1/vd55g1.c:1223:5:VD55G1_SetFlipMirrorMode	24	static
C:/FD/stm32ai-modelzoo-services/application_code/face_detection/STM32N6/Middlewares/stm32-mw-camera/sensors/vd55g1/vd55g1.c:1253:5:VD55G1_GetBrightnessLevel	40	static
C:/FD/stm32ai-modelzoo-services/application_code/face_detection/STM32N6/Middlewares/stm32-mw-camera/sensors/vd55g1/vd55g1.c:1265:5:VD55G1_SetBrightnessLevel	32	static
C:/FD/stm32ai-modelzoo-services/application_code/face_detection/STM32N6/Middlewares/stm32-mw-camera/sensors/vd55g1/vd55g1.c:1279:5:VD55G1_SetFlickerMode	16	static
C:/FD/stm32ai-modelzoo-services/application_code/face_detection/STM32N6/Middlewares/stm32-mw-camera/sensors/vd55g1/vd55g1.c:1293:5:VD55G1_SetExposureMode	32	static
C:/FD/stm32ai-modelzoo-services/application_code/face_detection/STM32N6/Middlewares/stm32-mw-camera/sensors/vd55g1/vd55g1.c:1314:5:VD55G1_SetAnalogGain	32	static
C:/FD/stm32ai-modelzoo-services/application_code/face_detection/STM32N6/Middlewares/stm32-mw-camera/sensors/vd55g1/vd55g1.c:1330:5:VD55G1_SetDigitalGain	32	static
C:/FD/stm32ai-modelzoo-services/application_code/face_detection/STM32N6/Middlewares/stm32-mw-camera/sensors/vd55g1/vd55g1.c:1352:5:VD55G1_GetExposureRegRange	48	static
C:/FD/stm32ai-modelzoo-services/application_code/face_detection/STM32N6/Middlewares/stm32-mw-camera/sensors/vd55g1/vd55g1.c:1381:5:VD55G1_SetExposureTime	48	static
