C:/FD/stm32ai-modelzoo-services/application_code/face_detection/STM32N6/Middlewares/stm32-mw-camera/sensors/vd6g/vd6g.c:289:13:VD6G_error	20	static
C:/FD/stm32ai-modelzoo-services/application_code/face_detection/STM32N6/Middlewares/stm32-mw-camera/sensors/vd6g/vd6g.c:265:13:VD6G_notice	20	static
C:/FD/stm32ai-modelzoo-services/application_code/face_detection/STM32N6/Middlewares/stm32-mw-camera/sensors/vd6g/vd6g.c:301:13:display_error	16	static
C:/FD/stm32ai-modelzoo-services/application_code/face_detection/STM32N6/Middlewares/stm32-mw-camera/sensors/vd6g/vd6g.c:311:12:VD6G_PollReg8	40	static
C:/FD/stm32ai-modelzoo-services/application_code/face_detection/STM32N6/Middlewares/stm32-mw-camera/sensors/vd6g/vd6g.c:606:12:VD6G_SetExposureModeInternal	24	static
C:/FD/stm32ai-modelzoo-services/application_code/face_detection/STM32N6/Middlewares/stm32-mw-camera/sensors/vd6g/vd6g.c:933:12:VD6G_SetFlicker	24	static
C:/FD/stm32ai-modelzoo-services/application_code/face_detection/STM32N6/Middlewares/stm32-mw-camera/sensors/vd6g/vd6g.c:330:12:VD6G_GetLineTimeInNs	32	static
C:/FD/stm32ai-modelzoo-services/application_code/face_detection/STM32N6/Middlewares/stm32-mw-camera/sensors/vd6g/vd6g.c:277:13:VD6G_warn.constprop	20	static
C:/FD/stm32ai-modelzoo-services/application_code/face_detection/STM32N6/Middlewares/stm32-mw-camera/sensors/vd6g/vd6g.c:253:13:VD6G_dbg.constprop	16	static
C:/FD/stm32ai-modelzoo-services/application_code/face_detection/STM32N6/Middlewares/stm32-mw-camera/sensors/vd6g/vd6g.c:367:12:VD6G_GetTopDie	32	static
C:/FD/stm32ai-modelzoo-services/application_code/face_detection/STM32N6/Middlewares/stm32-mw-camera/sensors/vd6g/vd6g.c:355:12:VD6G_WaitState	16	static
C:/FD/stm32ai-modelzoo-services/application_code/face_detection/STM32N6/Middlewares/stm32-mw-camera/sensors/vd6g/vd6g.c:1051:5:VD6G_Init	64	static
C:/FD/stm32ai-modelzoo-services/application_code/face_detection/STM32N6/Middlewares/stm32-mw-camera/sensors/vd6g/vd6g.c:1102:5:VD6G_DeInit	16	static
C:/FD/stm32ai-modelzoo-services/application_code/face_detection/STM32N6/Middlewares/stm32-mw-camera/sensors/vd6g/vd6g.c:1115:5:VD6G_Start	24	static
C:/FD/stm32ai-modelzoo-services/application_code/face_detection/STM32N6/Middlewares/stm32-mw-camera/sensors/vd6g/vd6g.c:1132:5:VD6G_Stop	24	static
C:/FD/stm32ai-modelzoo-services/application_code/face_detection/STM32N6/Middlewares/stm32-mw-camera/sensors/vd6g/vd6g.c:1145:5:VD6G_SetFlipMirrorMode	32	static
C:/FD/stm32ai-modelzoo-services/application_code/face_detection/STM32N6/Middlewares/stm32-mw-camera/sensors/vd6g/vd6g.c:1172:5:VD6G_GetBrightnessLevel	32	static
C:/FD/stm32ai-modelzoo-services/application_code/face_detection/STM32N6/Middlewares/stm32-mw-camera/sensors/vd6g/vd6g.c:1184:5:VD6G_SetBrightnessLevel	24	static
C:/FD/stm32ai-modelzoo-services/application_code/face_detection/STM32N6/Middlewares/stm32-mw-camera/sensors/vd6g/vd6g.c:1198:5:VD6G_SetFlickerMode	16	static
C:/FD/stm32ai-modelzoo-services/application_code/face_detection/STM32N6/Middlewares/stm32-mw-camera/sensors/vd6g/vd6g.c:1212:5:VD6G_SetExposureMode	16	static
C:/FD/stm32ai-modelzoo-services/application_code/face_detection/STM32N6/Middlewares/stm32-mw-camera/sensors/vd6g/vd6g.c:1226:5:VD6G_GetAnalogGainRegRange	40	static
C:/FD/stm32ai-modelzoo-services/application_code/face_detection/STM32N6/Middlewares/stm32-mw-camera/sensors/vd6g/vd6g.c:1245:5:VD6G_SetAnalogGain	32	static
C:/FD/stm32ai-modelzoo-services/application_code/face_detection/STM32N6/Middlewares/stm32-mw-camera/sensors/vd6g/vd6g.c:1264:5:VD6G_GetDigitalGainRegRange	24	static
C:/FD/stm32ai-modelzoo-services/application_code/face_detection/STM32N6/Middlewares/stm32-mw-camera/sensors/vd6g/vd6g.c:1280:5:VD6G_SetDigitalGain	32	static
C:/FD/stm32ai-modelzoo-services/application_code/face_detection/STM32N6/Middlewares/stm32-mw-camera/sensors/vd6g/vd6g.c:1308:5:VD6G_GetExposureRegRange	48	static
C:/FD/stm32ai-modelzoo-services/application_code/face_detection/STM32N6/Middlewares/stm32-mw-camera/sensors/vd6g/vd6g.c:1338:5:VD6G_SetExposureTime	40	static
