C:/FD/stm32ai-modelzoo-services/application_code/face_detection/STM32N6/Middlewares/stedgeai-lib/Npu/ll_aton/ll_aton.c:1225:24:decun_inc_page_addr	0	static
C:/FD/stm32ai-modelzoo-services/application_code/face_detection/STM32N6/Middlewares/stedgeai-lib/Npu/ll_aton/ll_aton.c:127:16:LL_Address_Physical2Virtual	0	static
C:/FD/stm32ai-modelzoo-services/application_code/face_detection/STM32N6/Middlewares/stedgeai-lib/Npu/ll_aton/ll_aton.c:132:16:LL_Address_Virtual2Physical	0	static
C:/FD/stm32ai-modelzoo-services/application_code/face_detection/STM32N6/Middlewares/stedgeai-lib/Npu/ll_aton/ll_aton.c:142:18:startWatchdog	0	static
C:/FD/stm32ai-modelzoo-services/application_code/face_detection/STM32N6/Middlewares/stedgeai-lib/Npu/ll_aton/ll_aton.c:153:18:checkWatchdog	0	static
C:/FD/stm32ai-modelzoo-services/application_code/face_detection/STM32N6/Middlewares/stedgeai-lib/Npu/ll_aton/ll_aton.c:166:5:LL_ATON_Init	40	static
C:/FD/stm32ai-modelzoo-services/application_code/face_detection/STM32N6/Middlewares/stedgeai-lib/Npu/ll_aton/ll_aton.c:268:5:LL_ATON_DeInit	0	static
C:/FD/stm32ai-modelzoo-services/application_code/face_detection/STM32N6/Middlewares/stedgeai-lib/Npu/ll_aton/ll_aton.c:300:5:LL_ATON_EnableUnits_Init	20	static
C:/FD/stm32ai-modelzoo-services/application_code/face_detection/STM32N6/Middlewares/stedgeai-lib/Npu/ll_aton/ll_aton.c:461:5:LL_Streng_Wait	16	static
C:/FD/stm32ai-modelzoo-services/application_code/face_detection/STM32N6/Middlewares/stedgeai-lib/Npu/ll_aton/ll_aton.c:811:5:LL_TriggerHigh	0	static
C:/FD/stm32ai-modelzoo-services/application_code/face_detection/STM32N6/Middlewares/stedgeai-lib/Npu/ll_aton/ll_aton.c:832:5:LL_TriggerLow	0	static
C:/FD/stm32ai-modelzoo-services/application_code/face_detection/STM32N6/Middlewares/stedgeai-lib/Npu/ll_aton/ll_aton.c:846:14:__atonn_getSrcPortID	16	static
C:/FD/stm32ai-modelzoo-services/application_code/face_detection/STM32N6/Middlewares/stedgeai-lib/Npu/ll_aton/ll_aton.c:915:14:__atonn_getDstPortID	16	static
C:/FD/stm32ai-modelzoo-services/application_code/face_detection/STM32N6/Middlewares/stedgeai-lib/Npu/ll_aton/ll_aton.c:990:5:LL_Switch_Init_NoReset	8	static
C:/FD/stm32ai-modelzoo-services/application_code/face_detection/STM32N6/Middlewares/stedgeai-lib/Npu/ll_aton/ll_aton.c:1040:5:LL_Switch_Init	8	static
C:/FD/stm32ai-modelzoo-services/application_code/face_detection/STM32N6/Middlewares/stedgeai-lib/Npu/ll_aton/ll_aton.c:1055:5:LL_Switch_Deinit	8	static
C:/FD/stm32ai-modelzoo-services/application_code/face_detection/STM32N6/Middlewares/stedgeai-lib/Npu/ll_aton/ll_aton.c:1083:5:LL_Switch_Deinit_Fine_Grained	8	static
C:/FD/stm32ai-modelzoo-services/application_code/face_detection/STM32N6/Middlewares/stedgeai-lib/Npu/ll_aton/ll_aton.c:2457:5:LL_EpochCtrl_Init	0	static
C:/FD/stm32ai-modelzoo-services/application_code/face_detection/STM32N6/Middlewares/stedgeai-lib/Npu/ll_aton/ll_aton.c:2485:5:LL_EpochCtrl_Step	0	static
C:/FD/stm32ai-modelzoo-services/application_code/face_detection/STM32N6/Middlewares/stedgeai-lib/Npu/ll_aton/ll_aton.c:2501:5:LL_EpochCtrl_Wait	16	static
C:/FD/stm32ai-modelzoo-services/application_code/face_detection/STM32N6/Middlewares/stedgeai-lib/Npu/ll_aton/ll_aton.c:2531:14:LL_EpochCtrl_GetBlobSize	0	static
C:/FD/stm32ai-modelzoo-services/application_code/face_detection/STM32N6/Middlewares/stedgeai-lib/Npu/ll_aton/ll_aton.c:2538:6:LL_ATON_EnableClock	12	static
C:/FD/stm32ai-modelzoo-services/application_code/face_detection/STM32N6/Middlewares/stedgeai-lib/Npu/ll_aton/ll_aton.c:493:5:LL_Streng_TensorInit	48	static
C:/FD/stm32ai-modelzoo-services/application_code/face_detection/STM32N6/Middlewares/stedgeai-lib/Npu/ll_aton/ll_aton.c:781:5:LL_Streng_ExtSyncInit	16	static
C:/FD/stm32ai-modelzoo-services/application_code/face_detection/STM32N6/Middlewares/stedgeai-lib/Npu/ll_aton/ll_aton.c:1586:5:LL_Decun_Init	48	static
C:/FD/stm32ai-modelzoo-services/application_code/face_detection/STM32N6/Middlewares/stedgeai-lib/Npu/ll_aton/ll_aton.c:1640:5:LL_Convacc_Init	32	static
C:/FD/stm32ai-modelzoo-services/application_code/face_detection/STM32N6/Middlewares/stedgeai-lib/Npu/ll_aton/ll_aton.c:1894:5:LL_Activacc_Init	24	static
C:/FD/stm32ai-modelzoo-services/application_code/face_detection/STM32N6/Middlewares/stedgeai-lib/Npu/ll_aton/ll_aton.c:2063:5:LL_Arithacc_Init	80	static
C:/FD/stm32ai-modelzoo-services/application_code/face_detection/STM32N6/Middlewares/stedgeai-lib/Npu/ll_aton/ll_aton.c:2327:5:LL_Poolacc_Init	16	static
C:/FD/stm32ai-modelzoo-services/application_code/face_detection/STM32N6/Middlewares/stedgeai-lib/Npu/ll_aton/ll_aton.c:2555:6:LL_ATON_DisableClock	12	static
C:/FD/stm32ai-modelzoo-services/application_code/face_detection/STM32N6/Middlewares/stedgeai-lib/Npu/ll_aton/ll_aton.c:380:5:LL_ATON_DisableUnits_Init	16	static
C:/FD/stm32ai-modelzoo-services/application_code/face_detection/STM32N6/Middlewares/stedgeai-lib/Npu/ll_aton/ll_aton.c:2591:20:LL_ATON_Dma_memcpy	200	static
