C:/FD/stm32ai-modelzoo-services/application_code/face_detection/STM32N6/Middlewares/stedgeai-lib/Npu/ll_aton/ll_aton_runtime.c:321:20:__LL_ATON_RT_Init_Network	8	static
C:/FD/stm32ai-modelzoo-services/application_code/face_detection/STM32N6/Middlewares/stedgeai-lib/Npu/ll_aton/ll_aton_runtime.h:117:22:__LL_ATON_RT_SetWaitMask	8	static
C:/FD/stm32ai-modelzoo-services/application_code/face_detection/STM32N6/Middlewares/stedgeai-lib/Npu/ll_aton/ll_aton_NN_interface.h:482:26:EpochBlock_EpochControllerUnit	8	static
C:/FD/stm32ai-modelzoo-services/application_code/face_detection/STM32N6/Middlewares/stedgeai-lib/Npu/ll_aton/ll_aton_runtime.h:54:22:__ll_clear_aton_owner	16	static
C:/FD/stm32ai-modelzoo-services/application_code/face_detection/STM32N6/Middlewares/stedgeai-lib/Npu/ll_aton/ll_aton_runtime.c:208:20:__LL_ATON_RT_ExecEndEpochBlock	16	static
C:/FD/stm32ai-modelzoo-services/application_code/face_detection/STM32N6/Middlewares/stedgeai-lib/Npu/ll_aton/ll_aton_runtime.c:266:13:__LL_ATON_RT_DetermineNextEpochBlock	8	static
C:/FD/stm32ai-modelzoo-services/application_code/face_detection/STM32N6/Middlewares/stedgeai-lib/Npu/ll_aton/ll_aton_runtime.c:58:19:dump_dma_state	0	static
C:/FD/stm32ai-modelzoo-services/application_code/face_detection/STM32N6/Middlewares/stedgeai-lib/Npu/ll_aton/ll_aton_runtime.c:777:13:__LL_ATON_RT_IrqErr	16	static
C:/FD/stm32ai-modelzoo-services/application_code/face_detection/STM32N6/Middlewares/stedgeai-lib/Npu/ll_aton/ll_aton_runtime.c:387:6:LL_ATON_RT_SetRuntimeCallback	0	static
C:/FD/stm32ai-modelzoo-services/application_code/face_detection/STM32N6/Middlewares/stedgeai-lib/Npu/ll_aton/ll_aton_runtime.c:400:6:LL_ATON_RT_SetEpochCallback	8	static
C:/FD/stm32ai-modelzoo-services/application_code/face_detection/STM32N6/Middlewares/stedgeai-lib/Npu/ll_aton/ll_aton_runtime.c:414:6:LL_ATON_RT_SetNetworkCallback	8	static
C:/FD/stm32ai-modelzoo-services/application_code/face_detection/STM32N6/Middlewares/stedgeai-lib/Npu/ll_aton/ll_aton_runtime.c:424:6:LL_ATON_RT_Init_Network	8	static
C:/FD/stm32ai-modelzoo-services/application_code/face_detection/STM32N6/Middlewares/stedgeai-lib/Npu/ll_aton/ll_aton_runtime.c:465:6:LL_ATON_RT_DeInit_Network	8	static
C:/FD/stm32ai-modelzoo-services/application_code/face_detection/STM32N6/Middlewares/stedgeai-lib/Npu/ll_aton/ll_aton_runtime.c:514:6:LL_ATON_RT_Reset_Network	8	static
C:/FD/stm32ai-modelzoo-services/application_code/face_detection/STM32N6/Middlewares/stedgeai-lib/Npu/ll_aton/ll_aton_runtime.c:523:6:LL_ATON_RT_RuntimeInit	8	static,ignoring_inline_asm
C:/FD/stm32ai-modelzoo-services/application_code/face_detection/STM32N6/Middlewares/stedgeai-lib/Npu/ll_aton/ll_aton_runtime.c:571:6:LL_ATON_RT_RuntimeDeInit	8	static,ignoring_inline_asm
C:/FD/stm32ai-modelzoo-services/application_code/face_detection/STM32N6/Middlewares/stedgeai-lib/Npu/ll_aton/ll_aton_runtime.c:603:24:LL_ATON_RT_RunEpochBlock	24	static,ignoring_inline_asm
C:/FD/stm32ai-modelzoo-services/application_code/face_detection/STM32N6/Middlewares/stedgeai-lib/Npu/ll_aton/ll_aton_runtime.c:960:6:NPU0_IRQHandler	24	static,ignoring_inline_asm
