C:/FD/stm32ai-modelzoo-services/application_code/face_detection/STM32N6/Middlewares/stedgeai-lib/Npu/ll_aton/ll_aton_stai_internal.c:135:13:_stai_aton_internal_rt_callback	0	static
C:/FD/stm32ai-modelzoo-services/application_code/face_detection/STM32N6/Middlewares/stedgeai-lib/Npu/ll_aton/ll_aton_stai_internal.c:144:6:_stai_aton_internal_epoch_block_callback	4	static
C:/FD/stm32ai-modelzoo-services/application_code/face_detection/STM32N6/Middlewares/stedgeai-lib/Npu/ll_aton/ll_aton_stai_internal.c:161:18:stai_runtime_set_callback	8	static
C:/FD/stm32ai-modelzoo-services/application_code/face_detection/STM32N6/Middlewares/stedgeai-lib/Npu/ll_aton/ll_aton_stai_internal.c:172:18:stai_runtime_init	8	static
C:/FD/stm32ai-modelzoo-services/application_code/face_detection/STM32N6/Middlewares/stedgeai-lib/Npu/ll_aton/ll_aton_stai_internal.c:186:18:stai_runtime_deinit	8	static
C:/FD/stm32ai-modelzoo-services/application_code/face_detection/STM32N6/Middlewares/stedgeai-lib/Npu/ll_aton/ll_aton_stai_internal.c:235:18:stai_runtime_get_info	12	static
C:/FD/stm32ai-modelzoo-services/application_code/face_detection/STM32N6/Middlewares/stedgeai-lib/Npu/ll_aton/ll_aton_stai_internal.c:272:18:stai_cache_mcu_clean_range	8	static
C:/FD/stm32ai-modelzoo-services/application_code/face_detection/STM32N6/Middlewares/stedgeai-lib/Npu/ll_aton/ll_aton_stai_internal.c:279:18:stai_cache_mcu_invalidate_range	8	static
C:/FD/stm32ai-modelzoo-services/application_code/face_detection/STM32N6/Middlewares/stedgeai-lib/Npu/ll_aton/ll_aton_stai_internal.c:286:18:stai_ext_cache_npu_clean_range	8	static
C:/FD/stm32ai-modelzoo-services/application_code/face_detection/STM32N6/Middlewares/stedgeai-lib/Npu/ll_aton/ll_aton_stai_internal.c:293:18:stai_ext_cache_npu_clean_invalidate_range	8	static
C:/FD/stm32ai-modelzoo-services/application_code/face_detection/STM32N6/Middlewares/stedgeai-lib/Npu/ll_aton/ll_aton_stai_internal.c:302:18:stai_ext_wfe	0	static,ignoring_inline_asm
C:/FD/stm32ai-modelzoo-services/application_code/face_detection/STM32N6/Middlewares/stedgeai-lib/Npu/ll_aton/ll_aton_stai_internal.c:312:6:__ll_aton_stai_init_network_instance	0	static
C:/FD/stm32ai-modelzoo-services/application_code/face_detection/STM32N6/Middlewares/stedgeai-lib/Npu/ll_aton/ll_aton_stai_internal.c:321:6:__ll_aton_stai_deinit_network_instance	0	static
C:/FD/stm32ai-modelzoo-services/application_code/face_detection/STM32N6/Middlewares/stedgeai-lib/Npu/ll_aton/ll_aton_stai_internal.c:330:6:__ll_aton_stai_set_execution_status	0	static
C:/FD/stm32ai-modelzoo-services/application_code/face_detection/STM32N6/Middlewares/stedgeai-lib/Npu/ll_aton/ll_aton_stai_internal.c:352:18:__ll_aton_stai_get_execution_status	0	static
C:/FD/stm32ai-modelzoo-services/application_code/face_detection/STM32N6/Middlewares/stedgeai-lib/Npu/ll_aton/ll_aton_stai_internal.c:383:18:__ll_aton_stai_reset	8	static
C:/FD/stm32ai-modelzoo-services/application_code/face_detection/STM32N6/Middlewares/stedgeai-lib/Npu/ll_aton/ll_aton_stai_internal.c:403:18:__ll_aton_stai_run	16	static,ignoring_inline_asm
