C:/FD/stm32ai-modelzoo-services/application_code/face_detection/STM32N6/Middlewares/stedgeai-lib/Npu/ll_aton/ll_sw_integer.c:66:6:ll_sw_forward_qlinearmatmul	592	static
C:/FD/stm32ai-modelzoo-services/application_code/face_detection/STM32N6/Middlewares/stedgeai-lib/Npu/ll_aton/ll_sw_integer.c:179:6:ll_sw_forward_gemm_integer	576	static
C:/FD/stm32ai-modelzoo-services/application_code/face_detection/STM32N6/Middlewares/stedgeai-lib/Npu/ll_aton/ll_sw_integer.c:288:6:ll_sw_forward_quantizelinear	288	static
C:/FD/stm32ai-modelzoo-services/application_code/face_detection/STM32N6/Middlewares/stedgeai-lib/Npu/ll_aton/ll_sw_integer.c:333:6:ll_sw_forward_dequantizelinear	280	static
C:/FD/stm32ai-modelzoo-services/application_code/face_detection/STM32N6/Middlewares/stedgeai-lib/Npu/ll_aton/ll_sw_integer.c:380:6:ll_sw_forward_requantizelinear	304	static
C:/FD/stm32ai-modelzoo-services/application_code/face_detection/STM32N6/Middlewares/stedgeai-lib/Npu/ll_aton/ll_sw_integer.c:439:6:ll_sw_forward_conv_integer	632	static
C:/FD/stm32ai-modelzoo-services/application_code/face_detection/STM32N6/Middlewares/stedgeai-lib/Npu/ll_aton/ll_sw_integer.c:620:6:ll_sw_forward_eltwise_integer	424	static
C:/FD/stm32ai-modelzoo-services/application_code/face_detection/STM32N6/Middlewares/stedgeai-lib/Npu/ll_aton/ll_sw_integer.c:739:6:ll_sw_forward_pool_integer	352	static
C:/FD/stm32ai-modelzoo-services/application_code/face_detection/STM32N6/Middlewares/stedgeai-lib/Npu/ll_aton/ll_sw_integer.c:821:6:ll_sw_forward_global_pool_integer	360	static
C:/FD/stm32ai-modelzoo-services/application_code/face_detection/STM32N6/Middlewares/stedgeai-lib/Npu/ll_aton/ll_sw_integer.c:901:6:ll_sw_forward_softmax_integer	424	static
C:/FD/stm32ai-modelzoo-services/application_code/face_detection/STM32N6/Middlewares/stedgeai-lib/Npu/ll_aton/ll_sw_integer.c:973:6:ll_sw_forward_activ_integer	456	static
C:/FD/stm32ai-modelzoo-services/application_code/face_detection/STM32N6/Middlewares/stedgeai-lib/Npu/ll_aton/ll_sw_integer.c:1109:6:ll_sw_forward_resize_integer	376	static
C:/FD/stm32ai-modelzoo-services/application_code/face_detection/STM32N6/Middlewares/stedgeai-lib/Npu/ll_aton/ll_sw_integer.c:1219:6:ll_sw_forward_argmax_integer	272	static
C:/FD/stm32ai-modelzoo-services/application_code/face_detection/STM32N6/Middlewares/stedgeai-lib/Npu/ll_aton/ll_sw_integer.c:1251:6:ll_sw_forward_argmin_integer	272	static
C:/FD/stm32ai-modelzoo-services/application_code/face_detection/STM32N6/Middlewares/stedgeai-lib/Npu/ll_aton/ll_sw_integer.c:1283:6:ll_sw_forward_tile_integer	304	static
C:/FD/stm32ai-modelzoo-services/application_code/face_detection/STM32N6/Middlewares/stedgeai-lib/Npu/ll_aton/ll_sw_integer.c:1321:6:ll_sw_forward_gather_integer	368	static
