C:/FD/stm32ai-modelzoo-services/application_code/face_detection/STM32N6/Middlewares/stm32-mw-camera/sensors/cmw_vd66gy.c:50:12:CMW_VD66GY_Read16	24	static
C:/FD/stm32ai-modelzoo-services/application_code/face_detection/STM32N6/Middlewares/stm32-mw-camera/sensors/cmw_vd66gy.c:93:13:VD6G_ShutdownPin	0	static
C:/FD/stm32ai-modelzoo-services/application_code/face_detection/STM32N6/Middlewares/stm32-mw-camera/sensors/cmw_vd66gy.c:100:12:VD6G_Read8	4	static
C:/FD/stm32ai-modelzoo-services/application_code/face_detection/STM32N6/Middlewares/stm32-mw-camera/sensors/cmw_vd66gy.c:107:12:VD6G_Read16	0	static
C:/FD/stm32ai-modelzoo-services/application_code/face_detection/STM32N6/Middlewares/stm32-mw-camera/sensors/cmw_vd66gy.c:114:12:VD6G_Read32	24	static
C:/FD/stm32ai-modelzoo-services/application_code/face_detection/STM32N6/Middlewares/stm32-mw-camera/sensors/cmw_vd66gy.c:121:12:VD6G_Write8	16	static
C:/FD/stm32ai-modelzoo-services/application_code/face_detection/STM32N6/Middlewares/stm32-mw-camera/sensors/cmw_vd66gy.c:128:12:VD6G_Write16	16	static
C:/FD/stm32ai-modelzoo-services/application_code/face_detection/STM32N6/Middlewares/stm32-mw-camera/sensors/cmw_vd66gy.c:135:12:VD6G_Write32	16	static
C:/FD/stm32ai-modelzoo-services/application_code/face_detection/STM32N6/Middlewares/stm32-mw-camera/sensors/cmw_vd66gy.c:142:12:VD6G_WriteArray	32	static
C:/FD/stm32ai-modelzoo-services/application_code/face_detection/STM32N6/Middlewares/stm32-mw-camera/sensors/cmw_vd66gy.c:162:13:VD6G_Delay	0	static
C:/FD/stm32ai-modelzoo-services/application_code/face_detection/STM32N6/Middlewares/stm32-mw-camera/sensors/cmw_vd66gy.c:169:13:VD6G_Log	0	static
C:/FD/stm32ai-modelzoo-services/application_code/face_detection/STM32N6/Middlewares/stm32-mw-camera/sensors/cmw_vd66gy.c:607:13:CMW_VD66GY_FrameEventCallback	0	static
C:/FD/stm32ai-modelzoo-services/application_code/face_detection/STM32N6/Middlewares/stm32-mw-camera/sensors/cmw_vd66gy.c:396:9:CMW_VD66GY_SetGain	72	static
C:/FD/stm32ai-modelzoo-services/application_code/face_detection/STM32N6/Middlewares/stm32-mw-camera/sensors/cmw_vd66gy.c:452:9:CMW_VD66GY_SetExposure	0	static
C:/FD/stm32ai-modelzoo-services/application_code/face_detection/STM32N6/Middlewares/stm32-mw-camera/sensors/cmw_vd66gy.c:463:9:CMW_VD66GY_SetExposureMode	8	static
C:/FD/stm32ai-modelzoo-services/application_code/face_detection/STM32N6/Middlewares/stm32-mw-camera/sensors/cmw_vd66gy.c:491:9:CMW_VD66GY_SetWBRefMode	8	static
C:/FD/stm32ai-modelzoo-services/application_code/face_detection/STM32N6/Middlewares/stm32-mw-camera/sensors/cmw_vd66gy.c:510:9:CMW_VD66GY_ListWBRefModes	8	static
C:/FD/stm32ai-modelzoo-services/application_code/face_detection/STM32N6/Middlewares/stm32-mw-camera/sensors/cmw_vd66gy.c:529:9:CMW_VD66GY_GetSensorInfo	64	static
C:/FD/stm32ai-modelzoo-services/application_code/face_detection/STM32N6/Middlewares/stm32-mw-camera/sensors/cmw_vd66gy.c:358:16:CMW_VD66GY_Stop	8	static
C:/FD/stm32ai-modelzoo-services/application_code/face_detection/STM32N6/Middlewares/stm32-mw-camera/sensors/cmw_vd66gy.c:316:16:CMW_VD66GY_Start	24	static
C:/FD/stm32ai-modelzoo-services/application_code/face_detection/STM32N6/Middlewares/stm32-mw-camera/sensors/cmw_vd66gy.c:370:16:CMW_VD66GY_DeInit	16	static
C:/FD/stm32ai-modelzoo-services/application_code/face_detection/STM32N6/Middlewares/stm32-mw-camera/sensors/cmw_vd66gy.c:345:16:CMW_VD66GY_Run	8	static
C:/FD/stm32ai-modelzoo-services/application_code/face_detection/STM32N6/Middlewares/stm32-mw-camera/sensors/cmw_vd66gy.c:234:16:CMW_VD66GY_Init	72	static
C:/FD/stm32ai-modelzoo-services/application_code/face_detection/STM32N6/Middlewares/stm32-mw-camera/sensors/cmw_vd66gy.c:587:13:CMW_VD66GY_VsyncEventCallback	8	static
C:/FD/stm32ai-modelzoo-services/application_code/face_detection/STM32N6/Middlewares/stm32-mw-camera/sensors/cmw_vd66gy.c:309:6:CMW_VD66GY_SetDefaultSensorValues	8	static
C:/FD/stm32ai-modelzoo-services/application_code/face_detection/STM32N6/Middlewares/stm32-mw-camera/sensors/cmw_vd66gy.c:611:9:VD66GY_RegisterBusIO	0	static
C:/FD/stm32ai-modelzoo-services/application_code/face_detection/STM32N6/Middlewares/stm32-mw-camera/sensors/cmw_vd66gy.c:626:9:VD66GY_ReadID	16	static
C:/FD/stm32ai-modelzoo-services/application_code/face_detection/STM32N6/Middlewares/stm32-mw-camera/sensors/cmw_vd66gy.c:652:5:CMW_VD66GY_Probe	24	static
