C:/FD/stm32ai-modelzoo-services/application_code/face_detection/STM32N6/Middlewares/stm32-mw-camera/sensors/cmw_imx335.c:326:13:CMW_IMX335_FrameEventCallback	0	static
C:/FD/stm32ai-modelzoo-services/application_code/face_detection/STM32N6/Middlewares/stm32-mw-camera/sensors/cmw_imx335.c:110:9:CMW_IMX335_SetWBRefMode	8	static
C:/FD/stm32ai-modelzoo-services/application_code/face_detection/STM32N6/Middlewares/stm32-mw-camera/sensors/cmw_imx335.c:129:9:CMW_IMX335_ListWBRefModes	8	static
C:/FD/stm32ai-modelzoo-services/application_code/face_detection/STM32N6/Middlewares/stm32-mw-camera/sensors/cmw_imx335.c:88:16:CMW_IMX335_ReadID	0	static
C:/FD/stm32ai-modelzoo-services/application_code/face_detection/STM32N6/Middlewares/stm32-mw-camera/sensors/cmw_imx335.c:193:16:CMW_IMX335_SetTestPattern	0	static
C:/FD/stm32ai-modelzoo-services/application_code/face_detection/STM32N6/Middlewares/stm32-mw-camera/sensors/cmw_imx335.c:164:16:CMW_IMX335_GetSensorInfo	8	static
C:/FD/stm32ai-modelzoo-services/application_code/face_detection/STM32N6/Middlewares/stm32-mw-camera/sensors/cmw_imx335.c:158:16:CMW_IMX335_SetMirrorFlip	0	static
C:/FD/stm32ai-modelzoo-services/application_code/face_detection/STM32N6/Middlewares/stm32-mw-camera/sensors/cmw_imx335.c:147:16:CMW_IMX335_SetFramerate	40	static
C:/FD/stm32ai-modelzoo-services/application_code/face_detection/STM32N6/Middlewares/stm32-mw-camera/sensors/cmw_imx335.c:142:16:CMW_IMX335_SetFrequency	0	static
C:/FD/stm32ai-modelzoo-services/application_code/face_detection/STM32N6/Middlewares/stm32-mw-camera/sensors/cmw_imx335.c:98:16:CMW_IMX335_SetExposure	0	static
C:/FD/stm32ai-modelzoo-services/application_code/face_detection/STM32N6/Middlewares/stm32-mw-camera/sensors/cmw_imx335.c:93:16:CMW_IMX335_SetGain	0	static
C:/FD/stm32ai-modelzoo-services/application_code/face_detection/STM32N6/Middlewares/stm32-mw-camera/sensors/cmw_imx335.c:259:16:CMW_IMX335_Run	8	static
C:/FD/stm32ai-modelzoo-services/application_code/face_detection/STM32N6/Middlewares/stm32-mw-camera/sensors/cmw_imx335.c:71:16:CMW_IMX335_DeInit	8	static
C:/FD/stm32ai-modelzoo-services/application_code/face_detection/STM32N6/Middlewares/stm32-mw-camera/sensors/cmw_imx335.c:236:16:CMW_IMX335_Start	24	static
C:/FD/stm32ai-modelzoo-services/application_code/face_detection/STM32N6/Middlewares/stm32-mw-camera/sensors/cmw_imx335.c:198:16:CMW_IMX335_Init	16	static
C:/FD/stm32ai-modelzoo-services/application_code/face_detection/STM32N6/Middlewares/stm32-mw-camera/sensors/cmw_imx335.c:306:13:CMW_IMX335_VsyncEventCallback	8	static
C:/FD/stm32ai-modelzoo-services/application_code/face_detection/STM32N6/Middlewares/stm32-mw-camera/sensors/cmw_imx335.c:230:6:CMW_IMX335_SetDefaultSensorValues	8	static
C:/FD/stm32ai-modelzoo-services/application_code/face_detection/STM32N6/Middlewares/stm32-mw-camera/sensors/cmw_imx335.c:330:5:CMW_IMX335_Probe	24	static
