C:/FD/stm32ai-modelzoo-services/application_code/face_detection/STM32N6/Middlewares/stm32-mw-camera/sensors/cmw_vd55g1.c:64:12:CMW_VD55G1_Read32	24	static
C:/FD/stm32ai-modelzoo-services/application_code/face_detection/STM32N6/Middlewares/stm32-mw-camera/sensors/cmw_vd55g1.c:93:13:VD55G1_ShutdownPin	0	static
C:/FD/stm32ai-modelzoo-services/application_code/face_detection/STM32N6/Middlewares/stm32-mw-camera/sensors/cmw_vd55g1.c:100:12:VD55G1_Read8	4	static
C:/FD/stm32ai-modelzoo-services/application_code/face_detection/STM32N6/Middlewares/stm32-mw-camera/sensors/cmw_vd55g1.c:107:12:VD55G1_Read16	24	static
C:/FD/stm32ai-modelzoo-services/application_code/face_detection/STM32N6/Middlewares/stm32-mw-camera/sensors/cmw_vd55g1.c:114:12:VD55G1_Read32	0	static
C:/FD/stm32ai-modelzoo-services/application_code/face_detection/STM32N6/Middlewares/stm32-mw-camera/sensors/cmw_vd55g1.c:121:12:VD55G1_Write8	16	static
C:/FD/stm32ai-modelzoo-services/application_code/face_detection/STM32N6/Middlewares/stm32-mw-camera/sensors/cmw_vd55g1.c:128:12:VD55G1_Write16	16	static
C:/FD/stm32ai-modelzoo-services/application_code/face_detection/STM32N6/Middlewares/stm32-mw-camera/sensors/cmw_vd55g1.c:135:12:VD55G1_Write32	16	static
C:/FD/stm32ai-modelzoo-services/application_code/face_detection/STM32N6/Middlewares/stm32-mw-camera/sensors/cmw_vd55g1.c:142:12:VD55G1_WriteArray	32	static
C:/FD/stm32ai-modelzoo-services/application_code/face_detection/STM32N6/Middlewares/stm32-mw-camera/sensors/cmw_vd55g1.c:162:13:VD55G1_Delay	0	static
C:/FD/stm32ai-modelzoo-services/application_code/face_detection/STM32N6/Middlewares/stm32-mw-camera/sensors/cmw_vd55g1.c:169:13:VD55G1_Log	0	static
C:/FD/stm32ai-modelzoo-services/application_code/face_detection/STM32N6/Middlewares/stm32-mw-camera/sensors/cmw_vd55g1.c:425:9:CMW_VD55G1_SetGain	24	static
C:/FD/stm32ai-modelzoo-services/application_code/face_detection/STM32N6/Middlewares/stm32-mw-camera/sensors/cmw_vd55g1.c:478:9:CMW_VD55G1_SetExposure	0	static
C:/FD/stm32ai-modelzoo-services/application_code/face_detection/STM32N6/Middlewares/stm32-mw-camera/sensors/cmw_vd55g1.c:483:9:CMW_VD55G1_SetExposureMode	8	static
C:/FD/stm32ai-modelzoo-services/application_code/face_detection/STM32N6/Middlewares/stm32-mw-camera/sensors/cmw_vd55g1.c:187:16:CMW_VD55G1_GetSensorInfo	24	static
C:/FD/stm32ai-modelzoo-services/application_code/face_detection/STM32N6/Middlewares/stm32-mw-camera/sensors/cmw_vd55g1.c:401:16:CMW_VD55G1_MirrorFlipConfig	0	static
C:/FD/stm32ai-modelzoo-services/application_code/face_detection/STM32N6/Middlewares/stm32-mw-camera/sensors/cmw_vd55g1.c:369:16:CMW_VD55G1_Stop	8	static
C:/FD/stm32ai-modelzoo-services/application_code/face_detection/STM32N6/Middlewares/stm32-mw-camera/sensors/cmw_vd55g1.c:358:16:CMW_VD55G1_Start	8	static
C:/FD/stm32ai-modelzoo-services/application_code/face_detection/STM32N6/Middlewares/stm32-mw-camera/sensors/cmw_vd55g1.c:381:16:CMW_VD55G1_DeInit	16	static
C:/FD/stm32ai-modelzoo-services/application_code/face_detection/STM32N6/Middlewares/stm32-mw-camera/sensors/cmw_vd55g1.c:282:16:CMW_VD55G1_Init	72	static
C:/FD/stm32ai-modelzoo-services/application_code/face_detection/STM32N6/Middlewares/stm32-mw-camera/sensors/cmw_vd55g1.c:351:6:CMW_VD55G1_SetDefaultSensorValues	8	static
C:/FD/stm32ai-modelzoo-services/application_code/face_detection/STM32N6/Middlewares/stm32-mw-camera/sensors/cmw_vd55g1.c:544:5:CMW_VD55G1_Probe	24	static
