C:/FD/stm32ai-modelzoo-services/application_code/face_detection/STM32N6/STM32Cube_FW_N6/Drivers/STM32N6xx_HAL_Driver/Src/stm32n6xx_hal_dcmipp.c:8386:26:DCMIPP_Stop	16	static
C:/FD/stm32ai-modelzoo-services/application_code/face_detection/STM32N6/STM32Cube_FW_N6/Drivers/STM32N6xx_HAL_Driver/Src/stm32n6xx_hal_dcmipp.c:8486:26:DCMIPP_CSI_SetVCConfig	24	static
C:/FD/stm32ai-modelzoo-services/application_code/face_detection/STM32N6/STM32Cube_FW_N6/Drivers/STM32N6xx_HAL_Driver/Src/stm32n6xx_hal_dcmipp.c:8223:13:DCMIPP_SetConfig.part.0	12	static
C:/FD/stm32ai-modelzoo-services/application_code/face_detection/STM32N6/STM32Cube_FW_N6/Drivers/STM32N6xx_HAL_Driver/Src/stm32n6xx_hal_dcmipp.c:8223:13:DCMIPP_SetConfig	12	static
C:/FD/stm32ai-modelzoo-services/application_code/face_detection/STM32N6/STM32Cube_FW_N6/Drivers/STM32N6xx_HAL_Driver/Src/stm32n6xx_hal_dcmipp.c:8280:13:DCMIPP_SetDBMConfig.part.0	16	static
C:/FD/stm32ai-modelzoo-services/application_code/face_detection/STM32N6/STM32Cube_FW_N6/Drivers/STM32N6xx_HAL_Driver/Src/stm32n6xx_hal_dcmipp.c:8280:13:DCMIPP_SetDBMConfig	16	static
C:/FD/stm32ai-modelzoo-services/application_code/face_detection/STM32N6/STM32Cube_FW_N6/Drivers/STM32N6xx_HAL_Driver/Src/stm32n6xx_hal_dcmipp.c:8350:13:DCMIPP_EnableCapture.part.0	0	static
C:/FD/stm32ai-modelzoo-services/application_code/face_detection/STM32N6/STM32Cube_FW_N6/Drivers/STM32N6xx_HAL_Driver/Src/stm32n6xx_hal_dcmipp.c:8350:13:DCMIPP_EnableCapture	0	static
C:/FD/stm32ai-modelzoo-services/application_code/face_detection/STM32N6/STM32Cube_FW_N6/Drivers/STM32N6xx_HAL_Driver/Src/stm32n6xx_hal_dcmipp.c:8161:13:DCMIPP_CSI_WritePHYReg.constprop	8	static
C:/FD/stm32ai-modelzoo-services/application_code/face_detection/STM32N6/STM32Cube_FW_N6/Drivers/STM32N6xx_HAL_Driver/Src/stm32n6xx_hal_dcmipp.c:454:13:HAL_DCMIPP_MspInit	0	static
C:/FD/stm32ai-modelzoo-services/application_code/face_detection/STM32N6/STM32Cube_FW_N6/Drivers/STM32N6xx_HAL_Driver/Src/stm32n6xx_hal_dcmipp.c:323:19:HAL_DCMIPP_Init	8	static
C:/FD/stm32ai-modelzoo-services/application_code/face_detection/STM32N6/STM32Cube_FW_N6/Drivers/STM32N6xx_HAL_Driver/Src/stm32n6xx_hal_dcmipp.c:469:13:HAL_DCMIPP_MspDeInit	0	static
C:/FD/stm32ai-modelzoo-services/application_code/face_detection/STM32N6/STM32Cube_FW_N6/Drivers/STM32N6xx_HAL_Driver/Src/stm32n6xx_hal_dcmipp.c:390:19:HAL_DCMIPP_DeInit	16	static
C:/FD/stm32ai-modelzoo-services/application_code/face_detection/STM32N6/STM32Cube_FW_N6/Drivers/STM32N6xx_HAL_Driver/Src/stm32n6xx_hal_dcmipp.c:493:19:HAL_DCMIPP_PARALLEL_SetConfig	16	static
C:/FD/stm32ai-modelzoo-services/application_code/face_detection/STM32N6/STM32Cube_FW_N6/Drivers/STM32N6xx_HAL_Driver/Src/stm32n6xx_hal_dcmipp.c:571:19:HAL_DCMIPP_CSI_SetConfig	536	static
C:/FD/stm32ai-modelzoo-services/application_code/face_detection/STM32N6/STM32Cube_FW_N6/Drivers/STM32N6xx_HAL_Driver/Src/stm32n6xx_hal_dcmipp.c:771:19:HAL_DCMIPP_CSI_PIPE_SetConfig	16	static
C:/FD/stm32ai-modelzoo-services/application_code/face_detection/STM32N6/STM32Cube_FW_N6/Drivers/STM32N6xx_HAL_Driver/Src/stm32n6xx_hal_dcmipp.c:871:19:HAL_DCMIPP_CSI_SetVCFilteringConfig	96	static
C:/FD/stm32ai-modelzoo-services/application_code/face_detection/STM32N6/STM32Cube_FW_N6/Drivers/STM32N6xx_HAL_Driver/Src/stm32n6xx_hal_dcmipp.c:962:19:HAL_DCMIPP_CSI_SetVCConfig	16	static
C:/FD/stm32ai-modelzoo-services/application_code/face_detection/STM32N6/STM32Cube_FW_N6/Drivers/STM32N6xx_HAL_Driver/Src/stm32n6xx_hal_dcmipp.c:1014:19:HAL_DCMIPP_PIPE_SetConfig	24	static
C:/FD/stm32ai-modelzoo-services/application_code/face_detection/STM32N6/STM32Cube_FW_N6/Drivers/STM32N6xx_HAL_Driver/Src/stm32n6xx_hal_dcmipp.c:1075:19:HAL_DCMIPP_SetIPPlugConfig	16	static
C:/FD/stm32ai-modelzoo-services/application_code/face_detection/STM32N6/STM32Cube_FW_N6/Drivers/STM32N6xx_HAL_Driver/Src/stm32n6xx_hal_dcmipp.c:1222:19:HAL_DCMIPP_PIPE_Start	24	static
C:/FD/stm32ai-modelzoo-services/application_code/face_detection/STM32N6/STM32Cube_FW_N6/Drivers/STM32N6xx_HAL_Driver/Src/stm32n6xx_hal_dcmipp.c:1259:19:HAL_DCMIPP_PIPE_DoubleBufferStart	40	static
C:/FD/stm32ai-modelzoo-services/application_code/face_detection/STM32N6/STM32Cube_FW_N6/Drivers/STM32N6xx_HAL_Driver/Src/stm32n6xx_hal_dcmipp.c:1293:19:HAL_DCMIPP_PIPE_Stop	16	static
C:/FD/stm32ai-modelzoo-services/application_code/face_detection/STM32N6/STM32Cube_FW_N6/Drivers/STM32N6xx_HAL_Driver/Src/stm32n6xx_hal_dcmipp.c:1341:19:HAL_DCMIPP_PIPE_SemiPlanarStart	32	static
C:/FD/stm32ai-modelzoo-services/application_code/face_detection/STM32N6/STM32Cube_FW_N6/Drivers/STM32N6xx_HAL_Driver/Src/stm32n6xx_hal_dcmipp.c:1390:19:HAL_DCMIPP_PIPE_SemiPlanarDoubleBufferStart	40	static
C:/FD/stm32ai-modelzoo-services/application_code/face_detection/STM32N6/STM32Cube_FW_N6/Drivers/STM32N6xx_HAL_Driver/Src/stm32n6xx_hal_dcmipp.c:1442:19:HAL_DCMIPP_PIPE_FullPlanarStart	32	static
C:/FD/stm32ai-modelzoo-services/application_code/face_detection/STM32N6/STM32Cube_FW_N6/Drivers/STM32N6xx_HAL_Driver/Src/stm32n6xx_hal_dcmipp.c:1494:19:HAL_DCMIPP_PIPE_FullPlanarDoubleBufferStart	48	static
C:/FD/stm32ai-modelzoo-services/application_code/face_detection/STM32N6/STM32Cube_FW_N6/Drivers/STM32N6xx_HAL_Driver/Src/stm32n6xx_hal_dcmipp.c:1549:19:HAL_DCMIPP_CSI_PIPE_Start	24	static
C:/FD/stm32ai-modelzoo-services/application_code/face_detection/STM32N6/STM32Cube_FW_N6/Drivers/STM32N6xx_HAL_Driver/Src/stm32n6xx_hal_dcmipp.c:1594:19:HAL_DCMIPP_CSI_PIPE_DoubleBufferStart	40	static
C:/FD/stm32ai-modelzoo-services/application_code/face_detection/STM32N6/STM32Cube_FW_N6/Drivers/STM32N6xx_HAL_Driver/Src/stm32n6xx_hal_dcmipp.c:1636:19:HAL_DCMIPP_CSI_PIPE_Stop	32	static
C:/FD/stm32ai-modelzoo-services/application_code/face_detection/STM32N6/STM32Cube_FW_N6/Drivers/STM32N6xx_HAL_Driver/Src/stm32n6xx_hal_dcmipp.c:1691:19:HAL_DCMIPP_CSI_PIPE_SemiPlanarStart	24	static
C:/FD/stm32ai-modelzoo-services/application_code/face_detection/STM32N6/STM32Cube_FW_N6/Drivers/STM32N6xx_HAL_Driver/Src/stm32n6xx_hal_dcmipp.c:1750:19:HAL_DCMIPP_CSI_PIPE_SemiPlanarDoubleBufferStart	40	static
C:/FD/stm32ai-modelzoo-services/application_code/face_detection/STM32N6/STM32Cube_FW_N6/Drivers/STM32N6xx_HAL_Driver/Src/stm32n6xx_hal_dcmipp.c:1811:19:HAL_DCMIPP_CSI_PIPE_FullPlanarStart	24	static
C:/FD/stm32ai-modelzoo-services/application_code/face_detection/STM32N6/STM32Cube_FW_N6/Drivers/STM32N6xx_HAL_Driver/Src/stm32n6xx_hal_dcmipp.c:1873:19:HAL_DCMIPP_CSI_PIPE_FullPlanarDoubleBufferStart	40	static
C:/FD/stm32ai-modelzoo-services/application_code/face_detection/STM32N6/STM32Cube_FW_N6/Drivers/STM32N6xx_HAL_Driver/Src/stm32n6xx_hal_dcmipp.c:1933:19:HAL_DCMIPP_PIPE_Suspend	16	static
C:/FD/stm32ai-modelzoo-services/application_code/face_detection/STM32N6/STM32Cube_FW_N6/Drivers/STM32N6xx_HAL_Driver/Src/stm32n6xx_hal_dcmipp.c:2050:19:HAL_DCMIPP_PIPE_Resume	16	static
C:/FD/stm32ai-modelzoo-services/application_code/face_detection/STM32N6/STM32Cube_FW_N6/Drivers/STM32N6xx_HAL_Driver/Src/stm32n6xx_hal_dcmipp.c:3301:13:HAL_DCMIPP_PIPE_FrameEventCallback	0	static
C:/FD/stm32ai-modelzoo-services/application_code/face_detection/STM32N6/STM32Cube_FW_N6/Drivers/STM32N6xx_HAL_Driver/Src/stm32n6xx_hal_dcmipp.c:3317:13:HAL_DCMIPP_PIPE_VsyncEventCallback	0	static
C:/FD/stm32ai-modelzoo-services/application_code/face_detection/STM32N6/STM32Cube_FW_N6/Drivers/STM32N6xx_HAL_Driver/Src/stm32n6xx_hal_dcmipp.c:3334:13:HAL_DCMIPP_PIPE_LineEventCallback	0	static
C:/FD/stm32ai-modelzoo-services/application_code/face_detection/STM32N6/STM32Cube_FW_N6/Drivers/STM32N6xx_HAL_Driver/Src/stm32n6xx_hal_dcmipp.c:3350:13:HAL_DCMIPP_PIPE_LimitEventCallback	0	static
C:/FD/stm32ai-modelzoo-services/application_code/face_detection/STM32N6/STM32Cube_FW_N6/Drivers/STM32N6xx_HAL_Driver/Src/stm32n6xx_hal_dcmipp.c:3366:13:HAL_DCMIPP_PIPE_ErrorCallback	0	static
C:/FD/stm32ai-modelzoo-services/application_code/face_detection/STM32N6/STM32Cube_FW_N6/Drivers/STM32N6xx_HAL_Driver/Src/stm32n6xx_hal_dcmipp.c:3382:13:HAL_DCMIPP_ErrorCallback	0	static
C:/FD/stm32ai-modelzoo-services/application_code/face_detection/STM32N6/STM32Cube_FW_N6/Drivers/STM32N6xx_HAL_Driver/Src/stm32n6xx_hal_dcmipp.c:2132:6:HAL_DCMIPP_IRQHandler	16	static
C:/FD/stm32ai-modelzoo-services/application_code/face_detection/STM32N6/STM32Cube_FW_N6/Drivers/STM32N6xx_HAL_Driver/Src/stm32n6xx_hal_dcmipp.c:3412:13:HAL_DCMIPP_CSI_LineErrorCallback	0	static
C:/FD/stm32ai-modelzoo-services/application_code/face_detection/STM32N6/STM32Cube_FW_N6/Drivers/STM32N6xx_HAL_Driver/Src/stm32n6xx_hal_dcmipp.c:3425:13:HAL_DCMIPP_CSI_ClockChangerFifoFullEventCallback	0	static
C:/FD/stm32ai-modelzoo-services/application_code/face_detection/STM32N6/STM32Cube_FW_N6/Drivers/STM32N6xx_HAL_Driver/Src/stm32n6xx_hal_dcmipp.c:3437:13:HAL_DCMIPP_CSI_ShortPacketDetectionEventCallback	0	static
C:/FD/stm32ai-modelzoo-services/application_code/face_detection/STM32N6/STM32Cube_FW_N6/Drivers/STM32N6xx_HAL_Driver/Src/stm32n6xx_hal_dcmipp.c:3450:13:HAL_DCMIPP_CSI_EndOfFrameEventCallback	0	static
C:/FD/stm32ai-modelzoo-services/application_code/face_detection/STM32N6/STM32Cube_FW_N6/Drivers/STM32N6xx_HAL_Driver/Src/stm32n6xx_hal_dcmipp.c:3464:13:HAL_DCMIPP_CSI_StartOfFrameEventCallback	0	static
C:/FD/stm32ai-modelzoo-services/application_code/face_detection/STM32N6/STM32Cube_FW_N6/Drivers/STM32N6xx_HAL_Driver/Src/stm32n6xx_hal_dcmipp.c:3478:13:HAL_DCMIPP_CSI_TimerCounterEventCallback	0	static
C:/FD/stm32ai-modelzoo-services/application_code/face_detection/STM32N6/STM32Cube_FW_N6/Drivers/STM32N6xx_HAL_Driver/Src/stm32n6xx_hal_dcmipp.c:3492:13:HAL_DCMIPP_CSI_LineByteEventCallback	0	static
C:/FD/stm32ai-modelzoo-services/application_code/face_detection/STM32N6/STM32Cube_FW_N6/Drivers/STM32N6xx_HAL_Driver/Src/stm32n6xx_hal_dcmipp.c:2474:6:HAL_DCMIPP_CSI_IRQHandler	24	static
C:/FD/stm32ai-modelzoo-services/application_code/face_detection/STM32N6/STM32Cube_FW_N6/Drivers/STM32N6xx_HAL_Driver/Src/stm32n6xx_hal_dcmipp.c:3813:19:HAL_DCMIPP_PIPE_SetCropConfig	16	static
C:/FD/stm32ai-modelzoo-services/application_code/face_detection/STM32N6/STM32Cube_FW_N6/Drivers/STM32N6xx_HAL_Driver/Src/stm32n6xx_hal_dcmipp.c:3900:19:HAL_DCMIPP_PIPE_EnableCrop	16	static
C:/FD/stm32ai-modelzoo-services/application_code/face_detection/STM32N6/STM32Cube_FW_N6/Drivers/STM32N6xx_HAL_Driver/Src/stm32n6xx_hal_dcmipp.c:3965:19:HAL_DCMIPP_PIPE_DisableCrop	8	static
C:/FD/stm32ai-modelzoo-services/application_code/face_detection/STM32N6/STM32Cube_FW_N6/Drivers/STM32N6xx_HAL_Driver/Src/stm32n6xx_hal_dcmipp.c:4016:19:HAL_DCMIPP_PIPE_SetBytesDecimationConfig	24	static
C:/FD/stm32ai-modelzoo-services/application_code/face_detection/STM32N6/STM32Cube_FW_N6/Drivers/STM32N6xx_HAL_Driver/Src/stm32n6xx_hal_dcmipp.c:4064:19:HAL_DCMIPP_PIPE_SetLinesDecimationConfig	24	static
C:/FD/stm32ai-modelzoo-services/application_code/face_detection/STM32N6/STM32Cube_FW_N6/Drivers/STM32N6xx_HAL_Driver/Src/stm32n6xx_hal_dcmipp.c:4110:19:HAL_DCMIPP_PIPE_EnableLimitEvent	16	static
C:/FD/stm32ai-modelzoo-services/application_code/face_detection/STM32N6/STM32Cube_FW_N6/Drivers/STM32N6xx_HAL_Driver/Src/stm32n6xx_hal_dcmipp.c:4143:19:HAL_DCMIPP_PIPE_DisableLimitEvent	8	static
C:/FD/stm32ai-modelzoo-services/application_code/face_detection/STM32N6/STM32Cube_FW_N6/Drivers/STM32N6xx_HAL_Driver/Src/stm32n6xx_hal_dcmipp.c:4176:19:HAL_DCMIPP_PIPE_SetISPDecimationConfig	16	static
C:/FD/stm32ai-modelzoo-services/application_code/face_detection/STM32N6/STM32Cube_FW_N6/Drivers/STM32N6xx_HAL_Driver/Src/stm32n6xx_hal_dcmipp.c:4217:19:HAL_DCMIPP_PIPE_EnableISPDecimation	8	static
C:/FD/stm32ai-modelzoo-services/application_code/face_detection/STM32N6/STM32Cube_FW_N6/Drivers/STM32N6xx_HAL_Driver/Src/stm32n6xx_hal_dcmipp.c:4246:19:HAL_DCMIPP_PIPE_DisableISPDecimation	8	static
C:/FD/stm32ai-modelzoo-services/application_code/face_detection/STM32N6/STM32Cube_FW_N6/Drivers/STM32N6xx_HAL_Driver/Src/stm32n6xx_hal_dcmipp.c:4276:19:HAL_DCMIPP_PIPE_SetDecimationConfig	16	static
C:/FD/stm32ai-modelzoo-services/application_code/face_detection/STM32N6/STM32Cube_FW_N6/Drivers/STM32N6xx_HAL_Driver/Src/stm32n6xx_hal_dcmipp.c:4322:19:HAL_DCMIPP_PIPE_EnableDecimation	8	static
C:/FD/stm32ai-modelzoo-services/application_code/face_detection/STM32N6/STM32Cube_FW_N6/Drivers/STM32N6xx_HAL_Driver/Src/stm32n6xx_hal_dcmipp.c:4355:19:HAL_DCMIPP_PIPE_DisableDecimation	8	static
C:/FD/stm32ai-modelzoo-services/application_code/face_detection/STM32N6/STM32Cube_FW_N6/Drivers/STM32N6xx_HAL_Driver/Src/stm32n6xx_hal_dcmipp.c:4395:19:HAL_DCMIPP_PIPE_SetDownsizeConfig	16	static
C:/FD/stm32ai-modelzoo-services/application_code/face_detection/STM32N6/STM32Cube_FW_N6/Drivers/STM32N6xx_HAL_Driver/Src/stm32n6xx_hal_dcmipp.c:4466:19:HAL_DCMIPP_PIPE_EnableDownsize	8	static
C:/FD/stm32ai-modelzoo-services/application_code/face_detection/STM32N6/STM32Cube_FW_N6/Drivers/STM32N6xx_HAL_Driver/Src/stm32n6xx_hal_dcmipp.c:4499:19:HAL_DCMIPP_PIPE_DisableDownsize	8	static
C:/FD/stm32ai-modelzoo-services/application_code/face_detection/STM32N6/STM32Cube_FW_N6/Drivers/STM32N6xx_HAL_Driver/Src/stm32n6xx_hal_dcmipp.c:4532:19:HAL_DCMIPP_PIPE_EnableGammaConversion	8	static
C:/FD/stm32ai-modelzoo-services/application_code/face_detection/STM32N6/STM32Cube_FW_N6/Drivers/STM32N6xx_HAL_Driver/Src/stm32n6xx_hal_dcmipp.c:4565:19:HAL_DCMIPP_PIPE_DisableGammaConversion	8	static
C:/FD/stm32ai-modelzoo-services/application_code/face_detection/STM32N6/STM32Cube_FW_N6/Drivers/STM32N6xx_HAL_Driver/Src/stm32n6xx_hal_dcmipp.c:4598:10:HAL_DCMIPP_PIPE_IsEnabledGammaConversion	16	static
C:/FD/stm32ai-modelzoo-services/application_code/face_detection/STM32N6/STM32Cube_FW_N6/Drivers/STM32N6xx_HAL_Driver/Src/stm32n6xx_hal_dcmipp.c:4627:19:HAL_DCMIPP_PIPE_SetISPRawBayer2RGBConfig	16	static
C:/FD/stm32ai-modelzoo-services/application_code/face_detection/STM32N6/STM32Cube_FW_N6/Drivers/STM32N6xx_HAL_Driver/Src/stm32n6xx_hal_dcmipp.c:4674:19:HAL_DCMIPP_PIPE_EnableISPRawBayer2RGB	8	static
C:/FD/stm32ai-modelzoo-services/application_code/face_detection/STM32N6/STM32Cube_FW_N6/Drivers/STM32N6xx_HAL_Driver/Src/stm32n6xx_hal_dcmipp.c:4703:19:HAL_DCMIPP_PIPE_DisableISPRawBayer2RGB	8	static
C:/FD/stm32ai-modelzoo-services/application_code/face_detection/STM32N6/STM32Cube_FW_N6/Drivers/STM32N6xx_HAL_Driver/Src/stm32n6xx_hal_dcmipp.c:4734:19:HAL_DCMIPP_PIPE_SetISPRemovalStatisticConfig	24	static
C:/FD/stm32ai-modelzoo-services/application_code/face_detection/STM32N6/STM32Cube_FW_N6/Drivers/STM32N6xx_HAL_Driver/Src/stm32n6xx_hal_dcmipp.c:4770:19:HAL_DCMIPP_PIPE_EnableISPRemovalStatistic	0	static
C:/FD/stm32ai-modelzoo-services/application_code/face_detection/STM32N6/STM32Cube_FW_N6/Drivers/STM32N6xx_HAL_Driver/Src/stm32n6xx_hal_dcmipp.c:4796:19:HAL_DCMIPP_PIPE_DisableISPRemovalStatistic	0	static
C:/FD/stm32ai-modelzoo-services/application_code/face_detection/STM32N6/STM32Cube_FW_N6/Drivers/STM32N6xx_HAL_Driver/Src/stm32n6xx_hal_dcmipp.c:4833:19:HAL_DCMIPP_PIPE_SetISPBadPixelRemovalConfig	16	static
C:/FD/stm32ai-modelzoo-services/application_code/face_detection/STM32N6/STM32Cube_FW_N6/Drivers/STM32N6xx_HAL_Driver/Src/stm32n6xx_hal_dcmipp.c:4864:19:HAL_DCMIPP_PIPE_EnableISPBadPixelRemoval	8	static
C:/FD/stm32ai-modelzoo-services/application_code/face_detection/STM32N6/STM32Cube_FW_N6/Drivers/STM32N6xx_HAL_Driver/Src/stm32n6xx_hal_dcmipp.c:4893:19:HAL_DCMIPP_PIPE_DisableISPBadPixelRemoval	8	static
C:/FD/stm32ai-modelzoo-services/application_code/face_detection/STM32N6/STM32Cube_FW_N6/Drivers/STM32N6xx_HAL_Driver/Src/stm32n6xx_hal_dcmipp.c:4921:10:HAL_DCMIPP_PIPE_GetISPBadPixelRemovalConfig	8	static
C:/FD/stm32ai-modelzoo-services/application_code/face_detection/STM32N6/STM32Cube_FW_N6/Drivers/STM32N6xx_HAL_Driver/Src/stm32n6xx_hal_dcmipp.c:4934:10:HAL_DCMIPP_PIPE_IsEnabledISPBadPixelRemoval	16	static
C:/FD/stm32ai-modelzoo-services/application_code/face_detection/STM32N6/STM32Cube_FW_N6/Drivers/STM32N6xx_HAL_Driver/Src/stm32n6xx_hal_dcmipp.c:4957:19:HAL_DCMIPP_PIPE_GetISPRemovedBadPixelCounter	16	static
C:/FD/stm32ai-modelzoo-services/application_code/face_detection/STM32N6/STM32Cube_FW_N6/Drivers/STM32N6xx_HAL_Driver/Src/stm32n6xx_hal_dcmipp.c:4995:19:HAL_DCMIPP_PIPE_SetRegionOfInterestConfig	16	static
C:/FD/stm32ai-modelzoo-services/application_code/face_detection/STM32N6/STM32Cube_FW_N6/Drivers/STM32N6xx_HAL_Driver/Src/stm32n6xx_hal_dcmipp.c:5069:19:HAL_DCMIPP_PIPE_EnableRegionOfInterest	8	static
C:/FD/stm32ai-modelzoo-services/application_code/face_detection/STM32N6/STM32Cube_FW_N6/Drivers/STM32N6xx_HAL_Driver/Src/stm32n6xx_hal_dcmipp.c:5105:19:HAL_DCMIPP_PIPE_DisableRegionOfInterest	8	static
C:/FD/stm32ai-modelzoo-services/application_code/face_detection/STM32N6/STM32Cube_FW_N6/Drivers/STM32N6xx_HAL_Driver/Src/stm32n6xx_hal_dcmipp.c:5143:19:HAL_DCMIPP_PIPE_SetISPColorConversionConfig	16	static
C:/FD/stm32ai-modelzoo-services/application_code/face_detection/STM32N6/STM32Cube_FW_N6/Drivers/STM32N6xx_HAL_Driver/Src/stm32n6xx_hal_dcmipp.c:5235:19:HAL_DCMIPP_PIPE_EnableISPColorConversion	8	static
C:/FD/stm32ai-modelzoo-services/application_code/face_detection/STM32N6/STM32Cube_FW_N6/Drivers/STM32N6xx_HAL_Driver/Src/stm32n6xx_hal_dcmipp.c:5263:19:HAL_DCMIPP_PIPE_DisableISPColorConversion	8	static
C:/FD/stm32ai-modelzoo-services/application_code/face_detection/STM32N6/STM32Cube_FW_N6/Drivers/STM32N6xx_HAL_Driver/Src/stm32n6xx_hal_dcmipp.c:5299:19:HAL_DCMIPP_PIPE_SetYUVConversionConfig	16	static
C:/FD/stm32ai-modelzoo-services/application_code/face_detection/STM32N6/STM32Cube_FW_N6/Drivers/STM32N6xx_HAL_Driver/Src/stm32n6xx_hal_dcmipp.c:5390:19:HAL_DCMIPP_PIPE_EnableYUVConversion	8	static
C:/FD/stm32ai-modelzoo-services/application_code/face_detection/STM32N6/STM32Cube_FW_N6/Drivers/STM32N6xx_HAL_Driver/Src/stm32n6xx_hal_dcmipp.c:5418:19:HAL_DCMIPP_PIPE_DisableYUVConversion	8	static
C:/FD/stm32ai-modelzoo-services/application_code/face_detection/STM32N6/STM32Cube_FW_N6/Drivers/STM32N6xx_HAL_Driver/Src/stm32n6xx_hal_dcmipp.c:5457:19:HAL_DCMIPP_PIPE_SetISPBlackLevelCalibrationConfig	8	static
C:/FD/stm32ai-modelzoo-services/application_code/face_detection/STM32N6/STM32Cube_FW_N6/Drivers/STM32N6xx_HAL_Driver/Src/stm32n6xx_hal_dcmipp.c:5490:19:HAL_DCMIPP_PIPE_EnableISPBlackLevelCalibration	8	static
C:/FD/stm32ai-modelzoo-services/application_code/face_detection/STM32N6/STM32Cube_FW_N6/Drivers/STM32N6xx_HAL_Driver/Src/stm32n6xx_hal_dcmipp.c:5518:19:HAL_DCMIPP_PIPE_DisableISPBlackLevelCalibration	8	static
C:/FD/stm32ai-modelzoo-services/application_code/face_detection/STM32N6/STM32Cube_FW_N6/Drivers/STM32N6xx_HAL_Driver/Src/stm32n6xx_hal_dcmipp.c:5548:6:HAL_DCMIPP_PIPE_GetISPBlackLevelCalibrationConfig	0	static
C:/FD/stm32ai-modelzoo-services/application_code/face_detection/STM32N6/STM32Cube_FW_N6/Drivers/STM32N6xx_HAL_Driver/Src/stm32n6xx_hal_dcmipp.c:5570:10:HAL_DCMIPP_PIPE_IsEnabledISPBlackLevelCalibration	16	static
C:/FD/stm32ai-modelzoo-services/application_code/face_detection/STM32N6/STM32Cube_FW_N6/Drivers/STM32N6xx_HAL_Driver/Src/stm32n6xx_hal_dcmipp.c:5596:19:HAL_DCMIPP_PIPE_SetISPStatisticExtractionConfig	24	static
C:/FD/stm32ai-modelzoo-services/application_code/face_detection/STM32N6/STM32Cube_FW_N6/Drivers/STM32N6xx_HAL_Driver/Src/stm32n6xx_hal_dcmipp.c:5653:19:HAL_DCMIPP_PIPE_SetISPAreaStatisticExtractionConfig	16	static
C:/FD/stm32ai-modelzoo-services/application_code/face_detection/STM32N6/STM32Cube_FW_N6/Drivers/STM32N6xx_HAL_Driver/Src/stm32n6xx_hal_dcmipp.c:5694:19:HAL_DCMIPP_PIPE_EnableISPStatisticExtraction	16	static
C:/FD/stm32ai-modelzoo-services/application_code/face_detection/STM32N6/STM32Cube_FW_N6/Drivers/STM32N6xx_HAL_Driver/Src/stm32n6xx_hal_dcmipp.c:5738:19:HAL_DCMIPP_PIPE_DisableISPStatisticExtraction	16	static
C:/FD/stm32ai-modelzoo-services/application_code/face_detection/STM32N6/STM32Cube_FW_N6/Drivers/STM32N6xx_HAL_Driver/Src/stm32n6xx_hal_dcmipp.c:5783:19:HAL_DCMIPP_PIPE_EnableISPAreaStatisticExtraction	8	static
C:/FD/stm32ai-modelzoo-services/application_code/face_detection/STM32N6/STM32Cube_FW_N6/Drivers/STM32N6xx_HAL_Driver/Src/stm32n6xx_hal_dcmipp.c:5812:19:HAL_DCMIPP_PIPE_DisableISPAreaStatisticExtraction	8	static
C:/FD/stm32ai-modelzoo-services/application_code/face_detection/STM32N6/STM32Cube_FW_N6/Drivers/STM32N6xx_HAL_Driver/Src/stm32n6xx_hal_dcmipp.c:5841:19:HAL_DCMIPP_PIPE_SetISPExposureConfig	16	static
C:/FD/stm32ai-modelzoo-services/application_code/face_detection/STM32N6/STM32Cube_FW_N6/Drivers/STM32N6xx_HAL_Driver/Src/stm32n6xx_hal_dcmipp.c:5881:19:HAL_DCMIPP_PIPE_EnableISPExposure	8	static
C:/FD/stm32ai-modelzoo-services/application_code/face_detection/STM32N6/STM32Cube_FW_N6/Drivers/STM32N6xx_HAL_Driver/Src/stm32n6xx_hal_dcmipp.c:5909:19:HAL_DCMIPP_PIPE_DisableISPExposure	8	static
C:/FD/stm32ai-modelzoo-services/application_code/face_detection/STM32N6/STM32Cube_FW_N6/Drivers/STM32N6xx_HAL_Driver/Src/stm32n6xx_hal_dcmipp.c:5938:19:HAL_DCMIPP_PIPE_SetISPCtrlContrastConfig	16	static
C:/FD/stm32ai-modelzoo-services/application_code/face_detection/STM32N6/STM32Cube_FW_N6/Drivers/STM32N6xx_HAL_Driver/Src/stm32n6xx_hal_dcmipp.c:5988:19:HAL_DCMIPP_PIPE_EnableISPCtrlContrast	8	static
C:/FD/stm32ai-modelzoo-services/application_code/face_detection/STM32N6/STM32Cube_FW_N6/Drivers/STM32N6xx_HAL_Driver/Src/stm32n6xx_hal_dcmipp.c:6016:19:HAL_DCMIPP_PIPE_DisableISPCtrlContrast	8	static
C:/FD/stm32ai-modelzoo-services/application_code/face_detection/STM32N6/STM32Cube_FW_N6/Drivers/STM32N6xx_HAL_Driver/Src/stm32n6xx_hal_dcmipp.c:6051:19:HAL_DCMIPP_PIPE_SetFrameRate	16	static
C:/FD/stm32ai-modelzoo-services/application_code/face_detection/STM32N6/STM32Cube_FW_N6/Drivers/STM32N6xx_HAL_Driver/Src/stm32n6xx_hal_dcmipp.c:6090:19:HAL_DCMIPP_PIPE_SetPitch	16	static
C:/FD/stm32ai-modelzoo-services/application_code/face_detection/STM32N6/STM32Cube_FW_N6/Drivers/STM32N6xx_HAL_Driver/Src/stm32n6xx_hal_dcmipp.c:6125:19:HAL_DCMIPP_PIPE_SetPixelPackerFormat	16	static
C:/FD/stm32ai-modelzoo-services/application_code/face_detection/STM32N6/STM32Cube_FW_N6/Drivers/STM32N6xx_HAL_Driver/Src/stm32n6xx_hal_dcmipp.c:6162:19:HAL_DCMIPP_PIPE_SetCaptureMode	16	static
C:/FD/stm32ai-modelzoo-services/application_code/face_detection/STM32N6/STM32Cube_FW_N6/Drivers/STM32N6xx_HAL_Driver/Src/stm32n6xx_hal_dcmipp.c:6200:19:HAL_DCMIPP_PIPE_EnableCapture	0	static
C:/FD/stm32ai-modelzoo-services/application_code/face_detection/STM32N6/STM32Cube_FW_N6/Drivers/STM32N6xx_HAL_Driver/Src/stm32n6xx_hal_dcmipp.c:6237:19:HAL_DCMIPP_PIPE_SetMemoryAddress	24	static
C:/FD/stm32ai-modelzoo-services/application_code/face_detection/STM32N6/STM32Cube_FW_N6/Drivers/STM32N6xx_HAL_Driver/Src/stm32n6xx_hal_dcmipp.c:6313:19:HAL_DCMIPP_PIPE_SetSemiPlanarMemoryAddress	16	static
C:/FD/stm32ai-modelzoo-services/application_code/face_detection/STM32N6/STM32Cube_FW_N6/Drivers/STM32N6xx_HAL_Driver/Src/stm32n6xx_hal_dcmipp.c:6348:19:HAL_DCMIPP_PIPE_SetFullPlanarMemoryAddress	16	static
C:/FD/stm32ai-modelzoo-services/application_code/face_detection/STM32N6/STM32Cube_FW_N6/Drivers/STM32N6xx_HAL_Driver/Src/stm32n6xx_hal_dcmipp.c:6384:19:HAL_DCMIPP_PIPE_PARALLEL_SetInputPixelFormat	16	static
C:/FD/stm32ai-modelzoo-services/application_code/face_detection/STM32N6/STM32Cube_FW_N6/Drivers/STM32N6xx_HAL_Driver/Src/stm32n6xx_hal_dcmipp.c:6414:19:HAL_DCMIPP_PARALLEL_SetSyncUnmask	0	static
C:/FD/stm32ai-modelzoo-services/application_code/face_detection/STM32N6/STM32Cube_FW_N6/Drivers/STM32N6xx_HAL_Driver/Src/stm32n6xx_hal_dcmipp.c:6460:19:HAL_DCMIPP_PIPE_EnableComponentsSwap	8	static
C:/FD/stm32ai-modelzoo-services/application_code/face_detection/STM32N6/STM32Cube_FW_N6/Drivers/STM32N6xx_HAL_Driver/Src/stm32n6xx_hal_dcmipp.c:6494:19:HAL_DCMIPP_PIPE_DisableComponentsSwap	8	static
C:/FD/stm32ai-modelzoo-services/application_code/face_detection/STM32N6/STM32Cube_FW_N6/Drivers/STM32N6xx_HAL_Driver/Src/stm32n6xx_hal_dcmipp.c:6528:19:HAL_DCMIPP_PIPE_EnableRedBlueSwap	16	static
C:/FD/stm32ai-modelzoo-services/application_code/face_detection/STM32N6/STM32Cube_FW_N6/Drivers/STM32N6xx_HAL_Driver/Src/stm32n6xx_hal_dcmipp.c:6562:19:HAL_DCMIPP_PIPE_DisableRedBlueSwap	16	static
C:/FD/stm32ai-modelzoo-services/application_code/face_detection/STM32N6/STM32Cube_FW_N6/Drivers/STM32N6xx_HAL_Driver/Src/stm32n6xx_hal_dcmipp.c:6596:19:HAL_DCMIPP_PIPE_EnableYUVSwap	16	static
C:/FD/stm32ai-modelzoo-services/application_code/face_detection/STM32N6/STM32Cube_FW_N6/Drivers/STM32N6xx_HAL_Driver/Src/stm32n6xx_hal_dcmipp.c:6626:19:HAL_DCMIPP_PIPE_DisableYUVSwap	16	static
C:/FD/stm32ai-modelzoo-services/application_code/face_detection/STM32N6/STM32Cube_FW_N6/Drivers/STM32N6xx_HAL_Driver/Src/stm32n6xx_hal_dcmipp.c:6672:19:HAL_DCMIPP_PIPE_EnableLineEvent	16	static
C:/FD/stm32ai-modelzoo-services/application_code/face_detection/STM32N6/STM32Cube_FW_N6/Drivers/STM32N6xx_HAL_Driver/Src/stm32n6xx_hal_dcmipp.c:6714:19:HAL_DCMIPP_PIPE_DisableLineEvent	8	static
C:/FD/stm32ai-modelzoo-services/application_code/face_detection/STM32N6/STM32Cube_FW_N6/Drivers/STM32N6xx_HAL_Driver/Src/stm32n6xx_hal_dcmipp.c:6745:19:HAL_DCMIPP_PIPE_SetLineWrappingConfig	16	static
C:/FD/stm32ai-modelzoo-services/application_code/face_detection/STM32N6/STM32Cube_FW_N6/Drivers/STM32N6xx_HAL_Driver/Src/stm32n6xx_hal_dcmipp.c:6779:19:HAL_DCMIPP_PIPE_EnableLineWrapping	8	static
C:/FD/stm32ai-modelzoo-services/application_code/face_detection/STM32N6/STM32Cube_FW_N6/Drivers/STM32N6xx_HAL_Driver/Src/stm32n6xx_hal_dcmipp.c:6812:19:HAL_DCMIPP_PIPE_DisableLineWrapping	8	static
C:/FD/stm32ai-modelzoo-services/application_code/face_detection/STM32N6/STM32Cube_FW_N6/Drivers/STM32N6xx_HAL_Driver/Src/stm32n6xx_hal_dcmipp.c:6852:19:HAL_DCMIPP_PIPE_CSI_EnableShare	8	static
C:/FD/stm32ai-modelzoo-services/application_code/face_detection/STM32N6/STM32Cube_FW_N6/Drivers/STM32N6xx_HAL_Driver/Src/stm32n6xx_hal_dcmipp.c:6886:19:HAL_DCMIPP_PIPE_CSI_DisableShare	8	static
C:/FD/stm32ai-modelzoo-services/application_code/face_detection/STM32N6/STM32Cube_FW_N6/Drivers/STM32N6xx_HAL_Driver/Src/stm32n6xx_hal_dcmipp.c:6921:19:HAL_DCMIPP_PIPE_CSI_ForceDataTypeFormat	24	static
C:/FD/stm32ai-modelzoo-services/application_code/face_detection/STM32N6/STM32Cube_FW_N6/Drivers/STM32N6xx_HAL_Driver/Src/stm32n6xx_hal_dcmipp.c:6965:19:HAL_DCMIPP_PIPE_CSI_SetDTMode	16	static
C:/FD/stm32ai-modelzoo-services/application_code/face_detection/STM32N6/STM32Cube_FW_N6/Drivers/STM32N6xx_HAL_Driver/Src/stm32n6xx_hal_dcmipp.c:6993:19:HAL_DCMIPP_PIPE_CSI_SetDTSelection	24	static
C:/FD/stm32ai-modelzoo-services/application_code/face_detection/STM32N6/STM32Cube_FW_N6/Drivers/STM32N6xx_HAL_Driver/Src/stm32n6xx_hal_dcmipp.c:7042:19:HAL_DCMIPP_PIPE_CSI_EnableHeader	8	static
C:/FD/stm32ai-modelzoo-services/application_code/face_detection/STM32N6/STM32Cube_FW_N6/Drivers/STM32N6xx_HAL_Driver/Src/stm32n6xx_hal_dcmipp.c:7063:19:HAL_DCMIPP_PIPE_CSI_DisableHeader	8	static
C:/FD/stm32ai-modelzoo-services/application_code/face_detection/STM32N6/STM32Cube_FW_N6/Drivers/STM32N6xx_HAL_Driver/Src/stm32n6xx_hal_dcmipp.c:7090:19:HAL_DCMIPP_PIPE_SetFrameCounterConfig	16	static
C:/FD/stm32ai-modelzoo-services/application_code/face_detection/STM32N6/STM32Cube_FW_N6/Drivers/STM32N6xx_HAL_Driver/Src/stm32n6xx_hal_dcmipp.c:7122:19:HAL_DCMIPP_PIPE_ResetFrameCounter	8	static
C:/FD/stm32ai-modelzoo-services/application_code/face_detection/STM32N6/STM32Cube_FW_N6/Drivers/STM32N6xx_HAL_Driver/Src/stm32n6xx_hal_dcmipp.c:7154:19:HAL_DCMIPP_PIPE_ReadFrameCounter	16	static
C:/FD/stm32ai-modelzoo-services/application_code/face_detection/STM32N6/STM32Cube_FW_N6/Drivers/STM32N6xx_HAL_Driver/Src/stm32n6xx_hal_dcmipp.c:7197:19:HAL_DCMIPP_PIPE_GetDataCounter	16	static
C:/FD/stm32ai-modelzoo-services/application_code/face_detection/STM32N6/STM32Cube_FW_N6/Drivers/STM32N6xx_HAL_Driver/Src/stm32n6xx_hal_dcmipp.c:7230:19:HAL_DCMIPP_PIPE_GetISPAccumulatedStatisticsCounter	24	static
C:/FD/stm32ai-modelzoo-services/application_code/face_detection/STM32N6/STM32Cube_FW_N6/Drivers/STM32N6xx_HAL_Driver/Src/stm32n6xx_hal_dcmipp.c:7273:10:HAL_DCMIPP_GetMode	8	static
C:/FD/stm32ai-modelzoo-services/application_code/face_detection/STM32N6/STM32Cube_FW_N6/Drivers/STM32N6xx_HAL_Driver/Src/stm32n6xx_hal_dcmipp.c:7288:10:HAL_DCMIPP_PIPE_GetMemoryAddress	16	static
C:/FD/stm32ai-modelzoo-services/application_code/face_detection/STM32N6/STM32Cube_FW_N6/Drivers/STM32N6xx_HAL_Driver/Src/stm32n6xx_hal_dcmipp.c:7338:6:HAL_DCMIPP_PIPE_GetISPDecimationConfig	0	static
C:/FD/stm32ai-modelzoo-services/application_code/face_detection/STM32N6/STM32Cube_FW_N6/Drivers/STM32N6xx_HAL_Driver/Src/stm32n6xx_hal_dcmipp.c:7364:6:HAL_DCMIPP_PIPE_GetISPStatisticExtractionConfig	0	static
C:/FD/stm32ai-modelzoo-services/application_code/face_detection/STM32N6/STM32Cube_FW_N6/Drivers/STM32N6xx_HAL_Driver/Src/stm32n6xx_hal_dcmipp.c:7403:6:HAL_DCMIPP_PIPE_GetISPAreaStatisticExtractionConfig	0	static
C:/FD/stm32ai-modelzoo-services/application_code/face_detection/STM32N6/STM32Cube_FW_N6/Drivers/STM32N6xx_HAL_Driver/Src/stm32n6xx_hal_dcmipp.c:7430:6:HAL_DCMIPP_PIPE_GetISPCtrlContrastConfig	0	static
C:/FD/stm32ai-modelzoo-services/application_code/face_detection/STM32N6/STM32Cube_FW_N6/Drivers/STM32N6xx_HAL_Driver/Src/stm32n6xx_hal_dcmipp.c:7465:6:HAL_DCMIPP_PIPE_GetISPExposureConfig	0	static
C:/FD/stm32ai-modelzoo-services/application_code/face_detection/STM32N6/STM32Cube_FW_N6/Drivers/STM32N6xx_HAL_Driver/Src/stm32n6xx_hal_dcmipp.c:7496:6:HAL_DCMIPP_PIPE_GetISPRawBayer2RGBConfig	0	static
C:/FD/stm32ai-modelzoo-services/application_code/face_detection/STM32N6/STM32Cube_FW_N6/Drivers/STM32N6xx_HAL_Driver/Src/stm32n6xx_hal_dcmipp.c:7522:6:HAL_DCMIPP_PIPE_GetISPColorConversionConfig	0	static
C:/FD/stm32ai-modelzoo-services/application_code/face_detection/STM32N6/STM32Cube_FW_N6/Drivers/STM32N6xx_HAL_Driver/Src/stm32n6xx_hal_dcmipp.c:7590:6:HAL_DCMIPP_PIPE_GetISPRemovalStatisticConfig	0	static
C:/FD/stm32ai-modelzoo-services/application_code/face_detection/STM32N6/STM32Cube_FW_N6/Drivers/STM32N6xx_HAL_Driver/Src/stm32n6xx_hal_dcmipp.c:7613:10:HAL_DCMIPP_PIPE_IsEnabledISPRemovalStatistic	16	static
C:/FD/stm32ai-modelzoo-services/application_code/face_detection/STM32N6/STM32Cube_FW_N6/Drivers/STM32N6xx_HAL_Driver/Src/stm32n6xx_hal_dcmipp.c:7627:10:HAL_DCMIPP_PIPE_IsEnabledISPDecimation	16	static
C:/FD/stm32ai-modelzoo-services/application_code/face_detection/STM32N6/STM32Cube_FW_N6/Drivers/STM32N6xx_HAL_Driver/Src/stm32n6xx_hal_dcmipp.c:7649:10:HAL_DCMIPP_PIPE_IsEnabledISPExposure	16	static
C:/FD/stm32ai-modelzoo-services/application_code/face_detection/STM32N6/STM32Cube_FW_N6/Drivers/STM32N6xx_HAL_Driver/Src/stm32n6xx_hal_dcmipp.c:7671:10:HAL_DCMIPP_PIPE_IsEnabledISPRawBayer2RGB	16	static
C:/FD/stm32ai-modelzoo-services/application_code/face_detection/STM32N6/STM32Cube_FW_N6/Drivers/STM32N6xx_HAL_Driver/Src/stm32n6xx_hal_dcmipp.c:7693:10:HAL_DCMIPP_PIPE_IsEnabledISPColorConversion	16	static
C:/FD/stm32ai-modelzoo-services/application_code/face_detection/STM32N6/STM32Cube_FW_N6/Drivers/STM32N6xx_HAL_Driver/Src/stm32n6xx_hal_dcmipp.c:7715:10:HAL_DCMIPP_PIPE_IsEnabledISPCtrlContrast	16	static
C:/FD/stm32ai-modelzoo-services/application_code/face_detection/STM32N6/STM32Cube_FW_N6/Drivers/STM32N6xx_HAL_Driver/Src/stm32n6xx_hal_dcmipp.c:7739:10:HAL_DCMIPP_PIPE_IsEnabledISPStatisticExtraction	16	static
C:/FD/stm32ai-modelzoo-services/application_code/face_detection/STM32N6/STM32Cube_FW_N6/Drivers/STM32N6xx_HAL_Driver/Src/stm32n6xx_hal_dcmipp.c:7774:10:HAL_DCMIPP_PIPE_IsEnabledISPAreaStatisticExtraction	16	static
C:/FD/stm32ai-modelzoo-services/application_code/face_detection/STM32N6/STM32Cube_FW_N6/Drivers/STM32N6xx_HAL_Driver/Src/stm32n6xx_hal_dcmipp.c:7810:19:HAL_DCMIPP_CSI_SetLineByteCounterConfig	16	static
C:/FD/stm32ai-modelzoo-services/application_code/face_detection/STM32N6/STM32Cube_FW_N6/Drivers/STM32N6xx_HAL_Driver/Src/stm32n6xx_hal_dcmipp.c:7863:19:HAL_DCMIPP_CSI_EnableLineByteCounter	16	static
C:/FD/stm32ai-modelzoo-services/application_code/face_detection/STM32N6/STM32Cube_FW_N6/Drivers/STM32N6xx_HAL_Driver/Src/stm32n6xx_hal_dcmipp.c:7890:19:HAL_DCMIPP_CSI_DisableLineByteCounter	16	static
C:/FD/stm32ai-modelzoo-services/application_code/face_detection/STM32N6/STM32Cube_FW_N6/Drivers/STM32N6xx_HAL_Driver/Src/stm32n6xx_hal_dcmipp.c:7919:19:HAL_DCMIPP_CSI_SetTimerConfig	16	static
C:/FD/stm32ai-modelzoo-services/application_code/face_detection/STM32N6/STM32Cube_FW_N6/Drivers/STM32N6xx_HAL_Driver/Src/stm32n6xx_hal_dcmipp.c:7972:19:HAL_DCMIPP_CSI_EnableTimer	16	static
C:/FD/stm32ai-modelzoo-services/application_code/face_detection/STM32N6/STM32Cube_FW_N6/Drivers/STM32N6xx_HAL_Driver/Src/stm32n6xx_hal_dcmipp.c:7999:19:HAL_DCMIPP_CSI_DisableTimer	16	static
C:/FD/stm32ai-modelzoo-services/application_code/face_detection/STM32N6/STM32Cube_FW_N6/Drivers/STM32N6xx_HAL_Driver/Src/stm32n6xx_hal_dcmipp.c:8026:19:HAL_DCMIPP_CSI_SetWatchdogCounterConfig	0	static
C:/FD/stm32ai-modelzoo-services/application_code/face_detection/STM32N6/STM32Cube_FW_N6/Drivers/STM32N6xx_HAL_Driver/Src/stm32n6xx_hal_dcmipp.c:8055:25:HAL_DCMIPP_GetState	0	static
C:/FD/stm32ai-modelzoo-services/application_code/face_detection/STM32N6/STM32Cube_FW_N6/Drivers/STM32N6xx_HAL_Driver/Src/stm32n6xx_hal_dcmipp.c:8064:10:HAL_DCMIPP_GetError	0	static
C:/FD/stm32ai-modelzoo-services/application_code/face_detection/STM32N6/STM32Cube_FW_N6/Drivers/STM32N6xx_HAL_Driver/Src/stm32n6xx_hal_dcmipp.c:8074:29:HAL_DCMIPP_PIPE_GetState	16	static
