C:/FD/stm32ai-modelzoo-services/application_code/face_detection/STM32N6/STM32Cube_FW_N6/Drivers/STM32N6xx_HAL_Driver/Src/stm32n6xx_hal.c:201:13:HAL_MspInit	0	static
C:/FD/stm32ai-modelzoo-services/application_code/face_detection/STM32N6/STM32Cube_FW_N6/Drivers/STM32N6xx_HAL_Driver/Src/stm32n6xx_hal.c:212:13:HAL_MspDeInit	0	static
C:/FD/stm32ai-modelzoo-services/application_code/face_detection/STM32N6/STM32Cube_FW_N6/Drivers/STM32N6xx_HAL_Driver/Src/stm32n6xx_hal.c:160:19:HAL_DeInit	8	static
C:/FD/stm32ai-modelzoo-services/application_code/face_detection/STM32N6/STM32Cube_FW_N6/Drivers/STM32N6xx_HAL_Driver/Src/stm32n6xx_hal.c:235:26:HAL_InitTick	16	static
C:/FD/stm32ai-modelzoo-services/application_code/face_detection/STM32N6/STM32Cube_FW_N6/Drivers/STM32N6xx_HAL_Driver/Src/stm32n6xx_hal.c:132:19:HAL_Init	8	static
C:/FD/stm32ai-modelzoo-services/application_code/face_detection/STM32N6/STM32Cube_FW_N6/Drivers/STM32N6xx_HAL_Driver/Src/stm32n6xx_hal.c:300:13:HAL_IncTick	0	static
C:/FD/stm32ai-modelzoo-services/application_code/face_detection/STM32N6/STM32Cube_FW_N6/Drivers/STM32N6xx_HAL_Driver/Src/stm32n6xx_hal.c:311:17:HAL_GetTick	0	static
C:/FD/stm32ai-modelzoo-services/application_code/face_detection/STM32N6/STM32Cube_FW_N6/Drivers/STM32N6xx_HAL_Driver/Src/stm32n6xx_hal.c:320:10:HAL_GetTickPrio	0	static
C:/FD/stm32ai-modelzoo-services/application_code/face_detection/STM32N6/STM32Cube_FW_N6/Drivers/STM32N6xx_HAL_Driver/Src/stm32n6xx_hal.c:330:19:HAL_SetTickFreq	16	static
C:/FD/stm32ai-modelzoo-services/application_code/face_detection/STM32N6/STM32Cube_FW_N6/Drivers/STM32N6xx_HAL_Driver/Src/stm32n6xx_hal.c:362:21:HAL_GetTickFreq	0	static
C:/FD/stm32ai-modelzoo-services/application_code/face_detection/STM32N6/STM32Cube_FW_N6/Drivers/STM32N6xx_HAL_Driver/Src/stm32n6xx_hal.c:378:13:HAL_Delay	16	static
C:/FD/stm32ai-modelzoo-services/application_code/face_detection/STM32N6/STM32Cube_FW_N6/Drivers/STM32N6xx_HAL_Driver/Src/stm32n6xx_hal.c:404:13:HAL_SuspendTick	0	static
C:/FD/stm32ai-modelzoo-services/application_code/face_detection/STM32N6/STM32Cube_FW_N6/Drivers/STM32N6xx_HAL_Driver/Src/stm32n6xx_hal.c:420:13:HAL_ResumeTick	0	static
C:/FD/stm32ai-modelzoo-services/application_code/face_detection/STM32N6/STM32Cube_FW_N6/Drivers/STM32N6xx_HAL_Driver/Src/stm32n6xx_hal.c:430:10:HAL_GetHalVersion	0	static
C:/FD/stm32ai-modelzoo-services/application_code/face_detection/STM32N6/STM32Cube_FW_N6/Drivers/STM32N6xx_HAL_Driver/Src/stm32n6xx_hal.c:443:10:HAL_GetREVID	0	static
C:/FD/stm32ai-modelzoo-services/application_code/face_detection/STM32N6/STM32Cube_FW_N6/Drivers/STM32N6xx_HAL_Driver/Src/stm32n6xx_hal.c:461:10:HAL_GetDEVID	24	static
C:/FD/stm32ai-modelzoo-services/application_code/face_detection/STM32N6/STM32Cube_FW_N6/Drivers/STM32N6xx_HAL_Driver/Src/stm32n6xx_hal.c:490:10:HAL_GetUIDw0	0	static
C:/FD/stm32ai-modelzoo-services/application_code/face_detection/STM32N6/STM32Cube_FW_N6/Drivers/STM32N6xx_HAL_Driver/Src/stm32n6xx_hal.c:500:10:HAL_GetUIDw1	0	static
C:/FD/stm32ai-modelzoo-services/application_code/face_detection/STM32N6/STM32Cube_FW_N6/Drivers/STM32N6xx_HAL_Driver/Src/stm32n6xx_hal.c:510:10:HAL_GetUIDw2	0	static
C:/FD/stm32ai-modelzoo-services/application_code/face_detection/STM32N6/STM32Cube_FW_N6/Drivers/STM32N6xx_HAL_Driver/Src/stm32n6xx_hal.c:539:6:HAL_DBGMCU_EnableDBGSleepMode	0	static
C:/FD/stm32ai-modelzoo-services/application_code/face_detection/STM32N6/STM32Cube_FW_N6/Drivers/STM32N6xx_HAL_Driver/Src/stm32n6xx_hal.c:548:6:HAL_DBGMCU_DisableDBGSleepMode	0	static
C:/FD/stm32ai-modelzoo-services/application_code/face_detection/STM32N6/STM32Cube_FW_N6/Drivers/STM32N6xx_HAL_Driver/Src/stm32n6xx_hal.c:557:6:HAL_DBGMCU_EnableDBGStopMode	0	static
C:/FD/stm32ai-modelzoo-services/application_code/face_detection/STM32N6/STM32Cube_FW_N6/Drivers/STM32N6xx_HAL_Driver/Src/stm32n6xx_hal.c:566:6:HAL_DBGMCU_DisableDBGStopMode	0	static
C:/FD/stm32ai-modelzoo-services/application_code/face_detection/STM32N6/STM32Cube_FW_N6/Drivers/STM32N6xx_HAL_Driver/Src/stm32n6xx_hal.c:575:6:HAL_DBGMCU_EnableDBGStandbyMode	0	static
C:/FD/stm32ai-modelzoo-services/application_code/face_detection/STM32N6/STM32Cube_FW_N6/Drivers/STM32N6xx_HAL_Driver/Src/stm32n6xx_hal.c:584:6:HAL_DBGMCU_DisableDBGStandbyMode	0	static
C:/FD/stm32ai-modelzoo-services/application_code/face_detection/STM32N6/STM32Cube_FW_N6/Drivers/STM32N6xx_HAL_Driver/Src/stm32n6xx_hal.c:647:6:HAL_SYSCFG_EnablePullDown	8	static
C:/FD/stm32ai-modelzoo-services/application_code/face_detection/STM32N6/STM32Cube_FW_N6/Drivers/STM32N6xx_HAL_Driver/Src/stm32n6xx_hal.c:663:6:HAL_SYSCFG_DisablePullDown	8	static
C:/FD/stm32ai-modelzoo-services/application_code/face_detection/STM32N6/STM32Cube_FW_N6/Drivers/STM32N6xx_HAL_Driver/Src/stm32n6xx_hal.c:678:6:HAL_SYSCFG_Lock	8	static
C:/FD/stm32ai-modelzoo-services/application_code/face_detection/STM32N6/STM32Cube_FW_N6/Drivers/STM32N6xx_HAL_Driver/Src/stm32n6xx_hal.c:692:19:HAL_SYSCFG_GetLock	0	static
C:/FD/stm32ai-modelzoo-services/application_code/face_detection/STM32N6/STM32Cube_FW_N6/Drivers/STM32N6xx_HAL_Driver/Src/stm32n6xx_hal.c:722:6:HAL_SYSCFG_SetTCMSize	16	static
C:/FD/stm32ai-modelzoo-services/application_code/face_detection/STM32N6/STM32Cube_FW_N6/Drivers/STM32N6xx_HAL_Driver/Src/stm32n6xx_hal.c:744:19:HAL_SYSCFG_GetTCMSize	0	static
C:/FD/stm32ai-modelzoo-services/application_code/face_detection/STM32N6/STM32Cube_FW_N6/Drivers/STM32N6xx_HAL_Driver/Src/stm32n6xx_hal.c:768:6:HAL_SYSCFG_LockWriteAccess	8	static
C:/FD/stm32ai-modelzoo-services/application_code/face_detection/STM32N6/STM32Cube_FW_N6/Drivers/STM32N6xx_HAL_Driver/Src/stm32n6xx_hal.c:782:19:HAL_SYSCFG_GetLockWriteAccess	0	static
C:/FD/stm32ai-modelzoo-services/application_code/face_detection/STM32N6/STM32Cube_FW_N6/Drivers/STM32N6xx_HAL_Driver/Src/stm32n6xx_hal.c:800:6:HAL_SYSCFG_EnableITCMWaiteState	0	static
C:/FD/stm32ai-modelzoo-services/application_code/face_detection/STM32N6/STM32Cube_FW_N6/Drivers/STM32N6xx_HAL_Driver/Src/stm32n6xx_hal.c:809:6:HAL_SYSCFG_DisableITCMWaiteState	0	static
C:/FD/stm32ai-modelzoo-services/application_code/face_detection/STM32N6/STM32Cube_FW_N6/Drivers/STM32N6xx_HAL_Driver/Src/stm32n6xx_hal.c:818:6:HAL_SYSCFG_EnableDTCMWaiteState	0	static
C:/FD/stm32ai-modelzoo-services/application_code/face_detection/STM32N6/STM32Cube_FW_N6/Drivers/STM32N6xx_HAL_Driver/Src/stm32n6xx_hal.c:827:6:HAL_SYSCFG_DisableDTCMWaiteState	0	static
C:/FD/stm32ai-modelzoo-services/application_code/face_detection/STM32N6/STM32Cube_FW_N6/Drivers/STM32N6xx_HAL_Driver/Src/stm32n6xx_hal.c:836:6:HAL_SYSCFG_EnableTCMExternalMargin	0	static
C:/FD/stm32ai-modelzoo-services/application_code/face_detection/STM32N6/STM32Cube_FW_N6/Drivers/STM32N6xx_HAL_Driver/Src/stm32n6xx_hal.c:845:6:HAL_SYSCFG_DisableTCMExternalMargin	0	static
C:/FD/stm32ai-modelzoo-services/application_code/face_detection/STM32N6/STM32Cube_FW_N6/Drivers/STM32N6xx_HAL_Driver/Src/stm32n6xx_hal.c:855:6:HAL_SYSCFG_SetTCMRWMarginInput	8	static
C:/FD/stm32ai-modelzoo-services/application_code/face_detection/STM32N6/STM32Cube_FW_N6/Drivers/STM32N6xx_HAL_Driver/Src/stm32n6xx_hal.c:867:19:HAL_SYSCFG_GetTCMRWMarginInput	0	static
C:/FD/stm32ai-modelzoo-services/application_code/face_detection/STM32N6/STM32Cube_FW_N6/Drivers/STM32N6xx_HAL_Driver/Src/stm32n6xx_hal.c:889:6:HAL_SYSCFG_SetTCMBiasingLevel	8	static
C:/FD/stm32ai-modelzoo-services/application_code/face_detection/STM32N6/STM32Cube_FW_N6/Drivers/STM32N6xx_HAL_Driver/Src/stm32n6xx_hal.c:905:19:HAL_SYSCFG_GetTCMBiasingLevel	0	static
C:/FD/stm32ai-modelzoo-services/application_code/face_detection/STM32N6/STM32Cube_FW_N6/Drivers/STM32N6xx_HAL_Driver/Src/stm32n6xx_hal.c:923:6:HAL_SYSCFG_EnableCacheExternalMargin	0	static
C:/FD/stm32ai-modelzoo-services/application_code/face_detection/STM32N6/STM32Cube_FW_N6/Drivers/STM32N6xx_HAL_Driver/Src/stm32n6xx_hal.c:932:6:HAL_SYSCFG_DisableCacheExternalMargin	0	static
C:/FD/stm32ai-modelzoo-services/application_code/face_detection/STM32N6/STM32Cube_FW_N6/Drivers/STM32N6xx_HAL_Driver/Src/stm32n6xx_hal.c:942:6:HAL_SYSCFG_SetCacheRWMarginInput	8	static
C:/FD/stm32ai-modelzoo-services/application_code/face_detection/STM32N6/STM32Cube_FW_N6/Drivers/STM32N6xx_HAL_Driver/Src/stm32n6xx_hal.c:954:19:HAL_SYSCFG_GetCacheRWMarginInput	0	static
C:/FD/stm32ai-modelzoo-services/application_code/face_detection/STM32N6/STM32Cube_FW_N6/Drivers/STM32N6xx_HAL_Driver/Src/stm32n6xx_hal.c:976:6:HAL_SYSCFG_SetCacheBiasingLevel	8	static
C:/FD/stm32ai-modelzoo-services/application_code/face_detection/STM32N6/STM32Cube_FW_N6/Drivers/STM32N6xx_HAL_Driver/Src/stm32n6xx_hal.c:992:19:HAL_SYSCFG_GetCacheBiasingLevel	0	static
C:/FD/stm32ai-modelzoo-services/application_code/face_detection/STM32N6/STM32Cube_FW_N6/Drivers/STM32N6xx_HAL_Driver/Src/stm32n6xx_hal.c:1012:6:HAL_SYSCFG_SetSVTORAddress	8	static
C:/FD/stm32ai-modelzoo-services/application_code/face_detection/STM32N6/STM32Cube_FW_N6/Drivers/STM32N6xx_HAL_Driver/Src/stm32n6xx_hal.c:1025:19:HAL_SYSCFG_GetSVTORAddress	0	static
C:/FD/stm32ai-modelzoo-services/application_code/face_detection/STM32N6/STM32Cube_FW_N6/Drivers/STM32N6xx_HAL_Driver/Src/stm32n6xx_hal.c:1044:6:HAL_SYSCFG_SetNSVTORAddress	8	static
C:/FD/stm32ai-modelzoo-services/application_code/face_detection/STM32N6/STM32Cube_FW_N6/Drivers/STM32N6xx_HAL_Driver/Src/stm32n6xx_hal.c:1057:19:HAL_SYSCFG_GetNSVTORAddress	0	static
C:/FD/stm32ai-modelzoo-services/application_code/face_detection/STM32N6/STM32Cube_FW_N6/Drivers/STM32N6xx_HAL_Driver/Src/stm32n6xx_hal.c:1076:6:HAL_SYSCFG_EnablePowerOnReset	0	static
C:/FD/stm32ai-modelzoo-services/application_code/face_detection/STM32N6/STM32Cube_FW_N6/Drivers/STM32N6xx_HAL_Driver/Src/stm32n6xx_hal.c:1086:6:HAL_SYSCFG_DisablePowerOnReset	0	static
C:/FD/stm32ai-modelzoo-services/application_code/face_detection/STM32N6/STM32Cube_FW_N6/Drivers/STM32N6xx_HAL_Driver/Src/stm32n6xx_hal.c:1096:6:HAL_SYSCFG_EnableLockupWarmResetonRCC	0	static
C:/FD/stm32ai-modelzoo-services/application_code/face_detection/STM32N6/STM32Cube_FW_N6/Drivers/STM32N6xx_HAL_Driver/Src/stm32n6xx_hal.c:1106:6:HAL_SYSCFG_DisableLockupWarmResetonRCC	0	static
C:/FD/stm32ai-modelzoo-services/application_code/face_detection/STM32N6/STM32Cube_FW_N6/Drivers/STM32N6xx_HAL_Driver/Src/stm32n6xx_hal.c:1116:6:HAL_SYSCFG_EnableLockupGenerateNMI	0	static
C:/FD/stm32ai-modelzoo-services/application_code/face_detection/STM32N6/STM32Cube_FW_N6/Drivers/STM32N6xx_HAL_Driver/Src/stm32n6xx_hal.c:1126:6:HAL_SYSCFG_DisableLockupGenerateNMI	0	static
C:/FD/stm32ai-modelzoo-services/application_code/face_detection/STM32N6/STM32Cube_FW_N6/Drivers/STM32N6xx_HAL_Driver/Src/stm32n6xx_hal.c:1140:19:HAL_SYSCFG_ReEnableWritePostingErrorCapture	0	static
C:/FD/stm32ai-modelzoo-services/application_code/face_detection/STM32N6/STM32Cube_FW_N6/Drivers/STM32N6xx_HAL_Driver/Src/stm32n6xx_hal.c:1155:6:HAL_SYSCFG_EnableVENCRAMReserved	0	static
C:/FD/stm32ai-modelzoo-services/application_code/face_detection/STM32N6/STM32Cube_FW_N6/Drivers/STM32N6xx_HAL_Driver/Src/stm32n6xx_hal.c:1164:6:HAL_SYSCFG_DisableVENCRAMReserved	0	static
C:/FD/stm32ai-modelzoo-services/application_code/face_detection/STM32N6/STM32Cube_FW_N6/Drivers/STM32N6xx_HAL_Driver/Src/stm32n6xx_hal.c:1175:6:HAL_SYSCFG_EnableCRYPPotentialTamper	0	static
C:/FD/stm32ai-modelzoo-services/application_code/face_detection/STM32N6/STM32Cube_FW_N6/Drivers/STM32N6xx_HAL_Driver/Src/stm32n6xx_hal.c:1184:6:HAL_SYSCFG_DisableCRYPPotentialTamper	0	static
C:/FD/stm32ai-modelzoo-services/application_code/face_detection/STM32N6/STM32Cube_FW_N6/Drivers/STM32N6xx_HAL_Driver/Src/stm32n6xx_hal.c:1195:6:HAL_SYSCFG_SetWriteQosNP1	8	static
C:/FD/stm32ai-modelzoo-services/application_code/face_detection/STM32N6/STM32Cube_FW_N6/Drivers/STM32N6xx_HAL_Driver/Src/stm32n6xx_hal.c:1209:19:HAL_SYSCFG_GetWriteQosNP1	0	static
C:/FD/stm32ai-modelzoo-services/application_code/face_detection/STM32N6/STM32Cube_FW_N6/Drivers/STM32N6xx_HAL_Driver/Src/stm32n6xx_hal.c:1228:6:HAL_SYSCFG_SetReadQosNP1	8	static
C:/FD/stm32ai-modelzoo-services/application_code/face_detection/STM32N6/STM32Cube_FW_N6/Drivers/STM32N6xx_HAL_Driver/Src/stm32n6xx_hal.c:1241:19:HAL_SYSCFG_GetReadQosNP1	0	static
C:/FD/stm32ai-modelzoo-services/application_code/face_detection/STM32N6/STM32Cube_FW_N6/Drivers/STM32N6xx_HAL_Driver/Src/stm32n6xx_hal.c:1260:6:HAL_SYSCFG_SetWriteQosNP2	8	static
C:/FD/stm32ai-modelzoo-services/application_code/face_detection/STM32N6/STM32Cube_FW_N6/Drivers/STM32N6xx_HAL_Driver/Src/stm32n6xx_hal.c:1273:19:HAL_SYSCFG_GetWriteQosNP2	0	static
C:/FD/stm32ai-modelzoo-services/application_code/face_detection/STM32N6/STM32Cube_FW_N6/Drivers/STM32N6xx_HAL_Driver/Src/stm32n6xx_hal.c:1292:6:HAL_SYSCFG_SetReadQosNP2	8	static
C:/FD/stm32ai-modelzoo-services/application_code/face_detection/STM32N6/STM32Cube_FW_N6/Drivers/STM32N6xx_HAL_Driver/Src/stm32n6xx_hal.c:1305:19:HAL_SYSCFG_GetReadQosNP2	0	static
C:/FD/stm32ai-modelzoo-services/application_code/face_detection/STM32N6/STM32Cube_FW_N6/Drivers/STM32N6xx_HAL_Driver/Src/stm32n6xx_hal.c:1324:6:HAL_SYSCFG_SetWriteQosCPUSS	8	static
C:/FD/stm32ai-modelzoo-services/application_code/face_detection/STM32N6/STM32Cube_FW_N6/Drivers/STM32N6xx_HAL_Driver/Src/stm32n6xx_hal.c:1337:19:HAL_SYSCFG_GetwriteQosCPUSS	0	static
C:/FD/stm32ai-modelzoo-services/application_code/face_detection/STM32N6/STM32Cube_FW_N6/Drivers/STM32N6xx_HAL_Driver/Src/stm32n6xx_hal.c:1356:6:HAL_SYSCFG_SetReadQosCPUSS	8	static
C:/FD/stm32ai-modelzoo-services/application_code/face_detection/STM32N6/STM32Cube_FW_N6/Drivers/STM32N6xx_HAL_Driver/Src/stm32n6xx_hal.c:1369:19:HAL_SYSCFG_GetReadQosCPUSS	0	static
C:/FD/stm32ai-modelzoo-services/application_code/face_detection/STM32N6/STM32Cube_FW_N6/Drivers/STM32N6xx_HAL_Driver/Src/stm32n6xx_hal.c:1390:6:HAL_SYSCFG_EnableSDMMCEarlyWRRESP	8	static
C:/FD/stm32ai-modelzoo-services/application_code/face_detection/STM32N6/STM32Cube_FW_N6/Drivers/STM32N6xx_HAL_Driver/Src/stm32n6xx_hal.c:1404:6:HAL_SYSCFG_DisableSDMMCEarlyWRRSP	8	static
C:/FD/stm32ai-modelzoo-services/application_code/face_detection/STM32N6/STM32Cube_FW_N6/Drivers/STM32N6xx_HAL_Driver/Src/stm32n6xx_hal.c:1418:6:HAL_SYSCFG_EnableUSBEarlyEarlyWRRESP	8	static
C:/FD/stm32ai-modelzoo-services/application_code/face_detection/STM32N6/STM32Cube_FW_N6/Drivers/STM32N6xx_HAL_Driver/Src/stm32n6xx_hal.c:1432:6:HAL_SYSCFG_DisableUSBEarlyEarlyWRRESP	8	static
C:/FD/stm32ai-modelzoo-services/application_code/face_detection/STM32N6/STM32Cube_FW_N6/Drivers/STM32N6xx_HAL_Driver/Src/stm32n6xx_hal.c:1446:6:HAL_SYSCFG_EnablexPUClockGating	8	static
C:/FD/stm32ai-modelzoo-services/application_code/face_detection/STM32N6/STM32Cube_FW_N6/Drivers/STM32N6xx_HAL_Driver/Src/stm32n6xx_hal.c:1460:6:HAL_SYSCFG_DisablexPUClockGating	8	static
C:/FD/stm32ai-modelzoo-services/application_code/face_detection/STM32N6/STM32Cube_FW_N6/Drivers/STM32N6xx_HAL_Driver/Src/stm32n6xx_hal.c:1474:6:HAL_SYSCFG_EnableVDDIO2CompensationCell	0	static
C:/FD/stm32ai-modelzoo-services/application_code/face_detection/STM32N6/STM32Cube_FW_N6/Drivers/STM32N6xx_HAL_Driver/Src/stm32n6xx_hal.c:1483:6:HAL_SYSCFG_DisableVDDIO2CompensationCell	0	static
C:/FD/stm32ai-modelzoo-services/application_code/face_detection/STM32N6/STM32Cube_FW_N6/Drivers/STM32N6xx_HAL_Driver/Src/stm32n6xx_hal.c:1494:6:HAL_SYSCFG_EnableVDDIO3CompensationCell	0	static
C:/FD/stm32ai-modelzoo-services/application_code/face_detection/STM32N6/STM32Cube_FW_N6/Drivers/STM32N6xx_HAL_Driver/Src/stm32n6xx_hal.c:1503:6:HAL_SYSCFG_DisableVDDIO3CompensationCell	0	static
C:/FD/stm32ai-modelzoo-services/application_code/face_detection/STM32N6/STM32Cube_FW_N6/Drivers/STM32N6xx_HAL_Driver/Src/stm32n6xx_hal.c:1514:6:HAL_SYSCFG_EnableVDDIO4CompensationCell	0	static
C:/FD/stm32ai-modelzoo-services/application_code/face_detection/STM32N6/STM32Cube_FW_N6/Drivers/STM32N6xx_HAL_Driver/Src/stm32n6xx_hal.c:1523:6:HAL_SYSCFG_DisableVDDIO4CompensationCell	0	static
C:/FD/stm32ai-modelzoo-services/application_code/face_detection/STM32N6/STM32Cube_FW_N6/Drivers/STM32N6xx_HAL_Driver/Src/stm32n6xx_hal.c:1534:6:HAL_SYSCFG_EnableVDDIO5CompensationCell	0	static
C:/FD/stm32ai-modelzoo-services/application_code/face_detection/STM32N6/STM32Cube_FW_N6/Drivers/STM32N6xx_HAL_Driver/Src/stm32n6xx_hal.c:1543:6:HAL_SYSCFG_DisableVDDIO5CompensationCell	0	static
C:/FD/stm32ai-modelzoo-services/application_code/face_detection/STM32N6/STM32Cube_FW_N6/Drivers/STM32N6xx_HAL_Driver/Src/stm32n6xx_hal.c:1566:19:HAL_SYSCFG_ConfigVDDIOCompensationCell	24	static
C:/FD/stm32ai-modelzoo-services/application_code/face_detection/STM32N6/STM32Cube_FW_N6/Drivers/STM32N6xx_HAL_Driver/Src/stm32n6xx_hal.c:1671:19:HAL_SYSCFG_GetVDDIOCompensationCell	24	static
C:/FD/stm32ai-modelzoo-services/application_code/face_detection/STM32N6/STM32Cube_FW_N6/Drivers/STM32N6xx_HAL_Driver/Src/stm32n6xx_hal.c:1759:10:HAL_SYSCFG_GetCompVDDIO2CellReadyStatus	0	static
C:/FD/stm32ai-modelzoo-services/application_code/face_detection/STM32N6/STM32Cube_FW_N6/Drivers/STM32N6xx_HAL_Driver/Src/stm32n6xx_hal.c:1768:10:HAL_SYSCFG_GetCompVDDIO3CellReadyStatus	0	static
C:/FD/stm32ai-modelzoo-services/application_code/face_detection/STM32N6/STM32Cube_FW_N6/Drivers/STM32N6xx_HAL_Driver/Src/stm32n6xx_hal.c:1777:10:HAL_SYSCFG_GetCompVDDIO4CellReadyStatus	0	static
C:/FD/stm32ai-modelzoo-services/application_code/face_detection/STM32N6/STM32Cube_FW_N6/Drivers/STM32N6xx_HAL_Driver/Src/stm32n6xx_hal.c:1786:10:HAL_SYSCFG_GetCompVDDIO5CellReadyStatus	0	static
C:/FD/stm32ai-modelzoo-services/application_code/face_detection/STM32N6/STM32Cube_FW_N6/Drivers/STM32N6xx_HAL_Driver/Src/stm32n6xx_hal.c:1804:19:HAL_SYSCFG_ConfigVDDCompensationCell	16	static
C:/FD/stm32ai-modelzoo-services/application_code/face_detection/STM32N6/STM32Cube_FW_N6/Drivers/STM32N6xx_HAL_Driver/Src/stm32n6xx_hal.c:1835:6:HAL_SYSCFG_EnableVDDCompensationCell	0	static
C:/FD/stm32ai-modelzoo-services/application_code/face_detection/STM32N6/STM32Cube_FW_N6/Drivers/STM32N6xx_HAL_Driver/Src/stm32n6xx_hal.c:1844:6:HAL_SYSCFG_DisableVDDCompensationCell	0	static
C:/FD/stm32ai-modelzoo-services/application_code/face_detection/STM32N6/STM32Cube_FW_N6/Drivers/STM32N6xx_HAL_Driver/Src/stm32n6xx_hal.c:1859:19:HAL_SYSCFG_GetVDDCompensationCell	16	static
C:/FD/stm32ai-modelzoo-services/application_code/face_detection/STM32N6/STM32Cube_FW_N6/Drivers/STM32N6xx_HAL_Driver/Src/stm32n6xx_hal.c:1891:10:HAL_SYSCFG_GetCompensationVDDCellReadyStatus	0	static
C:/FD/stm32ai-modelzoo-services/application_code/face_detection/STM32N6/STM32Cube_FW_N6/Drivers/STM32N6xx_HAL_Driver/Src/stm32n6xx_hal.c:1908:6:HAL_SYSCFG_ConfigTimerBreakInput	8	static
C:/FD/stm32ai-modelzoo-services/application_code/face_detection/STM32N6/STM32Cube_FW_N6/Drivers/STM32N6xx_HAL_Driver/Src/stm32n6xx_hal.c:1927:10:HAL_SYSCFG_GetTimerBreakInputConfig	0	static
C:/FD/stm32ai-modelzoo-services/application_code/face_detection/STM32N6/STM32Cube_FW_N6/Drivers/STM32N6xx_HAL_Driver/Src/stm32n6xx_hal.c:1940:6:HAL_SYSCFG_SetPerceivedCID	8	static
C:/FD/stm32ai-modelzoo-services/application_code/face_detection/STM32N6/STM32Cube_FW_N6/Drivers/STM32N6xx_HAL_Driver/Src/stm32n6xx_hal.c:1952:10:HAL_SYSCFG_GetPerceivedCID	0	static
C:/FD/stm32ai-modelzoo-services/application_code/face_detection/STM32N6/STM32Cube_FW_N6/Drivers/STM32N6xx_HAL_Driver/Src/stm32n6xx_hal.c:1967:6:HAL_SYSCFG_SetPerceivedPrivCID	0	static
C:/FD/stm32ai-modelzoo-services/application_code/face_detection/STM32N6/STM32Cube_FW_N6/Drivers/STM32N6xx_HAL_Driver/Src/stm32n6xx_hal.c:1976:10:HAL_SYSCFG_GetPerceivedPrivCID	0	static
C:/FD/stm32ai-modelzoo-services/application_code/face_detection/STM32N6/STM32Cube_FW_N6/Drivers/STM32N6xx_HAL_Driver/Src/stm32n6xx_hal.c:1985:6:HAL_SYSCFG_EnableReTimingRXpath	0	static
C:/FD/stm32ai-modelzoo-services/application_code/face_detection/STM32N6/STM32Cube_FW_N6/Drivers/STM32N6xx_HAL_Driver/Src/stm32n6xx_hal.c:1994:6:HAL_SYSCFG_DisableReTimingRXpath	0	static
C:/FD/stm32ai-modelzoo-services/application_code/face_detection/STM32N6/STM32Cube_FW_N6/Drivers/STM32N6xx_HAL_Driver/Src/stm32n6xx_hal.c:2003:6:HAL_SYSCFG_EnableReTimingTXpath	0	static
C:/FD/stm32ai-modelzoo-services/application_code/face_detection/STM32N6/STM32Cube_FW_N6/Drivers/STM32N6xx_HAL_Driver/Src/stm32n6xx_hal.c:2012:6:HAL_SYSCFG_DisableReTimingTXpath	0	static
C:/FD/stm32ai-modelzoo-services/application_code/face_detection/STM32N6/STM32Cube_FW_N6/Drivers/STM32N6xx_HAL_Driver/Src/stm32n6xx_hal.c:2024:6:HAL_SYSCFG_SetDelayOnFeedbackClock	8	static
C:/FD/stm32ai-modelzoo-services/application_code/face_detection/STM32N6/STM32Cube_FW_N6/Drivers/STM32N6xx_HAL_Driver/Src/stm32n6xx_hal.c:2038:10:HAL_SYSCFG_GetDelayOnFeedbackClock	0	static
C:/FD/stm32ai-modelzoo-services/application_code/face_detection/STM32N6/STM32Cube_FW_N6/Drivers/STM32N6xx_HAL_Driver/Src/stm32n6xx_hal.c:2048:6:HAL_SYSCFG_EnableInterleavingCpuRam	0	static
C:/FD/stm32ai-modelzoo-services/application_code/face_detection/STM32N6/STM32Cube_FW_N6/Drivers/STM32N6xx_HAL_Driver/Src/stm32n6xx_hal.c:2057:6:HAL_SYSCFG_DisableInterleavingCpuRam	0	static
C:/FD/stm32ai-modelzoo-services/application_code/face_detection/STM32N6/STM32Cube_FW_N6/Drivers/STM32N6xx_HAL_Driver/Src/stm32n6xx_hal.c:2071:10:HAL_SYSCFG_GetBootPinConnection	8	static
C:/FD/stm32ai-modelzoo-services/application_code/face_detection/STM32N6/STM32Cube_FW_N6/Drivers/STM32N6xx_HAL_Driver/Src/stm32n6xx_hal.c:2094:10:HAL_SYSCFG_GetAddressWritePostingBuffer	0	static
C:/FD/stm32ai-modelzoo-services/application_code/face_detection/STM32N6/STM32Cube_FW_N6/Drivers/STM32N6xx_HAL_Driver/Src/stm32n6xx_hal.c:2131:6:HAL_FMC_SetBankSwapConfig	8	static
C:/FD/stm32ai-modelzoo-services/application_code/face_detection/STM32N6/STM32Cube_FW_N6/Drivers/STM32N6xx_HAL_Driver/Src/stm32n6xx_hal.c:2147:10:HAL_FMC_GetBankSwapConfig	0	static
