../../../../STM32Cube_FW_N6/Drivers/STM32N6xx_HAL_Driver/Inc/stm32n6xx_ll_rcc.h:1751:22:LL_RCC_HSE_SelectHSEAsDiv2Clock	0	static
../../../../STM32Cube_FW_N6/Drivers/STM32N6xx_HAL_Driver/Inc/stm32n6xx_ll_rcc.h:1761:22:LL_RCC_HSE_SelectHSEDiv2AsDiv2Clock	0	static
../../../../STM32Cube_FW_N6/Drivers/STM32N6xx_HAL_Driver/Inc/stm32n6xx_ll_rcc.h:1771:26:LL_RCC_HSE_IsSelectedHSEDiv2AsDiv2Clock	0	static
../../../../STM32Cube_FW_N6/Drivers/STM32N6xx_HAL_Driver/Inc/stm32n6xx_ll_rcc.h:1801:26:LL_RCC_HSE_IsReady	0	static
../../../../STM32Cube_FW_N6/Drivers/STM32N6xx_HAL_Driver/Inc/stm32n6xx_ll_rcc.h:1839:26:LL_RCC_HSI_IsReady	0	static
../../../../STM32Cube_FW_N6/Drivers/STM32N6xx_HAL_Driver/Inc/stm32n6xx_ll_rcc.h:1973:26:LL_RCC_MSI_IsReady	0	static
../../../../STM32Cube_FW_N6/Drivers/STM32N6xx_HAL_Driver/Inc/stm32n6xx_ll_rcc.h:2224:26:LL_RCC_LSE_IsReady	0	static
../../../../STM32Cube_FW_N6/Drivers/STM32N6xx_HAL_Driver/Inc/stm32n6xx_ll_rcc.h:2925:22:LL_RCC_SetClockSource	12	static
../../../../STM32Cube_FW_N6/Drivers/STM32N6xx_HAL_Driver/Inc/stm32n6xx_ll_rcc.h:3938:26:LL_RCC_GetClockSource	0	static
../../../../STM32Cube_FW_N6/Drivers/STM32N6xx_HAL_Driver/Inc/stm32n6xx_ll_rcc.h:6868:26:LL_RCC_IC7_IsEnabled	0	static
../../../../STM32Cube_FW_N6/Drivers/STM32N6xx_HAL_Driver/Inc/stm32n6xx_ll_rcc.h:6918:26:LL_RCC_IC7_GetDivider	0	static
../../../../STM32Cube_FW_N6/Drivers/STM32N6xx_HAL_Driver/Inc/stm32n6xx_ll_rcc.h:6948:26:LL_RCC_IC8_IsEnabled	0	static
../../../../STM32Cube_FW_N6/Drivers/STM32N6xx_HAL_Driver/Inc/stm32n6xx_ll_rcc.h:6998:26:LL_RCC_IC8_GetDivider	0	static
../../../../STM32Cube_FW_N6/Drivers/STM32N6xx_HAL_Driver/Inc/stm32n6xx_ll_rcc.h:7028:26:LL_RCC_IC9_IsEnabled	0	static
../../../../STM32Cube_FW_N6/Drivers/STM32N6xx_HAL_Driver/Inc/stm32n6xx_ll_rcc.h:7078:26:LL_RCC_IC9_GetDivider	0	static
../../../../STM32Cube_FW_N6/Drivers/STM32N6xx_HAL_Driver/Inc/stm32n6xx_ll_rcc.h:7428:26:LL_RCC_IC14_IsEnabled	0	static
../../../../STM32Cube_FW_N6/Drivers/STM32N6xx_HAL_Driver/Inc/stm32n6xx_ll_rcc.h:7478:26:LL_RCC_IC14_GetDivider	0	static
../../../../STM32Cube_FW_N6/Drivers/STM32N6xx_HAL_Driver/Inc/stm32n6xx_ll_rcc.h:7508:26:LL_RCC_IC15_IsEnabled	0	static
../../../../STM32Cube_FW_N6/Drivers/STM32N6xx_HAL_Driver/Inc/stm32n6xx_ll_rcc.h:7558:26:LL_RCC_IC15_GetDivider	0	static
C:/FD/stm32ai-modelzoo-services/application_code/face_detection/STM32N6/STM32Cube_FW_N6/Drivers/STM32N6xx_HAL_Driver/Src/stm32n6xx_hal_rcc_ex.c:3239:17:RCCEx_GetHCLKFreq	0	static
C:/FD/stm32ai-modelzoo-services/application_code/face_detection/STM32N6/STM32Cube_FW_N6/Drivers/STM32N6xx_HAL_Driver/Src/stm32n6xx_hal_rcc_ex.c:3294:17:RCCEx_GetPLLSourceFreq	8	static
C:/FD/stm32ai-modelzoo-services/application_code/face_detection/STM32N6/STM32Cube_FW_N6/Drivers/STM32N6xx_HAL_Driver/Src/stm32n6xx_hal_rcc_ex.c:3350:17:RCCEx_CalcPLLFreq	0	static
C:/FD/stm32ai-modelzoo-services/application_code/face_detection/STM32N6/STM32Cube_FW_N6/Drivers/STM32N6xx_HAL_Driver/Src/stm32n6xx_hal_rcc_ex.c:128:19:HAL_RCCEx_PeriphCLKConfig	16	static
C:/FD/stm32ai-modelzoo-services/application_code/face_detection/STM32N6/STM32Cube_FW_N6/Drivers/STM32N6xx_HAL_Driver/Src/stm32n6xx_hal_rcc_ex.c:2377:6:HAL_RCCEx_GetPeriphCLKConfig	16	static
C:/FD/stm32ai-modelzoo-services/application_code/face_detection/STM32N6/STM32Cube_FW_N6/Drivers/STM32N6xx_HAL_Driver/Src/stm32n6xx_hal_rcc_ex.c:2815:10:HAL_RCCEx_GetPLL1CLKFreq	24	static
C:/FD/stm32ai-modelzoo-services/application_code/face_detection/STM32N6/STM32Cube_FW_N6/Drivers/STM32N6xx_HAL_Driver/Src/stm32n6xx_hal_rcc_ex.c:2858:10:HAL_RCCEx_GetPLL2CLKFreq	24	static
C:/FD/stm32ai-modelzoo-services/application_code/face_detection/STM32N6/STM32Cube_FW_N6/Drivers/STM32N6xx_HAL_Driver/Src/stm32n6xx_hal_rcc_ex.c:2902:10:HAL_RCCEx_GetPLL3CLKFreq	24	static
C:/FD/stm32ai-modelzoo-services/application_code/face_detection/STM32N6/STM32Cube_FW_N6/Drivers/STM32N6xx_HAL_Driver/Src/stm32n6xx_hal_rcc_ex.c:2945:10:HAL_RCCEx_GetPLL4CLKFreq	24	static
C:/FD/stm32ai-modelzoo-services/application_code/face_detection/STM32N6/STM32Cube_FW_N6/Drivers/STM32N6xx_HAL_Driver/Src/stm32n6xx_hal_rcc_ex.c:3590:17:RCCEx_GetCLKPCLKFreq.constprop	8	static
C:/FD/stm32ai-modelzoo-services/application_code/face_detection/STM32N6/STM32Cube_FW_N6/Drivers/STM32N6xx_HAL_Driver/Src/stm32n6xx_hal_rcc_ex.c:5120:17:RCCEx_GetSPDIFRXCLKFreq.constprop	16	static
C:/FD/stm32ai-modelzoo-services/application_code/face_detection/STM32N6/STM32Cube_FW_N6/Drivers/STM32N6xx_HAL_Driver/Src/stm32n6xx_hal_rcc_ex.c:5825:17:RCCEx_GetXSPICLKFreq	8	static
C:/FD/stm32ai-modelzoo-services/application_code/face_detection/STM32N6/STM32Cube_FW_N6/Drivers/STM32N6xx_HAL_Driver/Src/stm32n6xx_hal_rcc_ex.c:5701:17:RCCEx_GetOTGPHYCLKFreq	8	static
C:/FD/stm32ai-modelzoo-services/application_code/face_detection/STM32N6/STM32Cube_FW_N6/Drivers/STM32N6xx_HAL_Driver/Src/stm32n6xx_hal_rcc_ex.c:5778:17:RCCEx_GetOTGPHYCKREFCLKFreq	8	static
C:/FD/stm32ai-modelzoo-services/application_code/face_detection/STM32N6/STM32Cube_FW_N6/Drivers/STM32N6xx_HAL_Driver/Src/stm32n6xx_hal_rcc_ex.c:5560:17:RCCEx_GetUSARTCLKFreq	8	static
C:/FD/stm32ai-modelzoo-services/application_code/face_detection/STM32N6/STM32Cube_FW_N6/Drivers/STM32N6xx_HAL_Driver/Src/stm32n6xx_hal_rcc_ex.c:5416:17:RCCEx_GetUARTCLKFreq	8	static
C:/FD/stm32ai-modelzoo-services/application_code/face_detection/STM32N6/STM32Cube_FW_N6/Drivers/STM32N6xx_HAL_Driver/Src/stm32n6xx_hal_rcc_ex.c:5231:17:RCCEx_GetSPICLKFreq	8	static
C:/FD/stm32ai-modelzoo-services/application_code/face_detection/STM32N6/STM32Cube_FW_N6/Drivers/STM32N6xx_HAL_Driver/Src/stm32n6xx_hal_rcc_ex.c:4909:17:RCCEx_GetSAICLKFreq	8	static
C:/FD/stm32ai-modelzoo-services/application_code/face_detection/STM32N6/STM32Cube_FW_N6/Drivers/STM32N6xx_HAL_Driver/Src/stm32n6xx_hal_rcc_ex.c:4296:17:RCCEx_GetI3CCLKFreq	8	static
C:/FD/stm32ai-modelzoo-services/application_code/face_detection/STM32N6/STM32Cube_FW_N6/Drivers/STM32N6xx_HAL_Driver/Src/stm32n6xx_hal_rcc_ex.c:5028:17:RCCEx_GetSDMMCCLKFreq	8	static
C:/FD/stm32ai-modelzoo-services/application_code/face_detection/STM32N6/STM32Cube_FW_N6/Drivers/STM32N6xx_HAL_Driver/Src/stm32n6xx_hal_rcc_ex.c:4175:17:RCCEx_GetI2CCLKFreq	8	static
C:/FD/stm32ai-modelzoo-services/application_code/face_detection/STM32N6/STM32Cube_FW_N6/Drivers/STM32N6xx_HAL_Driver/Src/stm32n6xx_hal_rcc_ex.c:4408:17:RCCEx_GetLPTIMCLKFreq	8	static
C:/FD/stm32ai-modelzoo-services/application_code/face_detection/STM32N6/STM32Cube_FW_N6/Drivers/STM32N6xx_HAL_Driver/Src/stm32n6xx_hal_rcc_ex.c:2584:10:HAL_RCCEx_GetPeriphCLKFreq	16	static
C:/FD/stm32ai-modelzoo-services/application_code/face_detection/STM32N6/STM32Cube_FW_N6/Drivers/STM32N6xx_HAL_Driver/Src/stm32n6xx_hal_rcc_ex.c:2988:10:HAL_RCCEx_GetTIMGFreq	8	static
C:/FD/stm32ai-modelzoo-services/application_code/face_detection/STM32N6/STM32Cube_FW_N6/Drivers/STM32N6xx_HAL_Driver/Src/stm32n6xx_hal_rcc_ex.c:3011:6:HAL_RCCEx_WakeUpStopCLKConfig	8	static
C:/FD/stm32ai-modelzoo-services/application_code/face_detection/STM32N6/STM32Cube_FW_N6/Drivers/STM32N6xx_HAL_Driver/Src/stm32n6xx_hal_rcc_ex.c:3026:6:HAL_RCCEx_EnableLSECSS	0	static
C:/FD/stm32ai-modelzoo-services/application_code/face_detection/STM32N6/STM32Cube_FW_N6/Drivers/STM32N6xx_HAL_Driver/Src/stm32n6xx_hal_rcc_ex.c:3037:6:HAL_RCCEx_DisableLSECSS	0	static
C:/FD/stm32ai-modelzoo-services/application_code/face_detection/STM32N6/STM32Cube_FW_N6/Drivers/STM32N6xx_HAL_Driver/Src/stm32n6xx_hal_rcc_ex.c:3051:6:HAL_RCCEx_EnableLSECSS_IT	0	static
C:/FD/stm32ai-modelzoo-services/application_code/face_detection/STM32N6/STM32Cube_FW_N6/Drivers/STM32N6xx_HAL_Driver/Src/stm32n6xx_hal_rcc_ex.c:3063:6:HAL_RCCEx_DisableLSECSS_IT	0	static
C:/FD/stm32ai-modelzoo-services/application_code/face_detection/STM32N6/STM32Cube_FW_N6/Drivers/STM32N6xx_HAL_Driver/Src/stm32n6xx_hal_rcc_ex.c:3076:6:HAL_RCCEx_ReArmLSECSS	0	static
C:/FD/stm32ai-modelzoo-services/application_code/face_detection/STM32N6/STM32Cube_FW_N6/Drivers/STM32N6xx_HAL_Driver/Src/stm32n6xx_hal_rcc_ex.c:3102:13:HAL_RCCEx_LSECSS_Callback	0	static
C:/FD/stm32ai-modelzoo-services/application_code/face_detection/STM32N6/STM32Cube_FW_N6/Drivers/STM32N6xx_HAL_Driver/Src/stm32n6xx_hal_rcc_ex.c:3085:6:HAL_RCCEx_LSECSS_IRQHandler	8	static
C:/FD/stm32ai-modelzoo-services/application_code/face_detection/STM32N6/STM32Cube_FW_N6/Drivers/STM32N6xx_HAL_Driver/Src/stm32n6xx_hal_rcc_ex.c:3122:19:HAL_RCCEx_PLLSSCGConfig	32	static
