C:/FD/stm32ai-modelzoo-services/application_code/face_detection/STM32N6/STM32Cube_FW_N6/Drivers/STM32N6xx_HAL_Driver/Src/stm32n6xx_hal_xspi.c:3087:13:XSPI_DMACplt	0	static
C:/FD/stm32ai-modelzoo-services/application_code/face_detection/STM32N6/STM32Cube_FW_N6/Drivers/STM32N6xx_HAL_Driver/Src/stm32n6xx_hal_xspi.c:3245:26:XSPI_ConfigCmd	32	static
C:/FD/stm32ai-modelzoo-services/application_code/face_detection/STM32N6/STM32Cube_FW_N6/Drivers/STM32N6xx_HAL_Driver/Src/stm32n6xx_hal_xspi.c:3218:26:XSPI_WaitFlagStateUntilTimeout	24	static
C:/FD/stm32ai-modelzoo-services/application_code/face_detection/STM32N6/STM32Cube_FW_N6/Drivers/STM32N6xx_HAL_Driver/Src/stm32n6xx_hal_xspi.c:484:13:HAL_XSPI_MspInit	0	static
C:/FD/stm32ai-modelzoo-services/application_code/face_detection/STM32N6/STM32Cube_FW_N6/Drivers/STM32N6xx_HAL_Driver/Src/stm32n6xx_hal_xspi.c:340:19:HAL_XSPI_Init	32	static
C:/FD/stm32ai-modelzoo-services/application_code/face_detection/STM32N6/STM32Cube_FW_N6/Drivers/STM32N6xx_HAL_Driver/Src/stm32n6xx_hal_xspi.c:542:13:HAL_XSPI_MspDeInit	0	static
C:/FD/stm32ai-modelzoo-services/application_code/face_detection/STM32N6/STM32Cube_FW_N6/Drivers/STM32N6xx_HAL_Driver/Src/stm32n6xx_hal_xspi.c:499:19:HAL_XSPI_DeInit	8	static
C:/FD/stm32ai-modelzoo-services/application_code/face_detection/STM32N6/STM32Cube_FW_N6/Drivers/STM32N6xx_HAL_Driver/Src/stm32n6xx_hal_xspi.c:822:19:HAL_XSPI_Command	32	static
C:/FD/stm32ai-modelzoo-services/application_code/face_detection/STM32N6/STM32Cube_FW_N6/Drivers/STM32N6xx_HAL_Driver/Src/stm32n6xx_hal_xspi.c:958:19:HAL_XSPI_Command_IT	24	static
C:/FD/stm32ai-modelzoo-services/application_code/face_detection/STM32N6/STM32Cube_FW_N6/Drivers/STM32N6xx_HAL_Driver/Src/stm32n6xx_hal_xspi.c:1047:19:HAL_XSPI_HyperbusCfg	32	static
C:/FD/stm32ai-modelzoo-services/application_code/face_detection/STM32N6/STM32Cube_FW_N6/Drivers/STM32N6xx_HAL_Driver/Src/stm32n6xx_hal_xspi.c:1098:19:HAL_XSPI_HyperbusCmd	32	static
C:/FD/stm32ai-modelzoo-services/application_code/face_detection/STM32N6/STM32Cube_FW_N6/Drivers/STM32N6xx_HAL_Driver/Src/stm32n6xx_hal_xspi.c:1165:19:HAL_XSPI_Transmit	32	static
C:/FD/stm32ai-modelzoo-services/application_code/face_detection/STM32N6/STM32Cube_FW_N6/Drivers/STM32N6xx_HAL_Driver/Src/stm32n6xx_hal_xspi.c:1237:19:HAL_XSPI_Receive	32	static
C:/FD/stm32ai-modelzoo-services/application_code/face_detection/STM32N6/STM32Cube_FW_N6/Drivers/STM32N6xx_HAL_Driver/Src/stm32n6xx_hal_xspi.c:1327:19:HAL_XSPI_Transmit_IT	0	static
C:/FD/stm32ai-modelzoo-services/application_code/face_detection/STM32N6/STM32Cube_FW_N6/Drivers/STM32N6xx_HAL_Driver/Src/stm32n6xx_hal_xspi.c:1376:19:HAL_XSPI_Receive_IT	12	static
C:/FD/stm32ai-modelzoo-services/application_code/face_detection/STM32N6/STM32Cube_FW_N6/Drivers/STM32N6xx_HAL_Driver/Src/stm32n6xx_hal_xspi.c:1448:19:HAL_XSPI_Transmit_DMA	24	static
C:/FD/stm32ai-modelzoo-services/application_code/face_detection/STM32N6/STM32Cube_FW_N6/Drivers/STM32N6xx_HAL_Driver/Src/stm32n6xx_hal_xspi.c:1631:19:HAL_XSPI_Receive_DMA	24	static
C:/FD/stm32ai-modelzoo-services/application_code/face_detection/STM32N6/STM32Cube_FW_N6/Drivers/STM32N6xx_HAL_Driver/Src/stm32n6xx_hal_xspi.c:1831:19:HAL_XSPI_AutoPolling	40	static
C:/FD/stm32ai-modelzoo-services/application_code/face_detection/STM32N6/STM32Cube_FW_N6/Drivers/STM32N6xx_HAL_Driver/Src/stm32n6xx_hal_xspi.c:1912:19:HAL_XSPI_AutoPolling_IT	40	static
C:/FD/stm32ai-modelzoo-services/application_code/face_detection/STM32N6/STM32Cube_FW_N6/Drivers/STM32N6xx_HAL_Driver/Src/stm32n6xx_hal_xspi.c:1985:19:HAL_XSPI_MemoryMapped	24	static
C:/FD/stm32ai-modelzoo-services/application_code/face_detection/STM32N6/STM32Cube_FW_N6/Drivers/STM32N6xx_HAL_Driver/Src/stm32n6xx_hal_xspi.c:2051:10:HAL_XSPI_IsMemoryMapped	0	static
C:/FD/stm32ai-modelzoo-services/application_code/face_detection/STM32N6/STM32Cube_FW_N6/Drivers/STM32N6xx_HAL_Driver/Src/stm32n6xx_hal_xspi.c:2074:13:HAL_XSPI_ErrorCallback	0	static
C:/FD/stm32ai-modelzoo-services/application_code/face_detection/STM32N6/STM32Cube_FW_N6/Drivers/STM32N6xx_HAL_Driver/Src/stm32n6xx_hal_xspi.c:2089:13:HAL_XSPI_AbortCpltCallback	0	static
C:/FD/stm32ai-modelzoo-services/application_code/face_detection/STM32N6/STM32Cube_FW_N6/Drivers/STM32N6xx_HAL_Driver/Src/stm32n6xx_hal_xspi.c:3163:13:XSPI_DMAAbortCplt	8	static
C:/FD/stm32ai-modelzoo-services/application_code/face_detection/STM32N6/STM32Cube_FW_N6/Drivers/STM32N6xx_HAL_Driver/Src/stm32n6xx_hal_xspi.c:2104:13:HAL_XSPI_FifoThresholdCallback	0	static
C:/FD/stm32ai-modelzoo-services/application_code/face_detection/STM32N6/STM32Cube_FW_N6/Drivers/STM32N6xx_HAL_Driver/Src/stm32n6xx_hal_xspi.c:2119:13:HAL_XSPI_CmdCpltCallback	0	static
C:/FD/stm32ai-modelzoo-services/application_code/face_detection/STM32N6/STM32Cube_FW_N6/Drivers/STM32N6xx_HAL_Driver/Src/stm32n6xx_hal_xspi.c:2134:13:HAL_XSPI_RxCpltCallback	0	static
C:/FD/stm32ai-modelzoo-services/application_code/face_detection/STM32N6/STM32Cube_FW_N6/Drivers/STM32N6xx_HAL_Driver/Src/stm32n6xx_hal_xspi.c:2149:13:HAL_XSPI_TxCpltCallback	0	static
C:/FD/stm32ai-modelzoo-services/application_code/face_detection/STM32N6/STM32Cube_FW_N6/Drivers/STM32N6xx_HAL_Driver/Src/stm32n6xx_hal_xspi.c:2164:13:HAL_XSPI_RxHalfCpltCallback	0	static
C:/FD/stm32ai-modelzoo-services/application_code/face_detection/STM32N6/STM32Cube_FW_N6/Drivers/STM32N6xx_HAL_Driver/Src/stm32n6xx_hal_xspi.c:2179:13:HAL_XSPI_TxHalfCpltCallback	0	static
C:/FD/stm32ai-modelzoo-services/application_code/face_detection/STM32N6/STM32Cube_FW_N6/Drivers/STM32N6xx_HAL_Driver/Src/stm32n6xx_hal_xspi.c:3104:13:XSPI_DMAHalfCplt	8	static
C:/FD/stm32ai-modelzoo-services/application_code/face_detection/STM32N6/STM32Cube_FW_N6/Drivers/STM32N6xx_HAL_Driver/Src/stm32n6xx_hal_xspi.c:2194:13:HAL_XSPI_StatusMatchCallback	0	static
C:/FD/stm32ai-modelzoo-services/application_code/face_detection/STM32N6/STM32Cube_FW_N6/Drivers/STM32N6xx_HAL_Driver/Src/stm32n6xx_hal_xspi.c:2209:13:HAL_XSPI_TimeOutCallback	0	static
C:/FD/stm32ai-modelzoo-services/application_code/face_detection/STM32N6/STM32Cube_FW_N6/Drivers/STM32N6xx_HAL_Driver/Src/stm32n6xx_hal_xspi.c:582:6:HAL_XSPI_IRQHandler	16	static
C:/FD/stm32ai-modelzoo-services/application_code/face_detection/STM32N6/STM32Cube_FW_N6/Drivers/STM32N6xx_HAL_Driver/Src/stm32n6xx_hal_xspi.c:2460:19:HAL_XSPI_Abort	24	static
C:/FD/stm32ai-modelzoo-services/application_code/face_detection/STM32N6/STM32Cube_FW_N6/Drivers/STM32N6xx_HAL_Driver/Src/stm32n6xx_hal_xspi.c:2536:19:HAL_XSPI_Abort_IT	16	static
C:/FD/stm32ai-modelzoo-services/application_code/face_detection/STM32N6/STM32Cube_FW_N6/Drivers/STM32N6xx_HAL_Driver/Src/stm32n6xx_hal_xspi.c:3132:13:XSPI_DMAError	8	static
C:/FD/stm32ai-modelzoo-services/application_code/face_detection/STM32N6/STM32Cube_FW_N6/Drivers/STM32N6xx_HAL_Driver/Src/stm32n6xx_hal_xspi.c:2628:19:HAL_XSPI_SetFifoThreshold	16	static
C:/FD/stm32ai-modelzoo-services/application_code/face_detection/STM32N6/STM32Cube_FW_N6/Drivers/STM32N6xx_HAL_Driver/Src/stm32n6xx_hal_xspi.c:2657:10:HAL_XSPI_GetFifoThreshold	0	static
C:/FD/stm32ai-modelzoo-services/application_code/face_detection/STM32N6/STM32Cube_FW_N6/Drivers/STM32N6xx_HAL_Driver/Src/stm32n6xx_hal_xspi.c:2667:19:HAL_XSPI_SetMemoryType	16	static
C:/FD/stm32ai-modelzoo-services/application_code/face_detection/STM32N6/STM32Cube_FW_N6/Drivers/STM32N6xx_HAL_Driver/Src/stm32n6xx_hal_xspi.c:2696:19:HAL_XSPI_SetDeviceSize	16	static
C:/FD/stm32ai-modelzoo-services/application_code/face_detection/STM32N6/STM32Cube_FW_N6/Drivers/STM32N6xx_HAL_Driver/Src/stm32n6xx_hal_xspi.c:2726:19:HAL_XSPI_SetClockPrescaler	16	static
C:/FD/stm32ai-modelzoo-services/application_code/face_detection/STM32N6/STM32Cube_FW_N6/Drivers/STM32N6xx_HAL_Driver/Src/stm32n6xx_hal_xspi.c:2755:19:HAL_XSPI_SetTimeout	0	static
C:/FD/stm32ai-modelzoo-services/application_code/face_detection/STM32N6/STM32Cube_FW_N6/Drivers/STM32N6xx_HAL_Driver/Src/stm32n6xx_hal_xspi.c:2766:10:HAL_XSPI_GetError	0	static
C:/FD/stm32ai-modelzoo-services/application_code/face_detection/STM32N6/STM32Cube_FW_N6/Drivers/STM32N6xx_HAL_Driver/Src/stm32n6xx_hal_xspi.c:2776:10:HAL_XSPI_GetState	0	static
C:/FD/stm32ai-modelzoo-services/application_code/face_detection/STM32N6/STM32Cube_FW_N6/Drivers/STM32N6xx_HAL_Driver/Src/stm32n6xx_hal_xspi.c:2808:19:HAL_XSPIM_Config	56	static
C:/FD/stm32ai-modelzoo-services/application_code/face_detection/STM32N6/STM32Cube_FW_N6/Drivers/STM32N6xx_HAL_Driver/Src/stm32n6xx_hal_xspi.c:2974:19:HAL_XSPI_GetDelayValue	24	static
C:/FD/stm32ai-modelzoo-services/application_code/face_detection/STM32N6/STM32Cube_FW_N6/Drivers/STM32N6xx_HAL_Driver/Src/stm32n6xx_hal_xspi.c:3026:19:HAL_XSPI_SetDelayValue	16	static
