C:/FD/stm32ai-modelzoo-services/application_code/face_detection/STM32N6/Application/STM32N6570-DK/Src/app_camerapipeline.c:115:6:CameraPipeline_Init	88	static
C:/FD/stm32ai-modelzoo-services/application_code/face_detection/STM32N6/Application/STM32N6570-DK/Src/app_camerapipeline.c:131:6:CameraPipeline_DeInit	8	static
C:/FD/stm32ai-modelzoo-services/application_code/face_detection/STM32N6/Application/STM32N6570-DK/Src/app_camerapipeline.c:138:6:CameraPipeline_DisplayPipe_Start	8	static
C:/FD/stm32ai-modelzoo-services/application_code/face_detection/STM32N6/Application/STM32N6570-DK/Src/app_camerapipeline.c:145:6:CameraPipeline_NNPipe_Start	8	static
C:/FD/stm32ai-modelzoo-services/application_code/face_detection/STM32N6/Application/STM32N6570-DK/Src/app_camerapipeline.c:153:6:CameraPipeline_DisplayPipe_Stop	8	static
C:/FD/stm32ai-modelzoo-services/application_code/face_detection/STM32N6/Application/STM32N6570-DK/Src/app_camerapipeline.c:160:6:CameraPipeline_IspUpdate	8	static
C:/FD/stm32ai-modelzoo-services/application_code/face_detection/STM32N6/Application/STM32N6570-DK/Src/app_camerapipeline.c:172:5:CMW_CAMERA_PIPE_FrameEventCallback	0	static
C:/FD/stm32ai-modelzoo-services/application_code/face_detection/STM32N6/Application/STM32N6570-DK/Src/app_camerapipeline.c:183:6:CMW_CAMERA_PIPE_ErrorCallback	0	static
