../../../../STM32Cube_FW_N6/Drivers/STM32N6xx_HAL_Driver/Inc/stm32n6xx_ll_bus.h:679:22:LL_MEM_EnableClock	1
../../../../STM32Cube_FW_N6/Drivers/STM32N6xx_HAL_Driver/Inc/stm32n6xx_ll_bus.h:785:22:LL_MEM_EnableClockLowPower	1
../../../../STM32Cube_FW_N6/Drivers/STM32N6xx_HAL_Driver/Inc/stm32n6xx_ll_bus.h:2065:22:LL_AHB5_GRP1_EnableClockLowPower	1
C:/FD/stm32ai-modelzoo-services/application_code/face_detection/STM32N6/Application/STM32N6570-DK/Src/main.c:431:12:clamp_point	6
C:/FD/stm32ai-modelzoo-services/application_code/face_detection/STM32N6/Application/STM32N6570-DK/Src/main.c:701:13:SystemClock_Config	4
C:/FD/stm32ai-modelzoo-services/application_code/face_detection/STM32N6/Application/STM32N6570-DK/Src/main.c:526:13:Metric_Update	8
C:/FD/stm32ai-modelzoo-services/application_code/face_detection/STM32N6/Application/STM32N6570-DK/Src/main.c:423:6:IAC_IRQHandler	1
C:/FD/stm32ai-modelzoo-services/application_code/face_detection/STM32N6/Application/STM32N6570-DK/Src/main.c:480:6:Display_Face	3
C:/FD/stm32ai-modelzoo-services/application_code/face_detection/STM32N6/Application/STM32N6570-DK/Src/main.c:156:5:main	15
C:/FD/stm32ai-modelzoo-services/application_code/face_detection/STM32N6/Application/STM32N6570-DK/Src/main.c:674:19:MX_DCMIPP_ClockConfig	2
C:/FD/stm32ai-modelzoo-services/application_code/face_detection/STM32N6/Application/STM32N6570-DK/Src/main.c:835:5:_write	2
C:/FD/stm32ai-modelzoo-services/application_code/face_detection/STM32N6/Application/STM32N6570-DK/Src/main.c:849:6:npu_cache_enable_clocks_and_reset	1
C:/FD/stm32ai-modelzoo-services/application_code/face_detection/STM32N6/Application/STM32N6570-DK/Src/main.c:857:6:npu_cache_disable_clocks_and_reset	1
C:/FD/stm32ai-modelzoo-services/application_code/face_detection/STM32N6/Application/STM32N6570-DK/Src/main.c:873:6:assert_failed	1
