C:/FD/stm32ai-modelzoo-services/application_code/face_detection/STM32N6/STM32Cube_FW_N6/Drivers/STM32N6xx_HAL_Driver/Src/stm32n6xx_hal_uart.c:3671:13:UART_EndTxTransfer	0	static,ignoring_inline_asm
C:/FD/stm32ai-modelzoo-services/application_code/face_detection/STM32N6/STM32Cube_FW_N6/Drivers/STM32N6xx_HAL_Driver/Src/stm32n6xx_hal_uart.c:3688:13:UART_EndRxTransfer	8	static,ignoring_inline_asm
C:/FD/stm32ai-modelzoo-services/application_code/face_detection/STM32N6/STM32Cube_FW_N6/Drivers/STM32N6xx_HAL_Driver/Src/stm32n6xx_hal_uart.c:4103:13:UART_TxISR_8BIT.part.0	0	static,ignoring_inline_asm
C:/FD/stm32ai-modelzoo-services/application_code/face_detection/STM32N6/STM32Cube_FW_N6/Drivers/STM32N6xx_HAL_Driver/Src/stm32n6xx_hal_uart.c:4103:13:UART_TxISR_8BIT	0	static
C:/FD/stm32ai-modelzoo-services/application_code/face_detection/STM32N6/STM32Cube_FW_N6/Drivers/STM32N6xx_HAL_Driver/Src/stm32n6xx_hal_uart.c:4132:13:UART_TxISR_16BIT	0	static
C:/FD/stm32ai-modelzoo-services/application_code/face_detection/STM32N6/STM32Cube_FW_N6/Drivers/STM32N6xx_HAL_Driver/Src/stm32n6xx_hal_uart.c:4164:13:UART_TxISR_8BIT_FIFOEN	8	static,ignoring_inline_asm
C:/FD/stm32ai-modelzoo-services/application_code/face_detection/STM32N6/STM32Cube_FW_N6/Drivers/STM32N6xx_HAL_Driver/Src/stm32n6xx_hal_uart.c:4204:13:UART_TxISR_16BIT_FIFOEN	8	static,ignoring_inline_asm
C:/FD/stm32ai-modelzoo-services/application_code/face_detection/STM32N6/STM32Cube_FW_N6/Drivers/STM32N6xx_HAL_Driver/Src/stm32n6xx_hal_uart.c:681:13:HAL_UART_MspInit	0	static
C:/FD/stm32ai-modelzoo-services/application_code/face_detection/STM32N6/STM32Cube_FW_N6/Drivers/STM32N6xx_HAL_Driver/Src/stm32n6xx_hal_uart.c:696:13:HAL_UART_MspDeInit	0	static
C:/FD/stm32ai-modelzoo-services/application_code/face_detection/STM32N6/STM32Cube_FW_N6/Drivers/STM32N6xx_HAL_Driver/Src/stm32n6xx_hal_uart.c:634:19:HAL_UART_DeInit	16	static
C:/FD/stm32ai-modelzoo-services/application_code/face_detection/STM32N6/STM32Cube_FW_N6/Drivers/STM32N6xx_HAL_Driver/Src/stm32n6xx_hal_uart.c:1313:19:HAL_UART_Transmit_IT	0	static,ignoring_inline_asm
C:/FD/stm32ai-modelzoo-services/application_code/face_detection/STM32N6/STM32Cube_FW_N6/Drivers/STM32N6xx_HAL_Driver/Src/stm32n6xx_hal_uart.c:1423:19:HAL_UART_Transmit_DMA	16	static,ignoring_inline_asm
C:/FD/stm32ai-modelzoo-services/application_code/face_detection/STM32N6/STM32Cube_FW_N6/Drivers/STM32N6xx_HAL_Driver/Src/stm32n6xx_hal_uart.c:1568:19:HAL_UART_DMAPause	16	static,ignoring_inline_asm
C:/FD/stm32ai-modelzoo-services/application_code/face_detection/STM32N6/STM32Cube_FW_N6/Drivers/STM32N6xx_HAL_Driver/Src/stm32n6xx_hal_uart.c:1630:19:HAL_UART_DMAResume	8	static,ignoring_inline_asm
C:/FD/stm32ai-modelzoo-services/application_code/face_detection/STM32N6/STM32Cube_FW_N6/Drivers/STM32N6xx_HAL_Driver/Src/stm32n6xx_hal_uart.c:1679:19:HAL_UART_DMAStop	16	static,ignoring_inline_asm
C:/FD/stm32ai-modelzoo-services/application_code/face_detection/STM32N6/STM32Cube_FW_N6/Drivers/STM32N6xx_HAL_Driver/Src/stm32n6xx_hal_uart.c:1755:19:HAL_UART_Abort	8	static,ignoring_inline_asm
C:/FD/stm32ai-modelzoo-services/application_code/face_detection/STM32N6/STM32Cube_FW_N6/Drivers/STM32N6xx_HAL_Driver/Src/stm32n6xx_hal_uart.c:1856:19:HAL_UART_AbortTransmit	8	static,ignoring_inline_asm
C:/FD/stm32ai-modelzoo-services/application_code/face_detection/STM32N6/STM32Cube_FW_N6/Drivers/STM32N6xx_HAL_Driver/Src/stm32n6xx_hal_uart.c:1914:19:HAL_UART_AbortReceive	8	static,ignoring_inline_asm
C:/FD/stm32ai-modelzoo-services/application_code/face_detection/STM32N6/STM32Cube_FW_N6/Drivers/STM32N6xx_HAL_Driver/Src/stm32n6xx_hal_uart.c:2667:13:HAL_UART_TxCpltCallback	0	static
C:/FD/stm32ai-modelzoo-services/application_code/face_detection/STM32N6/STM32Cube_FW_N6/Drivers/STM32N6xx_HAL_Driver/Src/stm32n6xx_hal_uart.c:3715:13:UART_DMATransmitCplt	8	static,ignoring_inline_asm
C:/FD/stm32ai-modelzoo-services/application_code/face_detection/STM32N6/STM32Cube_FW_N6/Drivers/STM32N6xx_HAL_Driver/Src/stm32n6xx_hal_uart.c:2682:13:HAL_UART_TxHalfCpltCallback	0	static
C:/FD/stm32ai-modelzoo-services/application_code/face_detection/STM32N6/STM32Cube_FW_N6/Drivers/STM32N6xx_HAL_Driver/Src/stm32n6xx_hal_uart.c:3747:13:UART_DMATxHalfCplt	8	static
C:/FD/stm32ai-modelzoo-services/application_code/face_detection/STM32N6/STM32Cube_FW_N6/Drivers/STM32N6xx_HAL_Driver/Src/stm32n6xx_hal_uart.c:2697:13:HAL_UART_RxCpltCallback	0	static
C:/FD/stm32ai-modelzoo-services/application_code/face_detection/STM32N6/STM32Cube_FW_N6/Drivers/STM32N6xx_HAL_Driver/Src/stm32n6xx_hal_uart.c:2712:13:HAL_UART_RxHalfCpltCallback	0	static
C:/FD/stm32ai-modelzoo-services/application_code/face_detection/STM32N6/STM32Cube_FW_N6/Drivers/STM32N6xx_HAL_Driver/Src/stm32n6xx_hal_uart.c:2727:13:HAL_UART_ErrorCallback	0	static
C:/FD/stm32ai-modelzoo-services/application_code/face_detection/STM32N6/STM32Cube_FW_N6/Drivers/STM32N6xx_HAL_Driver/Src/stm32n6xx_hal_uart.c:3882:13:UART_DMAError	16	static
C:/FD/stm32ai-modelzoo-services/application_code/face_detection/STM32N6/STM32Cube_FW_N6/Drivers/STM32N6xx_HAL_Driver/Src/stm32n6xx_hal_uart.c:3920:13:UART_DMAAbortOnError	8	static
C:/FD/stm32ai-modelzoo-services/application_code/face_detection/STM32N6/STM32Cube_FW_N6/Drivers/STM32N6xx_HAL_Driver/Src/stm32n6xx_hal_uart.c:2742:13:HAL_UART_AbortCpltCallback	0	static
C:/FD/stm32ai-modelzoo-services/application_code/face_detection/STM32N6/STM32Cube_FW_N6/Drivers/STM32N6xx_HAL_Driver/Src/stm32n6xx_hal_uart.c:1981:19:HAL_UART_Abort_IT	16	static,ignoring_inline_asm
C:/FD/stm32ai-modelzoo-services/application_code/face_detection/STM32N6/STM32Cube_FW_N6/Drivers/STM32N6xx_HAL_Driver/Src/stm32n6xx_hal_uart.c:3992:13:UART_DMARxAbortCallback	8	static
C:/FD/stm32ai-modelzoo-services/application_code/face_detection/STM32N6/STM32Cube_FW_N6/Drivers/STM32N6xx_HAL_Driver/Src/stm32n6xx_hal_uart.c:3941:13:UART_DMATxAbortCallback	8	static
C:/FD/stm32ai-modelzoo-services/application_code/face_detection/STM32N6/STM32Cube_FW_N6/Drivers/STM32N6xx_HAL_Driver/Src/stm32n6xx_hal_uart.c:2757:13:HAL_UART_AbortTransmitCpltCallback	0	static
C:/FD/stm32ai-modelzoo-services/application_code/face_detection/STM32N6/STM32Cube_FW_N6/Drivers/STM32N6xx_HAL_Driver/Src/stm32n6xx_hal_uart.c:2132:19:HAL_UART_AbortTransmit_IT	8	static,ignoring_inline_asm
C:/FD/stm32ai-modelzoo-services/application_code/face_detection/STM32N6/STM32Cube_FW_N6/Drivers/STM32N6xx_HAL_Driver/Src/stm32n6xx_hal_uart.c:4040:13:UART_DMATxOnlyAbortCallback	8	static
C:/FD/stm32ai-modelzoo-services/application_code/face_detection/STM32N6/STM32Cube_FW_N6/Drivers/STM32N6xx_HAL_Driver/Src/stm32n6xx_hal_uart.c:2772:13:HAL_UART_AbortReceiveCpltCallback	0	static
C:/FD/stm32ai-modelzoo-services/application_code/face_detection/STM32N6/STM32Cube_FW_N6/Drivers/STM32N6xx_HAL_Driver/Src/stm32n6xx_hal_uart.c:2220:19:HAL_UART_AbortReceive_IT	8	static,ignoring_inline_asm
C:/FD/stm32ai-modelzoo-services/application_code/face_detection/STM32N6/STM32Cube_FW_N6/Drivers/STM32N6xx_HAL_Driver/Src/stm32n6xx_hal_uart.c:4071:13:UART_DMARxOnlyAbortCallback	8	static
C:/FD/stm32ai-modelzoo-services/application_code/face_detection/STM32N6/STM32Cube_FW_N6/Drivers/STM32N6xx_HAL_Driver/Src/stm32n6xx_hal_uart.c:2789:13:HAL_UARTEx_RxEventCallback	0	static
C:/FD/stm32ai-modelzoo-services/application_code/face_detection/STM32N6/STM32Cube_FW_N6/Drivers/STM32N6xx_HAL_Driver/Src/stm32n6xx_hal_uart.c:2309:6:HAL_UART_IRQHandler	24	static,ignoring_inline_asm
C:/FD/stm32ai-modelzoo-services/application_code/face_detection/STM32N6/STM32Cube_FW_N6/Drivers/STM32N6xx_HAL_Driver/Src/stm32n6xx_hal_uart.c:4270:13:UART_RxISR_8BIT	8	static,ignoring_inline_asm
C:/FD/stm32ai-modelzoo-services/application_code/face_detection/STM32N6/STM32Cube_FW_N6/Drivers/STM32N6xx_HAL_Driver/Src/stm32n6xx_hal_uart.c:4361:13:UART_RxISR_16BIT	8	static,ignoring_inline_asm
C:/FD/stm32ai-modelzoo-services/application_code/face_detection/STM32N6/STM32Cube_FW_N6/Drivers/STM32N6xx_HAL_Driver/Src/stm32n6xx_hal_uart.c:4454:13:UART_RxISR_8BIT_FIFOEN	32	static,ignoring_inline_asm
C:/FD/stm32ai-modelzoo-services/application_code/face_detection/STM32N6/STM32Cube_FW_N6/Drivers/STM32N6xx_HAL_Driver/Src/stm32n6xx_hal_uart.c:4617:13:UART_RxISR_16BIT_FIFOEN	32	static,ignoring_inline_asm
C:/FD/stm32ai-modelzoo-services/application_code/face_detection/STM32N6/STM32Cube_FW_N6/Drivers/STM32N6xx_HAL_Driver/Src/stm32n6xx_hal_uart.c:3834:13:UART_DMARxHalfCplt	8	static
C:/FD/stm32ai-modelzoo-services/application_code/face_detection/STM32N6/STM32Cube_FW_N6/Drivers/STM32N6xx_HAL_Driver/Src/stm32n6xx_hal_uart.c:3765:13:UART_DMAReceiveCplt	8	static,ignoring_inline_asm
C:/FD/stm32ai-modelzoo-services/application_code/face_detection/STM32N6/STM32Cube_FW_N6/Drivers/STM32N6xx_HAL_Driver/Src/stm32n6xx_hal_uart.c:2837:6:HAL_UART_ReceiverTimeout_Config	16	static
C:/FD/stm32ai-modelzoo-services/application_code/face_detection/STM32N6/STM32Cube_FW_N6/Drivers/STM32N6xx_HAL_Driver/Src/stm32n6xx_hal_uart.c:2852:19:HAL_UART_EnableReceiverTimeout	0	static
C:/FD/stm32ai-modelzoo-services/application_code/face_detection/STM32N6/STM32Cube_FW_N6/Drivers/STM32N6xx_HAL_Driver/Src/stm32n6xx_hal_uart.c:2890:19:HAL_UART_DisableReceiverTimeout	0	static
C:/FD/stm32ai-modelzoo-services/application_code/face_detection/STM32N6/STM32Cube_FW_N6/Drivers/STM32N6xx_HAL_Driver/Src/stm32n6xx_hal_uart.c:2968:6:HAL_MultiProcessor_EnterMuteMode	0	static
C:/FD/stm32ai-modelzoo-services/application_code/face_detection/STM32N6/STM32Cube_FW_N6/Drivers/STM32N6xx_HAL_Driver/Src/stm32n6xx_hal_uart.c:2978:19:HAL_HalfDuplex_EnableTransmitter	8	static,ignoring_inline_asm
C:/FD/stm32ai-modelzoo-services/application_code/face_detection/STM32N6/STM32Cube_FW_N6/Drivers/STM32N6xx_HAL_Driver/Src/stm32n6xx_hal_uart.c:3001:19:HAL_HalfDuplex_EnableReceiver	8	static,ignoring_inline_asm
C:/FD/stm32ai-modelzoo-services/application_code/face_detection/STM32N6/STM32Cube_FW_N6/Drivers/STM32N6xx_HAL_Driver/Src/stm32n6xx_hal_uart.c:3025:19:HAL_LIN_SendBreak	8	static
C:/FD/stm32ai-modelzoo-services/application_code/face_detection/STM32N6/STM32Cube_FW_N6/Drivers/STM32N6xx_HAL_Driver/Src/stm32n6xx_hal_uart.c:3070:23:HAL_UART_GetState	0	static
C:/FD/stm32ai-modelzoo-services/application_code/face_detection/STM32N6/STM32Cube_FW_N6/Drivers/STM32N6xx_HAL_Driver/Src/stm32n6xx_hal_uart.c:3086:10:HAL_UART_GetError	0	static
C:/FD/stm32ai-modelzoo-services/application_code/face_detection/STM32N6/STM32Cube_FW_N6/Drivers/STM32N6xx_HAL_Driver/Src/stm32n6xx_hal_uart.c:3132:19:UART_SetConfig	24	static
C:/FD/stm32ai-modelzoo-services/application_code/face_detection/STM32N6/STM32Cube_FW_N6/Drivers/STM32N6xx_HAL_Driver/Src/stm32n6xx_hal_uart.c:3289:6:UART_AdvFeatureConfig	8	static
C:/FD/stm32ai-modelzoo-services/application_code/face_detection/STM32N6/STM32Cube_FW_N6/Drivers/STM32N6xx_HAL_Driver/Src/stm32n6xx_hal_uart.c:3434:19:UART_WaitOnFlagUntilTimeout	32	static
C:/FD/stm32ai-modelzoo-services/application_code/face_detection/STM32N6/STM32Cube_FW_N6/Drivers/STM32N6xx_HAL_Driver/Src/stm32n6xx_hal_uart.c:1123:19:HAL_UART_Transmit	40	static
C:/FD/stm32ai-modelzoo-services/application_code/face_detection/STM32N6/STM32Cube_FW_N6/Drivers/STM32N6xx_HAL_Driver/Src/stm32n6xx_hal_uart.c:1221:19:HAL_UART_Receive	40	static
C:/FD/stm32ai-modelzoo-services/application_code/face_detection/STM32N6/STM32Cube_FW_N6/Drivers/STM32N6xx_HAL_Driver/Src/stm32n6xx_hal_uart.c:3365:19:UART_CheckIdleState	24	static,ignoring_inline_asm
C:/FD/stm32ai-modelzoo-services/application_code/face_detection/STM32N6/STM32Cube_FW_N6/Drivers/STM32N6xx_HAL_Driver/Src/stm32n6xx_hal_uart.c:309:19:HAL_UART_Init	8	static
C:/FD/stm32ai-modelzoo-services/application_code/face_detection/STM32N6/STM32Cube_FW_N6/Drivers/STM32N6xx_HAL_Driver/Src/stm32n6xx_hal_uart.c:384:19:HAL_HalfDuplex_Init	8	static
C:/FD/stm32ai-modelzoo-services/application_code/face_detection/STM32N6/STM32Cube_FW_N6/Drivers/STM32N6xx_HAL_Driver/Src/stm32n6xx_hal_uart.c:459:19:HAL_LIN_Init	16	static
C:/FD/stm32ai-modelzoo-services/application_code/face_detection/STM32N6/STM32Cube_FW_N6/Drivers/STM32N6xx_HAL_Driver/Src/stm32n6xx_hal_uart.c:558:19:HAL_MultiProcessor_Init	16	static
C:/FD/stm32ai-modelzoo-services/application_code/face_detection/STM32N6/STM32Cube_FW_N6/Drivers/STM32N6xx_HAL_Driver/Src/stm32n6xx_hal_uart.c:2928:19:HAL_MultiProcessor_EnableMuteMode	0	static,ignoring_inline_asm
C:/FD/stm32ai-modelzoo-services/application_code/face_detection/STM32N6/STM32Cube_FW_N6/Drivers/STM32N6xx_HAL_Driver/Src/stm32n6xx_hal_uart.c:2948:19:HAL_MultiProcessor_DisableMuteMode	0	static,ignoring_inline_asm
C:/FD/stm32ai-modelzoo-services/application_code/face_detection/STM32N6/STM32Cube_FW_N6/Drivers/STM32N6xx_HAL_Driver/Src/stm32n6xx_hal_uart.c:3502:19:UART_Start_Receive_IT	12	static,ignoring_inline_asm
C:/FD/stm32ai-modelzoo-services/application_code/face_detection/STM32N6/STM32Cube_FW_N6/Drivers/STM32N6xx_HAL_Driver/Src/stm32n6xx_hal_uart.c:1381:19:HAL_UART_Receive_IT	16	static,ignoring_inline_asm
C:/FD/stm32ai-modelzoo-services/application_code/face_detection/STM32N6/STM32Cube_FW_N6/Drivers/STM32N6xx_HAL_Driver/Src/stm32n6xx_hal_uart.c:3575:19:UART_Start_Receive_DMA	16	static,ignoring_inline_asm
C:/FD/stm32ai-modelzoo-services/application_code/face_detection/STM32N6/STM32Cube_FW_N6/Drivers/STM32N6xx_HAL_Driver/Src/stm32n6xx_hal_uart.c:1532:19:HAL_UART_Receive_DMA	8	static,ignoring_inline_asm
