C:/FD/stm32ai-modelzoo-services/application_code/face_detection/STM32N6/Middlewares/stm32-mw-camera/cmw_camera.c:1048:26:CB_ISP_GetSensorGain	0	static
C:/FD/stm32ai-modelzoo-services/application_code/face_detection/STM32N6/Middlewares/stm32-mw-camera/cmw_camera.c:1064:26:CB_ISP_GetSensorExposure	0	static
C:/FD/stm32ai-modelzoo-services/application_code/face_detection/STM32N6/Middlewares/stm32-mw-camera/cmw_camera.c:1072:26:CB_ISP_GetSensorInfo	8	static
C:/FD/stm32ai-modelzoo-services/application_code/face_detection/STM32N6/Middlewares/stm32-mw-camera/cmw_camera.c:1034:13:CMW_CAMERA_EnablePin	0	static
C:/FD/stm32ai-modelzoo-services/application_code/face_detection/STM32N6/Middlewares/stm32-mw-camera/cmw_camera.c:1029:13:CMW_CAMERA_ShutdownPin	0	static
C:/FD/stm32ai-modelzoo-services/application_code/face_detection/STM32N6/Middlewares/stm32-mw-camera/cmw_camera.c:247:12:CMW_CAMERA_Probe_Sensor.constprop	136	static
C:/FD/stm32ai-modelzoo-services/application_code/face_detection/STM32N6/Middlewares/stm32-mw-camera/cmw_camera.c:979:13:CMW_CAMERA_EnableGPIOs	48	static
C:/FD/stm32ai-modelzoo-services/application_code/face_detection/STM32N6/Middlewares/stm32-mw-camera/cmw_camera.c:141:23:CMW_CAMERA_GetDCMIPPHandle	0	static
C:/FD/stm32ai-modelzoo-services/application_code/face_detection/STM32N6/Middlewares/stm32-mw-camera/cmw_camera.c:146:9:CMW_CAMERA_SetPipeConfig	136	static
C:/FD/stm32ai-modelzoo-services/application_code/face_detection/STM32N6/Middlewares/stm32-mw-camera/cmw_camera.c:206:9:CMW_CAMERA_SetWBRefMode	8	static
C:/FD/stm32ai-modelzoo-services/application_code/face_detection/STM32N6/Middlewares/stm32-mw-camera/cmw_camera.c:226:9:CMW_CAMERA_ListWBRefModes	8	static
C:/FD/stm32ai-modelzoo-services/application_code/face_detection/STM32N6/Middlewares/stm32-mw-camera/cmw_camera.c:408:9:CMW_CAMERA_SetMirrorFlip	8	static
C:/FD/stm32ai-modelzoo-services/application_code/face_detection/STM32N6/Middlewares/stm32-mw-camera/cmw_camera.c:434:9:CMW_CAMERA_GetMirrorFlip	0	static
C:/FD/stm32ai-modelzoo-services/application_code/face_detection/STM32N6/Middlewares/stm32-mw-camera/cmw_camera.c:447:9:CMW_CAMERA_Start	16	static
C:/FD/stm32ai-modelzoo-services/application_code/face_detection/STM32N6/Middlewares/stm32-mw-camera/cmw_camera.c:485:9:CMW_CAMERA_DoubleBufferStart	16	static
C:/FD/stm32ai-modelzoo-services/application_code/face_detection/STM32N6/Middlewares/stm32-mw-camera/cmw_camera.c:524:26:MX_DCMIPP_ClockConfig	0	static
C:/FD/stm32ai-modelzoo-services/application_code/face_detection/STM32N6/Middlewares/stm32-mw-camera/cmw_camera.c:156:9:CMW_CAMERA_GetSensorName	32	static
C:/FD/stm32ai-modelzoo-services/application_code/face_detection/STM32N6/Middlewares/stm32-mw-camera/cmw_camera.c:535:9:CMW_CAMERA_DeInit	48	static
C:/FD/stm32ai-modelzoo-services/application_code/face_detection/STM32N6/Middlewares/stm32-mw-camera/cmw_camera.c:592:9:CMW_CAMERA_Suspend	8	static
C:/FD/stm32ai-modelzoo-services/application_code/face_detection/STM32N6/Middlewares/stm32-mw-camera/cmw_camera.c:617:9:CMW_CAMERA_Resume	8	static
C:/FD/stm32ai-modelzoo-services/application_code/face_detection/STM32N6/Middlewares/stm32-mw-camera/cmw_camera.c:644:9:CMW_CAMERA_EnableRestartState	8	static
C:/FD/stm32ai-modelzoo-services/application_code/face_detection/STM32N6/Middlewares/stm32-mw-camera/cmw_camera.c:659:9:CMW_CAMERA_DisableRestartState	8	static
C:/FD/stm32ai-modelzoo-services/application_code/face_detection/STM32N6/Middlewares/stm32-mw-camera/cmw_camera.c:675:5:CMW_CAMERA_SetGain	8	static
C:/FD/stm32ai-modelzoo-services/application_code/face_detection/STM32N6/Middlewares/stm32-mw-camera/cmw_camera.c:1040:26:CB_ISP_SetSensorGain	8	static
C:/FD/stm32ai-modelzoo-services/application_code/face_detection/STM32N6/Middlewares/stm32-mw-camera/cmw_camera.c:698:5:CMW_CAMERA_GetGain	0	static
C:/FD/stm32ai-modelzoo-services/application_code/face_detection/STM32N6/Middlewares/stm32-mw-camera/cmw_camera.c:709:5:CMW_CAMERA_SetExposure	8	static
C:/FD/stm32ai-modelzoo-services/application_code/face_detection/STM32N6/Middlewares/stm32-mw-camera/cmw_camera.c:1056:26:CB_ISP_SetSensorExposure	8	static
C:/FD/stm32ai-modelzoo-services/application_code/face_detection/STM32N6/Middlewares/stm32-mw-camera/cmw_camera.c:733:5:CMW_CAMERA_GetExposure	0	static
C:/FD/stm32ai-modelzoo-services/application_code/face_detection/STM32N6/Middlewares/stm32-mw-camera/cmw_camera.c:744:9:CMW_CAMERA_SetExposureMode	8	static
C:/FD/stm32ai-modelzoo-services/application_code/face_detection/STM32N6/Middlewares/stm32-mw-camera/cmw_camera.c:768:9:CMW_CAMERA_GetExposureMode	0	static
C:/FD/stm32ai-modelzoo-services/application_code/face_detection/STM32N6/Middlewares/stm32-mw-camera/cmw_camera.c:779:9:CMW_CAMERA_SetTestPattern	8	static
C:/FD/stm32ai-modelzoo-services/application_code/face_detection/STM32N6/Middlewares/stm32-mw-camera/cmw_camera.c:803:9:CMW_CAMERA_GetTestPattern	0	static
C:/FD/stm32ai-modelzoo-services/application_code/face_detection/STM32N6/Middlewares/stm32-mw-camera/cmw_camera.c:816:9:CMW_CAMERA_GetSensorInfo	8	static
C:/FD/stm32ai-modelzoo-services/application_code/face_detection/STM32N6/Middlewares/stm32-mw-camera/cmw_camera.c:328:9:CMW_CAMERA_Init	104	static
C:/FD/stm32ai-modelzoo-services/application_code/face_detection/STM32N6/Middlewares/stm32-mw-camera/cmw_camera.c:837:9:CMW_CAMERA_Run	0	static
C:/FD/stm32ai-modelzoo-services/application_code/face_detection/STM32N6/Middlewares/stm32-mw-camera/cmw_camera.c:851:12:CMW_CAMERA_PIPE_VsyncEventCallback	0	static
C:/FD/stm32ai-modelzoo-services/application_code/face_detection/STM32N6/Middlewares/stm32-mw-camera/cmw_camera.c:863:12:CMW_CAMERA_PIPE_FrameEventCallback	0	static
C:/FD/stm32ai-modelzoo-services/application_code/face_detection/STM32N6/Middlewares/stm32-mw-camera/cmw_camera.c:875:13:CMW_CAMERA_PIPE_ErrorCallback	8	static
C:/FD/stm32ai-modelzoo-services/application_code/face_detection/STM32N6/Middlewares/stm32-mw-camera/cmw_camera.c:886:6:HAL_DCMIPP_PIPE_VsyncEventCallback	8	static
C:/FD/stm32ai-modelzoo-services/application_code/face_detection/STM32N6/Middlewares/stm32-mw-camera/cmw_camera.c:902:6:HAL_DCMIPP_PIPE_FrameEventCallback	8	static
C:/FD/stm32ai-modelzoo-services/application_code/face_detection/STM32N6/Middlewares/stm32-mw-camera/cmw_camera.c:917:6:HAL_DCMIPP_MspInit	32	static
C:/FD/stm32ai-modelzoo-services/application_code/face_detection/STM32N6/Middlewares/stm32-mw-camera/cmw_camera.c:952:6:HAL_DCMIPP_MspDeInit	16	static
C:/FD/stm32ai-modelzoo-services/application_code/face_detection/STM32N6/Middlewares/stm32-mw-camera/cmw_camera.c:2165:9:CMW_CAMERA_SetDefaultSensorValues	8	static
C:/FD/stm32ai-modelzoo-services/application_code/face_detection/STM32N6/Middlewares/stm32-mw-camera/cmw_camera.c:2222:6:HAL_DCMIPP_PIPE_ErrorCallback	8	static
