C:/FD/stm32ai-modelzoo-services/application_code/face_detection/STM32N6/Middlewares/stm32-mw-camera/ISP_Library/isp/Src/isp_algo.c:155:19:ISP_Algo_BadPixel_Init	0	static
C:/FD/stm32ai-modelzoo-services/application_code/face_detection/STM32N6/Middlewares/stm32-mw-camera/ISP_Library/isp/Src/isp_algo.c:171:19:ISP_Algo_BadPixel_DeInit	0	static
C:/FD/stm32ai-modelzoo-services/application_code/face_detection/STM32N6/Middlewares/stm32-mw-camera/ISP_Library/isp/Src/isp_algo.c:332:19:ISP_Algo_AEC_StatCb	0	static
C:/FD/stm32ai-modelzoo-services/application_code/face_detection/STM32N6/Middlewares/stm32-mw-camera/ISP_Library/isp/Src/isp_algo.c:635:19:ISP_Algo_AWB_StatCb	0	static
C:/FD/stm32ai-modelzoo-services/application_code/face_detection/STM32N6/Middlewares/stm32-mw-camera/ISP_Library/isp/Src/isp_algo.c:186:19:ISP_Algo_BadPixel_Process	32	static
C:/FD/stm32ai-modelzoo-services/application_code/face_detection/STM32N6/Middlewares/stm32-mw-camera/ISP_Library/isp/Src/isp_algo.c:263:19:ISP_Algo_AEC_Init	32	static
C:/FD/stm32ai-modelzoo-services/application_code/face_detection/STM32N6/Middlewares/stm32-mw-camera/ISP_Library/isp/Src/isp_algo.c:348:19:ISP_Algo_AEC_Process	56	static
C:/FD/stm32ai-modelzoo-services/application_code/face_detection/STM32N6/Middlewares/stm32-mw-camera/ISP_Library/isp/Src/isp_algo.c:1108:19:ISP_Algo_Background_Process	32	static
C:/FD/stm32ai-modelzoo-services/application_code/face_detection/STM32N6/Middlewares/stm32-mw-camera/ISP_Library/isp/Src/isp_algo.c:593:19:ISP_Algo_AWB_Init	16	static
C:/FD/stm32ai-modelzoo-services/application_code/face_detection/STM32N6/Middlewares/stm32-mw-camera/ISP_Library/isp/Src/isp_algo.c:654:19:ISP_Algo_AWB_Process	112	static
C:/FD/stm32ai-modelzoo-services/application_code/face_detection/STM32N6/Middlewares/stm32-mw-camera/ISP_Library/isp/Src/isp_algo.c:1092:19:ISP_Algo_Background_DeInit	0	static
C:/FD/stm32ai-modelzoo-services/application_code/face_detection/STM32N6/Middlewares/stm32-mw-camera/ISP_Library/isp/Src/isp_algo.c:318:19:ISP_Algo_AEC_DeInit	0	static
C:/FD/stm32ai-modelzoo-services/application_code/face_detection/STM32N6/Middlewares/stm32-mw-camera/ISP_Library/isp/Src/isp_algo.c:621:19:ISP_Algo_AWB_DeInit	0	static
C:/FD/stm32ai-modelzoo-services/application_code/face_detection/STM32N6/Middlewares/stm32-mw-camera/ISP_Library/isp/Src/isp_algo.c:1076:19:ISP_Algo_Background_Init	0	static
C:/FD/stm32ai-modelzoo-services/application_code/face_detection/STM32N6/Middlewares/stm32-mw-camera/ISP_Library/isp/Src/isp_algo.c:1061:19:ISP_Algo_Background_StatCb	0	static
C:/FD/stm32ai-modelzoo-services/application_code/face_detection/STM32N6/Middlewares/stm32-mw-camera/ISP_Library/isp/Src/isp_algo.c:526:8:ISP_Algo_ApplyGammaInverse	16	static
C:/FD/stm32ai-modelzoo-services/application_code/face_detection/STM32N6/Middlewares/stm32-mw-camera/ISP_Library/isp/Src/isp_algo.c:553:6:ISP_Algo_ApplyCConv	80	static
C:/FD/stm32ai-modelzoo-services/application_code/face_detection/STM32N6/Middlewares/stm32-mw-camera/ISP_Library/isp/Src/isp_algo.c:1179:19:ISP_Algo_Init	16	static
C:/FD/stm32ai-modelzoo-services/application_code/face_detection/STM32N6/Middlewares/stm32-mw-camera/ISP_Library/isp/Src/isp_algo.c:1215:19:ISP_Algo_DeInit	16	static
C:/FD/stm32ai-modelzoo-services/application_code/face_detection/STM32N6/Middlewares/stm32-mw-camera/ISP_Library/isp/Src/isp_algo.c:1243:19:ISP_Algo_Process	16	static
