C:/FD/stm32ai-modelzoo-services/application_code/face_detection/STM32N6/Middlewares/stm32-mw-camera/ISP_Library/isp/Src/isp_core.c:55:19:ISP_Init	32	static
C:/FD/stm32ai-modelzoo-services/application_code/face_detection/STM32N6/Middlewares/stm32-mw-camera/ISP_Library/isp/Src/isp_core.c:171:19:ISP_DeInit	16	static
C:/FD/stm32ai-modelzoo-services/application_code/face_detection/STM32N6/Middlewares/stm32-mw-camera/ISP_Library/isp/Src/isp_core.c:199:19:ISP_Start	24	static
C:/FD/stm32ai-modelzoo-services/application_code/face_detection/STM32N6/Middlewares/stm32-mw-camera/ISP_Library/isp/Src/isp_core.c:379:19:ISP_BackgroundProcess	16	static
C:/FD/stm32ai-modelzoo-services/application_code/face_detection/STM32N6/Middlewares/stm32-mw-camera/ISP_Library/isp/Src/isp_core.c:391:19:ISP_GetStatus	0	static
C:/FD/stm32ai-modelzoo-services/application_code/face_detection/STM32N6/Middlewares/stm32-mw-camera/ISP_Library/isp/Src/isp_core.c:404:19:ISP_SetExposureTarget	16	static
C:/FD/stm32ai-modelzoo-services/application_code/face_detection/STM32N6/Middlewares/stm32-mw-camera/ISP_Library/isp/Src/isp_core.c:423:19:ISP_GetExposureTarget	16	static
C:/FD/stm32ai-modelzoo-services/application_code/face_detection/STM32N6/Middlewares/stm32-mw-camera/ISP_Library/isp/Src/isp_core.c:441:19:ISP_SetAECState	8	static
C:/FD/stm32ai-modelzoo-services/application_code/face_detection/STM32N6/Middlewares/stm32-mw-camera/ISP_Library/isp/Src/isp_core.c:458:19:ISP_GetAECState	8	static
C:/FD/stm32ai-modelzoo-services/application_code/face_detection/STM32N6/Middlewares/stm32-mw-camera/ISP_Library/isp/Src/isp_core.c:475:19:ISP_ListWBRefModes	8	static
C:/FD/stm32ai-modelzoo-services/application_code/face_detection/STM32N6/Middlewares/stm32-mw-camera/ISP_Library/isp/Src/isp_core.c:495:19:ISP_SetWBRefMode	72	static
C:/FD/stm32ai-modelzoo-services/application_code/face_detection/STM32N6/Middlewares/stm32-mw-camera/ISP_Library/isp/Src/isp_core.c:568:19:ISP_GetWBRefMode	16	static
C:/FD/stm32ai-modelzoo-services/application_code/face_detection/STM32N6/Middlewares/stm32-mw-camera/ISP_Library/isp/Src/isp_core.c:589:19:ISP_GetDecimationFactor	0	static
C:/FD/stm32ai-modelzoo-services/application_code/face_detection/STM32N6/Middlewares/stm32-mw-camera/ISP_Library/isp/Src/isp_core.c:601:19:ISP_SetStatArea	0	static
C:/FD/stm32ai-modelzoo-services/application_code/face_detection/STM32N6/Middlewares/stm32-mw-camera/ISP_Library/isp/Src/isp_core.c:613:19:ISP_GetStatArea	0	static
C:/FD/stm32ai-modelzoo-services/application_code/face_detection/STM32N6/Middlewares/stm32-mw-camera/ISP_Library/isp/Src/isp_core.c:627:19:ISP_EnableRestartState	0	static
C:/FD/stm32ai-modelzoo-services/application_code/face_detection/STM32N6/Middlewares/stm32-mw-camera/ISP_Library/isp/Src/isp_core.c:638:19:ISP_DisableRestartState	0	static
C:/FD/stm32ai-modelzoo-services/application_code/face_detection/STM32N6/Middlewares/stm32-mw-camera/ISP_Library/isp/Src/isp_core.c:649:6:ISP_GatherStatistics	0	static
C:/FD/stm32ai-modelzoo-services/application_code/face_detection/STM32N6/Middlewares/stm32-mw-camera/ISP_Library/isp/Src/isp_core.c:660:6:ISP_IncMainFrameId	0	static
C:/FD/stm32ai-modelzoo-services/application_code/face_detection/STM32N6/Middlewares/stm32-mw-camera/ISP_Library/isp/Src/isp_core.c:671:10:ISP_GetMainFrameId	0	static
C:/FD/stm32ai-modelzoo-services/application_code/face_detection/STM32N6/Middlewares/stm32-mw-camera/ISP_Library/isp/Src/isp_core.c:682:6:ISP_IncAncillaryFrameId	0	static
C:/FD/stm32ai-modelzoo-services/application_code/face_detection/STM32N6/Middlewares/stm32-mw-camera/ISP_Library/isp/Src/isp_core.c:693:10:ISP_GetAncillaryFrameId	0	static
C:/FD/stm32ai-modelzoo-services/application_code/face_detection/STM32N6/Middlewares/stm32-mw-camera/ISP_Library/isp/Src/isp_core.c:704:6:ISP_IncDumpFrameId	0	static
C:/FD/stm32ai-modelzoo-services/application_code/face_detection/STM32N6/Middlewares/stm32-mw-camera/ISP_Library/isp/Src/isp_core.c:715:10:ISP_GetDumpFrameId	0	static
C:/FD/stm32ai-modelzoo-services/application_code/face_detection/STM32N6/Middlewares/stm32-mw-camera/ISP_Library/isp/Src/isp_core.c:726:6:ISP_OutputMeta	24	static
C:/FD/stm32ai-modelzoo-services/application_code/face_detection/STM32N6/Middlewares/stm32-mw-camera/ISP_Library/isp/Src/isp_core.c:742:19:ISP_GetLuxEstimation	8	static
