C:/FD/stm32ai-modelzoo-services/application_code/face_detection/STM32N6/Middlewares/stm32-mw-camera/ISP_Library/isp/Src/isp_services.c:198:16:GetAvgStats	8	static
C:/FD/stm32ai-modelzoo-services/application_code/face_detection/STM32N6/Middlewares/stm32-mw-camera/ISP_Library/isp/Src/isp_services.c:238:13:SetStatConfig	20	static
C:/FD/stm32ai-modelzoo-services/application_code/face_detection/STM32N6/Middlewares/stm32-mw-camera/ISP_Library/isp/Src/isp_services.c:230:13:ReadStatHistogram	16	static
C:/FD/stm32ai-modelzoo-services/application_code/face_detection/STM32N6/Middlewares/stm32-mw-camera/ISP_Library/isp/Src/isp_services.c:447:9:LuminanceFromRGB	8	static
C:/FD/stm32ai-modelzoo-services/application_code/face_detection/STM32N6/Middlewares/stm32-mw-camera/ISP_Library/isp/Src/isp_services.c:453:9:LuminanceFromRGBMono	0	static
C:/FD/stm32ai-modelzoo-services/application_code/face_detection/STM32N6/Middlewares/stm32-mw-camera/ISP_Library/isp/Src/isp_services.c:469:19:ISP_SVC_ISP_SetDemosaicing	40	static
C:/FD/stm32ai-modelzoo-services/application_code/face_detection/STM32N6/Middlewares/stm32-mw-camera/ISP_Library/isp/Src/isp_services.c:537:19:ISP_SVC_ISP_SetStatRemoval	8	static
C:/FD/stm32ai-modelzoo-services/application_code/face_detection/STM32N6/Middlewares/stm32-mw-camera/ISP_Library/isp/Src/isp_services.c:576:19:ISP_SVC_ISP_SetDecimation	24	static
C:/FD/stm32ai-modelzoo-services/application_code/face_detection/STM32N6/Middlewares/stm32-mw-camera/ISP_Library/isp/Src/isp_services.c:636:19:ISP_SVC_ISP_GetDecimation	0	static
C:/FD/stm32ai-modelzoo-services/application_code/face_detection/STM32N6/Middlewares/stm32-mw-camera/ISP_Library/isp/Src/isp_services.c:651:19:ISP_SVC_ISP_SetContrast	48	static
C:/FD/stm32ai-modelzoo-services/application_code/face_detection/STM32N6/Middlewares/stm32-mw-camera/ISP_Library/isp/Src/isp_services.c:705:19:ISP_SVC_ISP_SetStatArea	40	static
C:/FD/stm32ai-modelzoo-services/application_code/face_detection/STM32N6/Middlewares/stm32-mw-camera/ISP_Library/isp/Src/isp_services.c:758:19:ISP_SVC_ISP_GetStatArea	32	static
C:/FD/stm32ai-modelzoo-services/application_code/face_detection/STM32N6/Middlewares/stm32-mw-camera/ISP_Library/isp/Src/isp_services.c:797:19:ISP_SVC_ISP_SetBadPixel	8	static
C:/FD/stm32ai-modelzoo-services/application_code/face_detection/STM32N6/Middlewares/stm32-mw-camera/ISP_Library/isp/Src/isp_services.c:837:19:ISP_SVC_ISP_GetBadPixel	16	static
C:/FD/stm32ai-modelzoo-services/application_code/face_detection/STM32N6/Middlewares/stm32-mw-camera/ISP_Library/isp/Src/isp_services.c:867:19:ISP_SVC_ISP_SetBlackLevel	16	static
C:/FD/stm32ai-modelzoo-services/application_code/face_detection/STM32N6/Middlewares/stm32-mw-camera/ISP_Library/isp/Src/isp_services.c:910:19:ISP_SVC_ISP_GetBlackLevel	24	static
C:/FD/stm32ai-modelzoo-services/application_code/face_detection/STM32N6/Middlewares/stm32-mw-camera/ISP_Library/isp/Src/isp_services.c:938:19:ISP_SVC_ISP_SetGain	56	static
C:/FD/stm32ai-modelzoo-services/application_code/face_detection/STM32N6/Middlewares/stm32-mw-camera/ISP_Library/isp/Src/isp_services.c:981:19:ISP_SVC_ISP_GetGain	32	static
C:/FD/stm32ai-modelzoo-services/application_code/face_detection/STM32N6/Middlewares/stm32-mw-camera/ISP_Library/isp/Src/isp_services.c:1008:19:ISP_SVC_ISP_SetColorConv	48	static
C:/FD/stm32ai-modelzoo-services/application_code/face_detection/STM32N6/Middlewares/stm32-mw-camera/ISP_Library/isp/Src/isp_services.c:1071:19:ISP_SVC_ISP_GetColorConv	48	static
C:/FD/stm32ai-modelzoo-services/application_code/face_detection/STM32N6/Middlewares/stm32-mw-camera/ISP_Library/isp/Src/isp_services.c:1105:19:ISP_SVC_Sensor_GetInfo	8	static
C:/FD/stm32ai-modelzoo-services/application_code/face_detection/STM32N6/Middlewares/stm32-mw-camera/ISP_Library/isp/Src/isp_services.c:1131:19:ISP_SVC_Sensor_SetGain	8	static
C:/FD/stm32ai-modelzoo-services/application_code/face_detection/STM32N6/Middlewares/stm32-mw-camera/ISP_Library/isp/Src/isp_services.c:1159:19:ISP_SVC_Sensor_GetGain	8	static
C:/FD/stm32ai-modelzoo-services/application_code/face_detection/STM32N6/Middlewares/stm32-mw-camera/ISP_Library/isp/Src/isp_services.c:1185:19:ISP_SVC_Sensor_SetExposure	8	static
C:/FD/stm32ai-modelzoo-services/application_code/face_detection/STM32N6/Middlewares/stm32-mw-camera/ISP_Library/isp/Src/isp_services.c:1213:19:ISP_SVC_Sensor_GetExposure	8	static
C:/FD/stm32ai-modelzoo-services/application_code/face_detection/STM32N6/Middlewares/stm32-mw-camera/ISP_Library/isp/Src/isp_services.c:1239:19:ISP_SVC_Sensor_SetTestPattern	8	static
C:/FD/stm32ai-modelzoo-services/application_code/face_detection/STM32N6/Middlewares/stm32-mw-camera/ISP_Library/isp/Src/isp_services.c:1268:19:ISP_SVC_Misc_GetDCMIPPVersion	0	static
C:/FD/stm32ai-modelzoo-services/application_code/face_detection/STM32N6/Middlewares/stm32-mw-camera/ISP_Library/isp/Src/isp_services.c:1289:19:ISP_SVC_Misc_IsDCMIPPReady	8	static
C:/FD/stm32ai-modelzoo-services/application_code/face_detection/STM32N6/Middlewares/stm32-mw-camera/ISP_Library/isp/Src/isp_services.c:1311:19:ISP_SVC_Misc_GetFirmwareConfig	16	static
C:/FD/stm32ai-modelzoo-services/application_code/face_detection/STM32N6/Middlewares/stm32-mw-camera/ISP_Library/isp/Src/isp_services.c:1360:6:ISP_SVC_Misc_IncMainFrameId	0	static
C:/FD/stm32ai-modelzoo-services/application_code/face_detection/STM32N6/Middlewares/stm32-mw-camera/ISP_Library/isp/Src/isp_services.c:1371:10:ISP_SVC_Misc_GetMainFrameId	0	static
C:/FD/stm32ai-modelzoo-services/application_code/face_detection/STM32N6/Middlewares/stm32-mw-camera/ISP_Library/isp/Src/isp_services.c:1382:6:ISP_SVC_Misc_IncAncillaryFrameId	0	static
C:/FD/stm32ai-modelzoo-services/application_code/face_detection/STM32N6/Middlewares/stm32-mw-camera/ISP_Library/isp/Src/isp_services.c:1393:10:ISP_SVC_Misc_GetAncillaryFrameId	0	static
C:/FD/stm32ai-modelzoo-services/application_code/face_detection/STM32N6/Middlewares/stm32-mw-camera/ISP_Library/isp/Src/isp_services.c:1404:6:ISP_SVC_Misc_IncDumpFrameId	0	static
C:/FD/stm32ai-modelzoo-services/application_code/face_detection/STM32N6/Middlewares/stm32-mw-camera/ISP_Library/isp/Src/isp_services.c:1415:10:ISP_SVC_Misc_GetDumpFrameId	0	static
C:/FD/stm32ai-modelzoo-services/application_code/face_detection/STM32N6/Middlewares/stm32-mw-camera/ISP_Library/isp/Src/isp_services.c:1427:19:ISP_SVC_Misc_SetWBRefMode	0	static
C:/FD/stm32ai-modelzoo-services/application_code/face_detection/STM32N6/Middlewares/stm32-mw-camera/ISP_Library/isp/Src/isp_services.c:1443:19:ISP_SVC_Misc_GetWBRefMode	0	static
C:/FD/stm32ai-modelzoo-services/application_code/face_detection/STM32N6/Middlewares/stm32-mw-camera/ISP_Library/isp/Src/isp_services.c:1458:6:ISP_SVC_Misc_SensorDelayMeasureStart	0	static
C:/FD/stm32ai-modelzoo-services/application_code/face_detection/STM32N6/Middlewares/stm32-mw-camera/ISP_Library/isp/Src/isp_services.c:1469:6:ISP_SVC_Misc_SensorDelayMeasureStop	0	static
C:/FD/stm32ai-modelzoo-services/application_code/face_detection/STM32N6/Middlewares/stm32-mw-camera/ISP_Library/isp/Src/isp_services.c:1480:6:ISP_SVC_Misc_SensorDelayMeasureIsRunning	0	static
C:/FD/stm32ai-modelzoo-services/application_code/face_detection/STM32N6/Middlewares/stm32-mw-camera/ISP_Library/isp/Src/isp_services.c:1492:19:ISP_SVC_Misc_SendSensorDelayMeasure	0	static
C:/FD/stm32ai-modelzoo-services/application_code/face_detection/STM32N6/Middlewares/stm32-mw-camera/ISP_Library/isp/Src/isp_services.c:1509:19:ISP_SVC_Misc_StopPreview	0	static
C:/FD/stm32ai-modelzoo-services/application_code/face_detection/STM32N6/Middlewares/stm32-mw-camera/ISP_Library/isp/Src/isp_services.c:1531:19:ISP_SVC_Misc_StartPreview	0	static
C:/FD/stm32ai-modelzoo-services/application_code/face_detection/STM32N6/Middlewares/stm32-mw-camera/ISP_Library/isp/Src/isp_services.c:1554:6:ISP_SVC_Misc_IsGammaEnabled	8	static
C:/FD/stm32ai-modelzoo-services/application_code/face_detection/STM32N6/Middlewares/stm32-mw-camera/ISP_Library/isp/Src/isp_services.c:1586:19:ISP_SVC_ISP_SetGamma	8	static
C:/FD/stm32ai-modelzoo-services/application_code/face_detection/STM32N6/Middlewares/stm32-mw-camera/ISP_Library/isp/Src/isp_services.c:1628:19:ISP_SVC_Dump_GetFrame	24	static
C:/FD/stm32ai-modelzoo-services/application_code/face_detection/STM32N6/Middlewares/stm32-mw-camera/ISP_Library/isp/Src/isp_services.c:1667:19:ISP_SVC_IQParam_Init	8	static
C:/FD/stm32ai-modelzoo-services/application_code/face_detection/STM32N6/Middlewares/stm32-mw-camera/ISP_Library/isp/Src/isp_services.c:1681:21:ISP_SVC_IQParam_Get	0	static
C:/FD/stm32ai-modelzoo-services/application_code/face_detection/STM32N6/Middlewares/stm32-mw-camera/ISP_Library/isp/Src/isp_services.c:1694:26:ISP_SVC_GetRestartState	0	static
C:/FD/stm32ai-modelzoo-services/application_code/face_detection/STM32N6/Middlewares/stm32-mw-camera/ISP_Library/isp/Src/isp_services.c:1708:19:ISP_SVC_SetRestartState	0	static
C:/FD/stm32ai-modelzoo-services/application_code/face_detection/STM32N6/Middlewares/stm32-mw-camera/ISP_Library/isp/Src/isp_services.c:1722:6:ISP_SVC_Stats_Init	0	static
C:/FD/stm32ai-modelzoo-services/application_code/face_detection/STM32N6/Middlewares/stm32-mw-camera/ISP_Library/isp/Src/isp_services.c:1734:6:ISP_SVC_Stats_Gather	88	static
C:/FD/stm32ai-modelzoo-services/application_code/face_detection/STM32N6/Middlewares/stm32-mw-camera/ISP_Library/isp/Src/isp_services.c:1983:19:ISP_SVC_Stats_ProcessCallbacks	32	static
C:/FD/stm32ai-modelzoo-services/application_code/face_detection/STM32N6/Middlewares/stm32-mw-camera/ISP_Library/isp/Src/isp_services.c:2029:19:ISP_SVC_Stats_GetLatest	8	static
C:/FD/stm32ai-modelzoo-services/application_code/face_detection/STM32N6/Middlewares/stm32-mw-camera/ISP_Library/isp/Src/isp_services.c:2055:19:ISP_SVC_Stats_GetNext	28	static
C:/FD/stm32ai-modelzoo-services/application_code/face_detection/STM32N6/Middlewares/stm32-mw-camera/ISP_Library/isp/Src/isp_services.c:2115:19:ISP_SVC_Stats_EvaluateUp	72	static
C:/FD/stm32ai-modelzoo-services/application_code/face_detection/STM32N6/Middlewares/stm32-mw-camera/ISP_Library/isp/Src/isp_services.c:2154:9:ISP_SVC_Misc_GetEstimatedLux	192	static
